Archive member included to satisfy reference by file (symbol)

app/libapp.a(main.c.obj)      (--whole-archive)
app/libapp.a(ble_dfu_helper.c.obj)
                              (--whole-archive)
app/libapp.a(app_uart.c.obj)  (--whole-archive)
app/libapp.a(app_cmd.c.obj)   (--whole-archive)
app/libapp.a(app_flash.c.obj)
                              (--whole-archive)
app/libapp.a(app_flash_cmd.c.obj)
                              (--whole-archive)
zephyr/libzephyr.a(cbprintf.c.obj)
                              (--whole-archive)
zephyr/libzephyr.a(cbprintf_packaged.c.obj)
                              (--whole-archive)
zephyr/libzephyr.a(crc32c_sw.c.obj)
                              (--whole-archive)
zephyr/libzephyr.a(crc32_sw.c.obj)
                              (--whole-archive)
zephyr/libzephyr.a(crc16_sw.c.obj)
                              (--whole-archive)
zephyr/libzephyr.a(crc8_sw.c.obj)
                              (--whole-archive)
zephyr/libzephyr.a(crc7_sw.c.obj)
                              (--whole-archive)
zephyr/libzephyr.a(dec.c.obj)
                              (--whole-archive)
zephyr/libzephyr.a(fdtable.c.obj)
                              (--whole-archive)
zephyr/libzephyr.a(hex.c.obj)
                              (--whole-archive)
zephyr/libzephyr.a(notify.c.obj)
                              (--whole-archive)
zephyr/libzephyr.a(printk.c.obj)
                              (--whole-archive)
zephyr/libzephyr.a(onoff.c.obj)
                              (--whole-archive)
zephyr/libzephyr.a(rb.c.obj)  (--whole-archive)
zephyr/libzephyr.a(sem.c.obj)
                              (--whole-archive)
zephyr/libzephyr.a(thread_entry.c.obj)
                              (--whole-archive)
zephyr/libzephyr.a(timeutil.c.obj)
                              (--whole-archive)
zephyr/libzephyr.a(heap.c.obj)
                              (--whole-archive)
zephyr/libzephyr.a(heap-validate.c.obj)
                              (--whole-archive)
zephyr/libzephyr.a(bitarray.c.obj)
                              (--whole-archive)
zephyr/libzephyr.a(multi_heap.c.obj)
                              (--whole-archive)
zephyr/libzephyr.a(cbprintf_complete.c.obj)
                              (--whole-archive)
zephyr/libzephyr.a(assert.c.obj)
                              (--whole-archive)
zephyr/libzephyr.a(mpsc_pbuf.c.obj)
                              (--whole-archive)
zephyr/libzephyr.a(reboot.c.obj)
                              (--whole-archive)
zephyr/libzephyr.a(configs.c.obj)
                              (--whole-archive)
zephyr/libzephyr.a(soc_nrf_common.S.obj)
                              (--whole-archive)
zephyr/libzephyr.a(validate_base_addresses.c.obj)
                              (--whole-archive)
zephyr/libzephyr.a(validate_enabled_instances.c.obj)
                              (--whole-archive)
zephyr/libzephyr.a(log_list.c.obj)
                              (--whole-archive)
zephyr/libzephyr.a(log_core.c.obj)
                              (--whole-archive)
zephyr/libzephyr.a(log_mgmt.c.obj)
                              (--whole-archive)
zephyr/libzephyr.a(log_msg.c.obj)
                              (--whole-archive)
zephyr/libzephyr.a(log_output.c.obj)
                              (--whole-archive)
zephyr/libzephyr.a(log_backend_rtt.c.obj)
                              (--whole-archive)
zephyr/libzephyr.a(flash_img.c.obj)
                              (--whole-archive)
zephyr/libzephyr.a(flash_map.c.obj)
                              (--whole-archive)
zephyr/libzephyr.a(flash_map_layout.c.obj)
                              (--whole-archive)
zephyr/libzephyr.a(stream_flash.c.obj)
                              (--whole-archive)
zephyr/libzephyr.a(pm.c.obj)  (--whole-archive)
zephyr/libzephyr.a(constraint.c.obj)
                              (--whole-archive)
zephyr/libzephyr.a(residency.c.obj)
                              (--whole-archive)
zephyr/libzephyr.a(tracing_none.c.obj)
                              (--whole-archive)
zephyr/libzephyr.a(flash_map_partition_manager.c.obj)
                              (--whole-archive)
zephyr/libzephyr.a(nrf_cc3xx_platform_abort_zephyr.c.obj)
                              (--whole-archive)
zephyr/libzephyr.a(nrf_cc3xx_platform_mutex_zephyr.c.obj)
                              (--whole-archive)
zephyr/arch/common/libarch__common.a(sw_isr_common.c.obj)
                              (--whole-archive)
zephyr/arch/arch/arm/core/aarch32/libarch__arm__core__aarch32.a(cpu_idle.S.obj)
                              (--whole-archive)
zephyr/arch/arch/arm/core/aarch32/libarch__arm__core__aarch32.a(fatal.c.obj)
                              (--whole-archive)
zephyr/arch/arch/arm/core/aarch32/libarch__arm__core__aarch32.a(irq_manage.c.obj)
                              (--whole-archive)
zephyr/arch/arch/arm/core/aarch32/libarch__arm__core__aarch32.a(nmi.c.obj)
                              (--whole-archive)
[...]
Memory Configuration

Name             Origin             Length             Attributes
FLASH            0x0000c200         0x00079e00         xr
SRAM             0x20000000         0x00040000         xw
IDT_LIST         0xfffff7ff         0x00000800         xw
*default*        0x00000000         0xffffffff

Linker script and memory map

LOAD zephyr/CMakeFiles/zephyr_pre0.dir/misc/empty_file.c.obj
                0x00000020                _region_min_align = 0x20

.rel.plt        0x0000c200        0x0
 *(SORT_BY_ALIGNMENT(.rel.plt))
                [!provide]                PROVIDE (__rel_iplt_start = .)
 *(SORT_BY_ALIGNMENT(.rel.iplt))
 .rel.iplt      0x0000c200        0x0 app/libapp.a(main.c.obj)
                [!provide]                PROVIDE (__rel_iplt_end = .)

.rela.plt       0x00000000        0x0
 *(SORT_BY_ALIGNMENT(.rela.plt))
                [!provide]                PROVIDE (__rela_iplt_start = .)
 *(SORT_BY_ALIGNMENT(.rela.iplt))
                [!provide]                PROVIDE (__rela_iplt_end = .)

.rel.dyn
 *(SORT_BY_ALIGNMENT(.rel.*))

.rela.dyn
 *(SORT_BY_ALIGNMENT(.rela.*))

/DISCARD/
 *(SORT_BY_ALIGNMENT(.plt))
 *(SORT_BY_ALIGNMENT(.iplt))
 *(SORT_BY_ALIGNMENT(.got.plt))
 *(SORT_BY_ALIGNMENT(.igot.plt))
 *(SORT_BY_ALIGNMENT(.got))
 *(SORT_BY_ALIGNMENT(.igot))
 *(SORT_BY_ALIGNMENT(.note.GNU-stack))
                0x0000c200                __rom_region_start = 0xc200

rom_start       0x0000c200      0x100
                0x00000000                . = 0x0
                0x00000000                . = ALIGN (0x4)
                0x00000000                . = ALIGN (0x80)
                0x00000000                . = ALIGN (0x100)
                0x0000c200                _vector_start = .
 *(SORT_BY_ALIGNMENT(.exc_vector_table))
 *(SORT_BY_ALIGNMENT(.exc_vector_table.*))
 .exc_vector_table._vector_table_section
                0x0000c200       0x40 zephyr/arch/arch/arm/core/aarch32/cortex_m/libarch__arm__core__aarch32__cortex_m.a(vector_table.S.obj)
                0x0000c200                _vector_table
 *(SORT_BY_ALIGNMENT(.gnu.linkonce.irq_vector_table*))
 .gnu.linkonce.irq_vector_table
                0x0000c240       0xc0 zephyr/arch/common/libisr_tables.a(isr_tables.c.obj)
                0x0000c240                _irq_vector_table
 *(SORT_BY_ALIGNMENT(.vectors))
                0x0000c300                _vector_end = .

text            0x0000c300    0x103a0
                0x0000c300                __text_region_start = .
 *(SORT_BY_ALIGNMENT(.text))
 .text          0x0000c300       0xa0 c:/ncs/v1.9.1/toolchain/opt/arm-none-eabi/lib/thumb/v7e-m/nofp\libc_nano.a(lib_a-memchr.o)
                0x0000c300                memchr
 .text          0x0000c3a0      0x378 c:/ncs/v1.9.1/toolchain/opt/bin/../lib/gcc/arm-none-eabi/9.2.1/thumb/v7e-m/nofp\libgcc.a(_arm_addsubdf3.o)
                0x0000c3a0                __aeabi_drsub
                0x0000c3a8                __aeabi_dsub
                0x0000c3a8                __subdf3
                0x0000c3ac                __aeabi_dadd
                0x0000c3ac                __adddf3
                0x0000c624                __floatunsidf
                0x0000c624                __aeabi_ui2d
                0x0000c644                __floatsidf
                0x0000c644                __aeabi_i2d
                0x0000c668                __aeabi_f2d
                0x0000c668                __extendsfdf2
                0x0000c6ac                __floatundidf
                0x0000c6ac                __aeabi_ul2d
                0x0000c6bc                __floatdidf
                0x0000c6bc                __aeabi_l2d
 .text          0x0000c718      0x424 c:/ncs/v1.9.1/toolchain/opt/bin/../lib/gcc/arm-none-eabi/9.2.1/thumb/v7e-m/nofp\libgcc.a(_arm_muldivdf3.o)
                0x0000c718                __aeabi_dmul
                0x0000c718                __muldf3
                0x0000c96c                __divdf3
                0x0000c96c                __aeabi_ddiv
 .text          0x0000cb3c       0x30 c:/ncs/v1.9.1/toolchain/opt/bin/../lib/gcc/arm-none-eabi/9.2.1/thumb/v7e-m/nofp\libgcc.a(_aeabi_uldivmod.o)
                0x0000cb3c                __aeabi_uldivmod
 .text          0x0000cb6c      0x2c0 c:/ncs/v1.9.1/toolchain/opt/bin/../lib/gcc/arm-none-eabi/9.2.1/thumb/v7e-m/nofp\libgcc.a(_udivmoddi4.o)
                0x0000cb6c                __udivmoddi4
 .text          0x0000ce2c        0x4 c:/ncs/v1.9.1/toolchain/opt/bin/../lib/gcc/arm-none-eabi/9.2.1/thumb/v7e-m/nofp\libgcc.a(_dvmd_tls.o)
                0x0000ce2c                __aeabi_idiv0
                0x0000ce2c                __aeabi_ldiv0
 .text          0x0000ce30      0x110 c:/ncs/v1.9.1/toolchain/opt/bin/../lib/gcc/arm-none-eabi/9.2.1/thumb/v7e-m/nofp\libgcc.a(_arm_cmpdf2.o)
                0x0000ce30                __gtdf2
                0x0000ce30                __gedf2
                0x0000ce38                __ltdf2
                0x0000ce38                __ledf2
                0x0000ce40                __nedf2
                0x0000ce40                __eqdf2
                0x0000ce40                __cmpdf2
                0x0000cebc                __aeabi_cdrcmple
                0x0000cecc                __aeabi_cdcmpeq
                0x0000cecc                __aeabi_cdcmple
                0x0000cedc                __aeabi_dcmpeq
                0x0000cef0                __aeabi_dcmplt
                0x0000cf04                __aeabi_dcmple
                0x0000cf18                __aeabi_dcmpge
                0x0000cf2c                __aeabi_dcmpgt
 .text          0x0000cf40       0x2c c:/ncs/v1.9.1/toolchain/opt/bin/../lib/gcc/arm-none-eabi/9.2.1/thumb/v7e-m/nofp\libgcc.a(_arm_unorddf2.o)
                0x0000cf40                __unorddf2
                0x0000cf40                __aeabi_dcmpun
 .text          0x0000cf6c       0x50 c:/ncs/v1.9.1/toolchain/opt/bin/../lib/gcc/arm-none-eabi/9.2.1/thumb/v7e-m/nofp\libgcc.a(_arm_fixdfsi.o)
                0x0000cf6c                __aeabi_d2iz
                0x0000cf6c                __fixdfsi
 .text          0x0000cfbc       0x14 c:/ncs/v1.9.1/toolchain/opt/arm-none-eabi/lib/thumb/v7e-m/nofp\libc_nano.a(lib_a-strcmp.o)
                0x0000cfbc                strcmp
 .text          0x0000cfd0       0x10 c:/ncs/v1.9.1/toolchain/opt/arm-none-eabi/lib/thumb/v7e-m/nofp\libc_nano.a(lib_a-strlen.o)
                0x0000cfd0                strlen
 *(SORT_BY_ALIGNMENT(.text.*))
 .text._dtoa_r  0x0000cfe0      0xba4 c:/ncs/v1.9.1/toolchain/opt/arm-none-eabi/lib/thumb/v7e-m/nofp\libc_nano.a(lib_a-dtoa.o)
                0x0000cfe0                _dtoa_r
 .text.app_cmd_event_handler
                0x0000db84       0xd4 app/libapp.a(main.c.obj)
 .text.main     0x0000dc58       0xd4 app/libapp.a(main.c.obj)
                0x0000dc58                main
 .text.rsp_cb_flash_done
                0x0000dd2c       0x40 app/libapp.a(ble_dfu_helper.c.obj)
 .text.req_dev_fwinfo52
                0x0000dd6c       0x38 app/libapp.a(ble_dfu_helper.c.obj)
                0x0000dd6c                req_dev_fwinfo52
 .text.wk_update_mcuboot_flag_handler
                0x0000dda4       0x50 app/libapp.a(ble_dfu_helper.c.obj)
 .text.rsp_cb_flash_erase
                0x0000ddf4       0x4c app/libapp.a(ble_dfu_helper.c.obj)
 .text.wk_self_info_handler
                0x0000de40       0x68 app/libapp.a(ble_dfu_helper.c.obj)
 .text.dfu_file_ready.part.0
                0x0000dea8       0x40 app/libapp.a(ble_dfu_helper.c.obj)
 .text.wk_self_update_handler
                0x0000dee8       0x6c app/libapp.a(ble_dfu_helper.c.obj)
 .text.cmd_request_flash_done
                0x0000df54       0x24 app/libapp.a(ble_dfu_helper.c.obj)
                0x0000df54                cmd_request_flash_done
 .text.rsp_cb_flash_write
                0x0000df78       0x20 app/libapp.a(ble_dfu_helper.c.obj)
 .text.send_deviceinfo
                0x0000df98       0x60 app/libapp.a(ble_dfu_helper.c.obj)
                0x0000df98                send_deviceinfo
 .text.rsp_dev_fwinfo91
                0x0000dff8       0x70 app/libapp.a(ble_dfu_helper.c.obj)
                0x0000dff8                rsp_dev_fwinfo91
 .text.dfu_file_ready
                0x0000e068       0x68 app/libapp.a(ble_dfu_helper.c.obj)
                0x0000e068                dfu_file_ready
 .text.module_init
                0x0000e0d0       0x88 app/libapp.a(ble_dfu_helper.c.obj)
                0x0000e0d0                module_init
 .text.uart_callback
                0x0000e158      0x188 app/libapp.a(app_uart.c.obj)
 .text.app_uart_send
                0x0000e2e0       0x6c app/libapp.a(app_uart.c.obj)
                0x0000e2e0                app_uart_send
 .text.app_uart_init
                0x0000e34c      0x128 app/libapp.a(app_uart.c.obj)
                0x0000e34c                app_uart_init
 .text.wk_uart_reinit_handler
                0x0000e474       0x50 app/libapp.a(app_uart.c.obj)
                0x0000e474                wk_uart_reinit_handler
 .text.app_uart_rx_reset
                0x0000e4c4        0xc app/libapp.a(app_uart.c.obj)
                0x0000e4c4                app_uart_rx_reset
 .text.app_uart_rx_cb_set
                0x0000e4d0        0xc app/libapp.a(app_uart.c.obj)
                0x0000e4d0                app_uart_rx_cb_set
 .text.app_uart_tx_cb_set
                0x0000e4dc        0xc app/libapp.a(app_uart.c.obj)
                0x0000e4dc                app_uart_tx_cb_set
 .text.rsp_cb_ping
                0x0000e4e8       0x28 app/libapp.a(app_cmd.c.obj)
 .text.req_cb_raw_data
                0x0000e510       0x60 app/libapp.a(app_cmd.c.obj)
 .text.req_cb_ping
                0x0000e570       0x40 app/libapp.a(app_cmd.c.obj)
 .text.rsp_cb_raw_data
                0x0000e5b0       0x50 app/libapp.a(app_cmd.c.obj)
 .text.state_set.constprop.0
                0x0000e600      0x100 app/libapp.a(app_cmd.c.obj)
 .text.on_cmd_receive_error
                0x0000e700       0x34 app/libapp.a(app_cmd.c.obj)
 .text.on_uart_rx_ready
                0x0000e734      0x204 app/libapp.a(app_cmd.c.obj)
 .text.on_cmd_send_error
                0x0000e938       0x34 app/libapp.a(app_cmd.c.obj)
 .text.on_uart_tx_empty
                0x0000e96c       0x78 app/libapp.a(app_cmd.c.obj)
 .text.cmd_send
                0x0000e9e4       0xb8 app/libapp.a(app_cmd.c.obj)
 .text.app_cmd_respond
                0x0000ea9c       0x80 app/libapp.a(app_cmd.c.obj)
 .text.cmd_cb_cnt
                0x0000eb1c       0x1c app/libapp.a(app_cmd.c.obj)
                0x0000eb1c                cmd_cb_cnt
 .text.cmd_cb_get
                0x0000eb38       0x40 app/libapp.a(app_cmd.c.obj)
 .text.tmr_rsp_timeout_handler
                0x0000eb78       0xa0 app/libapp.a(app_cmd.c.obj)
 .text.wk_proc_rsp_handler
                0x0000ec18       0xa8 app/libapp.a(app_cmd.c.obj)
 .text.wk_proc_req_handler
                0x0000ecc0       0xc0 app/libapp.a(app_cmd.c.obj)
 .text.app_cmd_add
                0x0000ed80       0x94 app/libapp.a(app_cmd.c.obj)
                0x0000ed80                app_cmd_add
 .text.app_cmd_request
                0x0000ee14       0x54 app/libapp.a(app_cmd.c.obj)
                0x0000ee14                app_cmd_request
 .text.app_cmd_event_cb_register
                0x0000ee68        0xc app/libapp.a(app_cmd.c.obj)
                0x0000ee68                app_cmd_event_cb_register
 .text.app_cmd_init
                0x0000ee74      0x104 app/libapp.a(app_cmd.c.obj)
                0x0000ee74                app_cmd_init
 .text.req_cb_flash_start
                0x0000ef78       0x10 app/libapp.a(app_flash_cmd.c.obj)
 .text.req_cb_flash_read
                0x0000ef88       0x74 app/libapp.a(app_flash_cmd.c.obj)
 .text.req_cb_flash_erase
                0x0000effc       0x58 app/libapp.a(app_flash_cmd.c.obj)
 .text.req_cb_flash_crc
                0x0000f054       0x5c app/libapp.a(app_flash_cmd.c.obj)
 .text.req_cb_flash_write
                0x0000f0b0       0x60 app/libapp.a(app_flash_cmd.c.obj)
 .text.req_cb_flash_done
                0x0000f110       0x10 app/libapp.a(app_flash_cmd.c.obj)
 .text.app_flash_cmd_init
                0x0000f120       0x68 app/libapp.a(app_flash_cmd.c.obj)
                0x0000f120                app_flash_cmd_init
 .text.crc32_ieee_update
                0x0000f188       0x3c zephyr/libzephyr.a(crc32_sw.c.obj)
                0x0000f188                crc32_ieee_update
 .text.sys_notify_finalize
                0x0000f1c4       0x40 zephyr/libzephyr.a(notify.c.obj)
                0x0000f1c4                sys_notify_finalize
 .text.__printk_hook_install
                0x0000f204        0xc zephyr/libzephyr.a(printk.c.obj)
                0x0000f204                __printk_hook_install
 .text.process_event
                0x0000f210      0x3f4 zephyr/libzephyr.a(onoff.c.obj)
 .text.transition_complete
                0x0000f604       0x64 zephyr/libzephyr.a(onoff.c.obj)
 .text.onoff_request
                0x0000f668      0x130 zephyr/libzephyr.a(onoff.c.obj)
                0x0000f668                onoff_request
 .text.sys_heap_free
                0x0000f798       0x98 zephyr/libzephyr.a(heap.c.obj)
                0x0000f798                sys_heap_free
 .text.sys_heap_aligned_alloc
                0x0000f830      0x108 zephyr/libzephyr.a(heap.c.obj)
                0x0000f830                sys_heap_aligned_alloc
 .text.sys_heap_init
                0x0000f938      0x128 zephyr/libzephyr.a(heap.c.obj)
                0x0000f938                sys_heap_init
 .text.extract_decimal
                0x0000fa60       0x2c zephyr/libzephyr.a(cbprintf_complete.c.obj)
 .text.encode_uint
                0x0000fa8c       0xa0 zephyr/libzephyr.a(cbprintf_complete.c.obj)
 .text.cbvprintf
                0x0000fb2c      0x730 zephyr/libzephyr.a(cbprintf_complete.c.obj)
                0x0000fb2c                cbvprintf
 .text.sys_reboot
                0x0001025c       0x28 zephyr/libzephyr.a(reboot.c.obj)
                0x0001025c                sys_reboot
 .text.log_generic
                0x00010284       0x5c zephyr/libzephyr.a(log_core.c.obj)
                0x00010284                log_generic
 .text.log_hexdump_sync
                0x000102e0       0x64 zephyr/libzephyr.a(log_core.c.obj)
                0x000102e0                log_hexdump_sync
 .text.log_core_init
                0x00010344       0x28 zephyr/libzephyr.a(log_core.c.obj)
                0x00010344                log_core_init
 .text.log_init
                0x0001036c       0x84 zephyr/libzephyr.a(log_core.c.obj)
                0x0001036c                log_init
 .text.z_impl_log_panic
                0x000103f0       0x40 zephyr/libzephyr.a(log_core.c.obj)
                0x000103f0                z_impl_log_panic
 .text.z_log_notify_backend_enabled
                0x00010430        0xc zephyr/libzephyr.a(log_core.c.obj)
                0x00010430                z_log_notify_backend_enabled
 .text.log_source_name_get
                0x0001043c       0x1c zephyr/libzephyr.a(log_mgmt.c.obj)
                0x0001043c                log_source_name_get
 .text.log_backend_enable
                0x00010458       0x48 zephyr/libzephyr.a(log_mgmt.c.obj)
                0x00010458                log_backend_enable
 .text.print_formatted
                0x000104a0       0x24 zephyr/libzephyr.a(log_output.c.obj)
 .text.prefix_print
                0x000104c4      0x144 zephyr/libzephyr.a(log_output.c.obj)
 .text.postfix_print
                0x00010608       0x3c zephyr/libzephyr.a(log_output.c.obj)
 .text.hexdump_line_print
                0x00010644       0xe4 zephyr/libzephyr.a(log_output.c.obj)
 .text.log_output_string
                0x00010728       0x70 zephyr/libzephyr.a(log_output.c.obj)
                0x00010728                log_output_string
 .text.log_output_hexdump
                0x00010798       0x74 zephyr/libzephyr.a(log_output.c.obj)
                0x00010798                log_output_hexdump
 .text.log_output_timestamp_freq_set
                0x0001080c       0x30 zephyr/libzephyr.a(log_output.c.obj)
                0x0001080c                log_output_timestamp_freq_set
 .text.log_backend_rtt_init
                0x0001083c        0xc zephyr/libzephyr.a(log_backend_rtt.c.obj)
 .text.panic    0x00010848       0x14 zephyr/libzephyr.a(log_backend_rtt.c.obj)
 .text.sync_hexdump
                0x0001085c       0x20 zephyr/libzephyr.a(log_backend_rtt.c.obj)
 .text.sync_string
                0x0001087c       0x1c zephyr/libzephyr.a(log_backend_rtt.c.obj)
 .text.data_out_block_mode
                0x00010898       0x70 zephyr/libzephyr.a(log_backend_rtt.c.obj)
 .text.flash_area_open
                0x00010908       0x3c zephyr/libzephyr.a(flash_map.c.obj)
                0x00010908                flash_area_open
 .text.find_flash_total_size
                0x00010944       0x3c zephyr/libzephyr.a(stream_flash.c.obj)
 .text.stream_flash_erase_page
                0x00010980       0x94 zephyr/libzephyr.a(stream_flash.c.obj)
                0x00010980                stream_flash_erase_page
 .text.flash_sync
                0x00010a14      0x14c zephyr/libzephyr.a(stream_flash.c.obj)
 .text.stream_flash_init
                0x00010b60       0xc4 zephyr/libzephyr.a(stream_flash.c.obj)
                0x00010b60                stream_flash_init
 .text.pm_state_notify
                0x00010c24       0xcc zephyr/libzephyr.a(pm.c.obj)
 .text.atomic_test_and_set_bit.constprop.0
                0x00010cf0       0x38 zephyr/libzephyr.a(pm.c.obj)
 .text.pm_system_resume
                0x00010d28       0x88 zephyr/libzephyr.a(pm.c.obj)
                0x00010d28                pm_system_resume
 .text.pm_system_suspend
                0x00010db0      0x100 zephyr/libzephyr.a(pm.c.obj)
                0x00010db0                pm_system_suspend
 .text.nrf_cc3xx_platform_abort_init
                0x00010eb0        0xc zephyr/libzephyr.a(nrf_cc3xx_platform_abort_zephyr.c.obj)
                0x00010eb0                nrf_cc3xx_platform_abort_init
 .text.mutex_unlock_platform
                0x00010ebc       0x4c zephyr/libzephyr.a(nrf_cc3xx_platform_mutex_zephyr.c.obj)
 .text.mutex_free_platform
                0x00010f08       0x48 zephyr/libzephyr.a(nrf_cc3xx_platform_mutex_zephyr.c.obj)
 .text.mutex_init_platform
                0x00010f50       0x70 zephyr/libzephyr.a(nrf_cc3xx_platform_mutex_zephyr.c.obj)
 .text.mutex_lock_platform
                0x00010fc0       0x58 zephyr/libzephyr.a(nrf_cc3xx_platform_mutex_zephyr.c.obj)
 .text.nrf_cc3xx_platform_mutex_init
                0x00011018       0x2c zephyr/libzephyr.a(nrf_cc3xx_platform_mutex_zephyr.c.obj)
                0x00011018                nrf_cc3xx_platform_mutex_init
 .text.z_arm_cpu_idle_init
                0x00011044        0xc zephyr/arch/arch/arm/core/aarch32/libarch__arm__core__aarch32.a(cpu_idle.S.obj)
                0x00011044                z_arm_cpu_idle_init
 .text.arch_cpu_idle
                0x00011050       0x1c zephyr/arch/arch/arm/core/aarch32/libarch__arm__core__aarch32.a(cpu_idle.S.obj)
                0x00011050                arch_cpu_idle
 .text.arch_cpu_atomic_idle
                0x0001106c       0x14 zephyr/arch/arch/arm/core/aarch32/libarch__arm__core__aarch32.a(cpu_idle.S.obj)
                0x0001106c                arch_cpu_atomic_idle
 .text.z_arm_fatal_error
                0x00011080       0x70 zephyr/arch/arch/arm/core/aarch32/libarch__arm__core__aarch32.a(fatal.c.obj)
                0x00011080                z_arm_fatal_error
 .text.arch_irq_enable
                0x000110f0       0x20 zephyr/arch/arch/arm/core/aarch32/libarch__arm__core__aarch32.a(irq_manage.c.obj)
                0x000110f0                arch_irq_enable
 .text.arch_irq_disable
                0x00011110       0x28 zephyr/arch/arch/arm/core/aarch32/libarch__arm__core__aarch32.a(irq_manage.c.obj)
                0x00011110                arch_irq_disable
 .text.arch_irq_is_enabled
                0x00011138       0x1c zephyr/arch/arch/arm/core/aarch32/libarch__arm__core__aarch32.a(irq_manage.c.obj)
                0x00011138                arch_irq_is_enabled
 .text.z_arm_irq_priority_set
                0x00011154       0x68 zephyr/arch/arch/arm/core/aarch32/libarch__arm__core__aarch32.a(irq_manage.c.obj)
                0x00011154                z_arm_irq_priority_set
 .text.z_SysNmiOnReset
                0x000111bc        0x8 zephyr/arch/arch/arm/core/aarch32/libarch__arm__core__aarch32.a(nmi_on_reset.S.obj)
                0x000111bc                z_SysNmiOnReset
 .text.z_arm_prep_c
                0x000111c4       0x38 zephyr/arch/arch/arm/core/aarch32/libarch__arm__core__aarch32.a(prep_c.c.obj)
                0x000111c4                z_arm_prep_c
 .text.arch_swap
                0x000111fc       0x34 zephyr/arch/arch/arm/core/aarch32/libarch__arm__core__aarch32.a(swap.c.obj)
                0x000111fc                arch_swap
 .text.z_arm_pendsv
                0x00011230       0x54 zephyr/arch/arch/arm/core/aarch32/libarch__arm__core__aarch32.a(swap_helper.S.obj)
                0x00011230                z_arm_pendsv
 .text.z_arm_svc
                0x00011284       0x20 zephyr/arch/arch/arm/core/aarch32/libarch__arm__core__aarch32.a(swap_helper.S.obj)
                0x00011284                z_arm_svc
 .text.arch_new_thread
                0x000112a4       0x38 zephyr/arch/arch/arm/core/aarch32/libarch__arm__core__aarch32.a(thread.c.obj)
                0x000112a4                arch_new_thread
 .text.z_check_thread_stack_fail
                0x000112dc       0x34 zephyr/arch/arch/arm/core/aarch32/libarch__arm__core__aarch32.a(thread.c.obj)
                0x000112dc                z_check_thread_stack_fail
 .text.arch_switch_to_main_thread
                0x00011310       0x2c zephyr/arch/arch/arm/core/aarch32/libarch__arm__core__aarch32.a(thread.c.obj)
                0x00011310                arch_switch_to_main_thread
 .text._isr_wrapper
                0x0001133c       0x40 zephyr/arch/arch/arm/core/aarch32/libarch__arm__core__aarch32.a(isr_wrapper.S.obj)
                0x0001133c                _isr_wrapper
 .text._HandlerModeExit
                0x0001137c       0x1c zephyr/arch/arch/arm/core/aarch32/cortex_m/libarch__arm__core__aarch32__cortex_m.a(exc_exit.S.obj)
                0x0001137c                z_arm_int_exit
                0x0001137c                z_arm_exc_exit
 .text.mem_manage_fault
                0x00011398      0x13c zephyr/arch/arch/arm/core/aarch32/cortex_m/libarch__arm__core__aarch32__cortex_m.a(fault.c.obj)
 .text.bus_fault.isra.0
                0x000114d4       0xd8 zephyr/arch/arch/arm/core/aarch32/cortex_m/libarch__arm__core__aarch32__cortex_m.a(fault.c.obj)
 .text.usage_fault.isra.0
                0x000115ac       0xb8 zephyr/arch/arch/arm/core/aarch32/cortex_m/libarch__arm__core__aarch32__cortex_m.a(fault.c.obj)
 .text.z_arm_fault
                0x00011664      0x25c zephyr/arch/arch/arm/core/aarch32/cortex_m/libarch__arm__core__aarch32__cortex_m.a(fault.c.obj)
                0x00011664                z_arm_fault
 .text.z_arm_fault_init
                0x000118c0       0x10 zephyr/arch/arch/arm/core/aarch32/cortex_m/libarch__arm__core__aarch32__cortex_m.a(fault.c.obj)
                0x000118c0                z_arm_fault_init
 .text.__fault  0x000118d0       0x14 zephyr/arch/arch/arm/core/aarch32/cortex_m/libarch__arm__core__aarch32__cortex_m.a(fault_s.S.obj)
                0x000118d0                z_arm_usage_fault
                0x000118d0                z_arm_mpu_fault
                0x000118d0                z_arm_exc_spurious
                0x000118d0                z_arm_debug_monitor
                0x000118d0                z_arm_hard_fault
                0x000118d0                z_arm_bus_fault
 .text.z_arm_interrupt_init
                0x000118e4       0x18 zephyr/arch/arch/arm/core/aarch32/cortex_m/libarch__arm__core__aarch32__cortex_m.a(irq_init.c.obj)
                0x000118e4                z_arm_interrupt_init
 .text._reset_section
                0x000118fc       0x54 zephyr/arch/arch/arm/core/aarch32/cortex_m/libarch__arm__core__aarch32__cortex_m.a(reset.S.obj)
                0x000118fc                __start
                0x000118fc                z_arm_reset
 .text.z_arm_clear_arm_mpu_config
                0x00011950       0x20 zephyr/arch/arch/arm/core/aarch32/cortex_m/libarch__arm__core__aarch32__cortex_m.a(scb.c.obj)
                0x00011950                z_arm_clear_arm_mpu_config
 .text.z_arm_init_arch_hw_at_boot
                0x00011970       0x64 zephyr/arch/arch/arm/core/aarch32/cortex_m/libarch__arm__core__aarch32__cortex_m.a(scb.c.obj)
                0x00011970                z_arm_init_arch_hw_at_boot
 .text.z_impl_k_thread_abort
                0x000119d4       0x24 zephyr/arch/arch/arm/core/aarch32/cortex_m/libarch__arm__core__aarch32__cortex_m.a(thread_abort.c.obj)
                0x000119d4                z_impl_k_thread_abort
 .text.z_arm_configure_static_mpu_regions
                0x000119f8       0x18 zephyr/arch/arch/arm/core/aarch32/mpu/libarch__arm__core__aarch32__mpu.a(arm_core_mpu.c.obj)
                0x000119f8                z_arm_configure_static_mpu_regions
 .text.z_arm_configure_dynamic_mpu_regions
                0x00011a10       0x20 zephyr/arch/arch/arm/core/aarch32/mpu/libarch__arm__core__aarch32__mpu.a(arm_core_mpu.c.obj)
                0x00011a10                z_arm_configure_dynamic_mpu_regions
 .text.mpu_configure_regions
                0x00011a30       0xb4 zephyr/arch/arch/arm/core/aarch32/mpu/libarch__arm__core__aarch32__mpu.a(arm_mpu.c.obj)
 .text.arm_core_mpu_enable
                0x00011ae4       0x14 zephyr/arch/arch/arm/core/aarch32/mpu/libarch__arm__core__aarch32__mpu.a(arm_mpu.c.obj)
                0x00011ae4                arm_core_mpu_enable
 .text.arm_core_mpu_disable
                0x00011af8       0x10 zephyr/arch/arch/arm/core/aarch32/mpu/libarch__arm__core__aarch32__mpu.a(arm_mpu.c.obj)
                0x00011af8                arm_core_mpu_disable
 .text.arm_core_mpu_configure_static_mpu_regions
                0x00011b08       0x50 zephyr/arch/arch/arm/core/aarch32/mpu/libarch__arm__core__aarch32__mpu.a(arm_mpu.c.obj)
                0x00011b08                arm_core_mpu_configure_static_mpu_regions
 .text.arm_core_mpu_configure_dynamic_mpu_regions
                0x00011b58       0x64 zephyr/arch/arch/arm/core/aarch32/mpu/libarch__arm__core__aarch32__mpu.a(arm_mpu.c.obj)
                0x00011b58                arm_core_mpu_configure_dynamic_mpu_regions
 .text.z_arm_mpu_init
                0x00011bbc       0xbc zephyr/arch/arch/arm/core/aarch32/mpu/libarch__arm__core__aarch32__mpu.a(arm_mpu.c.obj)
                0x00011bbc                z_arm_mpu_init
 .text.malloc_prepare
                0x00011c78       0x44 zephyr/lib/libc/newlib/liblib__libc__newlib.a(libc-hooks.c.obj)
 .text.__stdout_hook_install
                0x00011cbc        0xc zephyr/lib/libc/newlib/liblib__libc__newlib.a(libc-hooks.c.obj)
                0x00011cbc                __stdout_hook_install
 .text.z_impl_zephyr_read_stdin
                0x00011cc8       0x28 zephyr/lib/libc/newlib/liblib__libc__newlib.a(libc-hooks.c.obj)
                0x00011cc8                z_impl_zephyr_read_stdin
 .text.z_impl_zephyr_write_stdout
                0x00011cf0       0x30 zephyr/lib/libc/newlib/liblib__libc__newlib.a(libc-hooks.c.obj)
                0x00011cf0                z_impl_zephyr_write_stdout
 .text._exit    0x00011d20       0x10 zephyr/lib/libc/newlib/liblib__libc__newlib.a(libc-hooks.c.obj)
                0x00011d20                _exit
 .text._sbrk    0x00011d30       0x28 zephyr/lib/libc/newlib/liblib__libc__newlib.a(libc-hooks.c.obj)
                0x00011d30                sbrk
                0x00011d30                _sbrk
 .text.__retarget_lock_init_recursive
                0x00011d58       0x64 zephyr/lib/libc/newlib/liblib__libc__newlib.a(libc-hooks.c.obj)
                0x00011d58                __retarget_lock_init_recursive
 .text.__retarget_lock_acquire_recursive
                0x00011dbc       0x3c zephyr/lib/libc/newlib/liblib__libc__newlib.a(libc-hooks.c.obj)
                0x00011dbc                __retarget_lock_acquire_recursive
 .text.__retarget_lock_release_recursive
                0x00011df8       0x34 zephyr/lib/libc/newlib/liblib__libc__newlib.a(libc-hooks.c.obj)
                0x00011df8                __retarget_lock_release_recursive
 .text.__chk_fail
                0x00011e2c       0x1c zephyr/lib/libc/newlib/liblib__libc__newlib.a(libc-hooks.c.obj)
                0x00011e2c                __chk_fail
 .text.nordicsemi_nrf52_init
                0x00011e48       0x64 zephyr/soc/arm/nordic_nrf/nrf52/libsoc__arm__nordic_nrf__nrf52.a(soc.c.obj)
 .text.sys_arch_reboot
                0x00011eac       0x2c zephyr/soc/arm/nordic_nrf/nrf52/libsoc__arm__nordic_nrf__nrf52.a(soc.c.obj)
                0x00011eac                sys_arch_reboot
 .text.arch_busy_wait
                0x00011ed8       0x14 zephyr/soc/arm/nordic_nrf/nrf52/libsoc__arm__nordic_nrf__nrf52.a(soc.c.obj)
                0x00011ed8                arch_busy_wait
 .text.onoff_start
                0x00011eec       0x4c zephyr/drivers/clock_control/libdrivers__clock_control.a(clock_control_nrf.c.obj)
 .text.get_status
                0x00011f38       0x3c zephyr/drivers/clock_control/libdrivers__clock_control.a(clock_control_nrf.c.obj)
 .text.stop     0x00011f74       0x80 zephyr/drivers/clock_control/libdrivers__clock_control.a(clock_control_nrf.c.obj)
 .text.onoff_stop
                0x00011ff4       0x28 zephyr/drivers/clock_control/libdrivers__clock_control.a(clock_control_nrf.c.obj)
 .text.clk_init
                0x0001201c       0x60 zephyr/drivers/clock_control/libdrivers__clock_control.a(clock_control_nrf.c.obj)
 .text.clkstarted_handle.constprop.0
                0x0001207c       0x34 zephyr/drivers/clock_control/libdrivers__clock_control.a(clock_control_nrf.c.obj)
 .text.clock_event_handler
                0x000120b0       0x60 zephyr/drivers/clock_control/libdrivers__clock_control.a(clock_control_nrf.c.obj)
 .text.generic_hfclk_start
                0x00012110       0x64 zephyr/drivers/clock_control/libdrivers__clock_control.a(clock_control_nrf.c.obj)
 .text.generic_hfclk_stop
                0x00012174       0x2c zephyr/drivers/clock_control/libdrivers__clock_control.a(clock_control_nrf.c.obj)
 .text.api_blocking_start
                0x000121a0       0x34 zephyr/drivers/clock_control/libdrivers__clock_control.a(clock_control_nrf.c.obj)
 .text.z_nrf_clock_control_lf_on
                0x000121d4      0x158 zephyr/drivers/clock_control/libdrivers__clock_control.a(clock_control_nrf.c.obj)
                0x000121d4                z_nrf_clock_control_lf_on
 .text.rtt_console_init
                0x0001232c       0x18 zephyr/drivers/console/libdrivers__console.a(rtt_console.c.obj)
 .text.rtt_console_out
                0x00012344       0x6c zephyr/drivers/console/libdrivers__console.a(rtt_console.c.obj)
 .text.gpio_nrfx_manage_callback
                0x000123b0       0xac zephyr/drivers/gpio/libdrivers__gpio.a(gpio_nrfx.c.obj)
 .text.nrfx_gpio_handler
                0x0001245c       0x98 zephyr/drivers/gpio/libdrivers__gpio.a(gpio_nrfx.c.obj)
 .text.gpio_nrfx_pin_interrupt_configure
                0x000124f4      0x130 zephyr/drivers/gpio/libdrivers__gpio.a(gpio_nrfx.c.obj)
 .text.gpio_nrfx_init
                0x00012624       0x38 zephyr/drivers/gpio/libdrivers__gpio.a(gpio_nrfx.c.obj)
 .text.gpio_nrfx_pin_configure
                0x0001265c      0x15c zephyr/drivers/gpio/libdrivers__gpio.a(gpio_nrfx.c.obj)
 .text.flash_nrf_pages_layout
                0x000127b8       0x10 zephyr/drivers/flash/libdrivers__flash.a(soc_flash_nrf.c.obj)
 .text.flash_nrf_get_parameters
                0x000127c8        0x8 zephyr/drivers/flash/libdrivers__flash.a(soc_flash_nrf.c.obj)
 .text.flash_nrf_read
                0x000127d0       0x50 zephyr/drivers/flash/libdrivers__flash.a(soc_flash_nrf.c.obj)
 .text.restore_pofwarn.part.0
                0x00012820       0x20 zephyr/drivers/flash/libdrivers__flash.a(soc_flash_nrf.c.obj)
 .text.suspend_pofwarn.part.0
                0x00012840       0x3c zephyr/drivers/flash/libdrivers__flash.a(soc_flash_nrf.c.obj)
 .text.nrf_flash_init
                0x0001287c       0x28 zephyr/drivers/flash/libdrivers__flash.a(soc_flash_nrf.c.obj)
 .text.flash_nrf_erase
                0x000128a4       0xd4 zephyr/drivers/flash/libdrivers__flash.a(soc_flash_nrf.c.obj)
 .text.flash_nrf_write
                0x00012978       0xd8 zephyr/drivers/flash/libdrivers__flash.a(soc_flash_nrf.c.obj)
 .text.uarte_nrfx_configure
                0x00012a50      0x164 zephyr/drivers/serial/libdrivers__serial.a(uart_nrfx_uarte.c.obj)
 .text.nrf_gpio_pin_port_decode
                0x00012bb4       0x84 zephyr/drivers/serial/libdrivers__serial.a(uart_nrfx_uarte.c.obj)
 .text.uarte_nrfx_rx_enable
                0x00012c38      0x124 zephyr/drivers/serial/libdrivers__serial.a(uart_nrfx_uarte.c.obj)
 .text.uarte_nrfx_tx
                0x00012d5c       0xac zephyr/drivers/serial/libdrivers__serial.a(uart_nrfx_uarte.c.obj)
 .text.uarte_nrfx_poll_out
                0x00012e08       0xb4 zephyr/drivers/serial/libdrivers__serial.a(uart_nrfx_uarte.c.obj)
 .text.uarte_nrfx_isr_async
                0x00012ebc      0x360 zephyr/drivers/serial/libdrivers__serial.a(uart_nrfx_uarte.c.obj)
 .text.uarte_instance_init.isra.0
                0x0001321c      0x308 zephyr/drivers/serial/libdrivers__serial.a(uart_nrfx_uarte.c.obj)
 .text.sys_clock_timeout_handler
                0x00013524       0x78 zephyr/drivers/timer/libdrivers__timer.a(nrf_rtc_timer.c.obj)
 .text.compare_int_lock
                0x0001359c       0x50 zephyr/drivers/timer/libdrivers__timer.a(nrf_rtc_timer.c.obj)
 .text.compare_int_unlock.part.0
                0x000135ec       0x5c zephyr/drivers/timer/libdrivers__timer.a(nrf_rtc_timer.c.obj)
 .text.z_nrf_rtc_timer_read
                0x00013648       0x44 zephyr/drivers/timer/libdrivers__timer.a(nrf_rtc_timer.c.obj)
                0x00013648                z_nrf_rtc_timer_read
 .text.compare_set
                0x0001368c      0x154 zephyr/drivers/timer/libdrivers__timer.a(nrf_rtc_timer.c.obj)
 .text.sys_clock_driver_init
                0x000137e0       0x84 zephyr/drivers/timer/libdrivers__timer.a(nrf_rtc_timer.c.obj)
 .text.rtc_nrf_isr
                0x00013864       0xf0 zephyr/drivers/timer/libdrivers__timer.a(nrf_rtc_timer.c.obj)
                0x00013864                rtc_nrf_isr
 .text.sys_clock_set_timeout
                0x00013954       0x60 zephyr/drivers/timer/libdrivers__timer.a(nrf_rtc_timer.c.obj)
                0x00013954                sys_clock_set_timeout
 .text.sys_clock_elapsed
                0x000139b4       0x14 zephyr/drivers/timer/libdrivers__timer.a(nrf_rtc_timer.c.obj)
                0x000139b4                sys_clock_elapsed
 .text.z_impl_gpio_pin_configure
                0x000139c8       0x68 modules/nrf/lib/dk_buttons_and_leds/lib..__nrf__lib__dk_buttons_and_leds.a(dk_buttons_and_leds.c.obj)
 .text.z_impl_gpio_pin_interrupt_configure
                0x00013a30       0xe4 modules/nrf/lib/dk_buttons_and_leds/lib..__nrf__lib__dk_buttons_and_leds.a(dk_buttons_and_leds.c.obj)
 .text.gpio_pin_set_raw
                0x00013b14       0x58 modules/nrf/lib/dk_buttons_and_leds/lib..__nrf__lib__dk_buttons_and_leds.a(dk_buttons_and_leds.c.obj)
 .text.get_buttons
                0x00013b6c       0xb8 modules/nrf/lib/dk_buttons_and_leds/lib..__nrf__lib__dk_buttons_and_leds.a(dk_buttons_and_leds.c.obj)
 .text.dk_set_leds_state.part.0
                0x00013c24       0x70 modules/nrf/lib/dk_buttons_and_leds/lib..__nrf__lib__dk_buttons_and_leds.a(dk_buttons_and_leds.c.obj)
 .text.button_pressed
                0x00013c94      0x110 modules/nrf/lib/dk_buttons_and_leds/lib..__nrf__lib__dk_buttons_and_leds.a(dk_buttons_and_leds.c.obj)
 .text.buttons_scan_fn
                0x00013da4      0x1b4 modules/nrf/lib/dk_buttons_and_leds/lib..__nrf__lib__dk_buttons_and_leds.a(dk_buttons_and_leds.c.obj)
 .text.dk_leds_init
                0x00013f58       0x80 modules/nrf/lib/dk_buttons_and_leds/lib..__nrf__lib__dk_buttons_and_leds.a(dk_buttons_and_leds.c.obj)
                0x00013f58                dk_leds_init
 .text.dk_read_buttons
                0x00013fd8       0x28 modules/nrf/lib/dk_buttons_and_leds/lib..__nrf__lib__dk_buttons_and_leds.a(dk_buttons_and_leds.c.obj)
                0x00013fd8                dk_read_buttons
 .text.dk_buttons_init
                0x00014000      0x168 modules/nrf/lib/dk_buttons_and_leds/lib..__nrf__lib__dk_buttons_and_leds.a(dk_buttons_and_leds.c.obj)
                0x00014000                dk_buttons_init
 .text.dk_set_led
                0x00014168       0x70 modules/nrf/lib/dk_buttons_and_leds/lib..__nrf__lib__dk_buttons_and_leds.a(dk_buttons_and_leds.c.obj)
                0x00014168                dk_set_led
 .text.k_sys_fatal_error_handler
                0x000141d8       0x2c modules/nrf/lib/fatal_error/lib..__nrf__lib__fatal_error.a(fatal_error.c.obj)
                0x000141d8                k_sys_fatal_error_handler
 .text.dfu_target_init
                0x00014204       0x54 modules/nrf/subsys/dfu/dfu_target/lib..__nrf__subsys__dfu__dfu_target.a(dfu_target.c.obj)
                0x00014204                dfu_target_init
 .text.dfu_target_done
                0x00014258       0x48 modules/nrf/subsys/dfu/dfu_target/lib..__nrf__subsys__dfu__dfu_target.a(dfu_target.c.obj)
                0x00014258                dfu_target_done
 .text.dfu_target_stream_get_stream
                0x000142a0        0x8 modules/nrf/subsys/dfu/dfu_target/lib..__nrf__subsys__dfu__dfu_target.a(dfu_target_stream.c.obj)
                0x000142a0                dfu_target_stream_get_stream
 .text.dfu_target_stream_init
                0x000142a8       0x6c modules/nrf/subsys/dfu/dfu_target/lib..__nrf__subsys__dfu__dfu_target.a(dfu_target_stream.c.obj)
                0x000142a8                dfu_target_stream_init
 .text.dfu_target_stream_offset_get
                0x00014314       0x14 modules/nrf/subsys/dfu/dfu_target/lib..__nrf__subsys__dfu__dfu_target.a(dfu_target_stream.c.obj)
                0x00014314                dfu_target_stream_offset_get
 .text.dfu_target_stream_write
                0x00014328       0x3c modules/nrf/subsys/dfu/dfu_target/lib..__nrf__subsys__dfu__dfu_target.a(dfu_target_stream.c.obj)
                0x00014328                dfu_target_stream_write
 .text.dfu_target_stream_done
                0x00014364       0x4c modules/nrf/subsys/dfu/dfu_target/lib..__nrf__subsys__dfu__dfu_target.a(dfu_target_stream.c.obj)
                0x00014364                dfu_target_stream_done
 .text.dfu_target_mcuboot_set_buf
                0x000143b0       0x24 modules/nrf/subsys/dfu/dfu_target/lib..__nrf__subsys__dfu__dfu_target.a(dfu_target_mcuboot.c.obj)
                0x000143b0                dfu_target_mcuboot_set_buf
 .text.dfu_target_mcuboot_init
                0x000143d4       0xe8 modules/nrf/subsys/dfu/dfu_target/lib..__nrf__subsys__dfu__dfu_target.a(dfu_target_mcuboot.c.obj)
                0x000143d4                dfu_target_mcuboot_init
 .text.dfu_target_mcuboot_offset_get
                0x000144bc       0x1c modules/nrf/subsys/dfu/dfu_target/lib..__nrf__subsys__dfu__dfu_target.a(dfu_target_mcuboot.c.obj)
                0x000144bc                dfu_target_mcuboot_offset_get
 .text.dfu_target_mcuboot_write
                0x000144d8       0x24 modules/nrf/subsys/dfu/dfu_target/lib..__nrf__subsys__dfu__dfu_target.a(dfu_target_mcuboot.c.obj)
                0x000144d8                dfu_target_mcuboot_write
 .text.dfu_target_mcuboot_done
                0x000144fc       0x84 modules/nrf/subsys/dfu/dfu_target/lib..__nrf__subsys__dfu__dfu_target.a(dfu_target_mcuboot.c.obj)
                0x000144fc                dfu_target_mcuboot_done
 .text.boot_write_magic
                0x00014580       0x1c modules/mcuboot/boot/bootutil/zephyr/libmcuboot_util.a(bootutil_public.c.obj)
                0x00014580                boot_write_magic
 .text.boot_read_swap_state
                0x0001459c       0xa0 modules/mcuboot/boot/bootutil/zephyr/libmcuboot_util.a(bootutil_public.c.obj)
                0x0001459c                boot_read_swap_state
 .text.boot_write_swap_info
                0x0001463c       0x48 modules/mcuboot/boot/bootutil/zephyr/libmcuboot_util.a(bootutil_public.c.obj)
                0x0001463c                boot_write_swap_info
 .text.boot_set_pending_multi
                0x00014684       0x90 modules/mcuboot/boot/bootutil/zephyr/libmcuboot_util.a(bootutil_public.c.obj)
                0x00014684                boot_set_pending_multi
 .text.nrf52_errata_36
                0x00014714       0x14 modules/hal_nordic/nrfx/libmodules__hal_nordic__nrfx.a(system_nrf52840.c.obj)
 .text.nrf52_errata_98
                0x00014728       0x28 modules/hal_nordic/nrfx/libmodules__hal_nordic__nrfx.a(system_nrf52840.c.obj)
 .text.nvmc_wait
                0x00014750       0x10 modules/hal_nordic/nrfx/libmodules__hal_nordic__nrfx.a(system_nrf52840.c.obj)
                0x00014750                nvmc_wait
 .text.SystemInit
                0x00014760      0x1d0 modules/hal_nordic/nrfx/libmodules__hal_nordic__nrfx.a(system_nrf52840.c.obj)
                0x00014760                SystemInit
 .text.nrfx_flag32_alloc
                0x00014930       0x48 modules/hal_nordic/nrfx/libmodules__hal_nordic__nrfx.a(nrfx_flag32_allocator.c.obj)
                0x00014930                nrfx_flag32_alloc
 .text.nrfx_flag32_free
                0x00014978       0x44 modules/hal_nordic/nrfx/libmodules__hal_nordic__nrfx.a(nrfx_flag32_allocator.c.obj)
                0x00014978                nrfx_flag32_free
 .text.nrf_clock_is_running.constprop.0
                0x000149bc       0x68 modules/hal_nordic/nrfx/libmodules__hal_nordic__nrfx.a(nrfx_clock.c.obj)
 .text.nrfx_clock_init
                0x00014a24       0x48 modules/hal_nordic/nrfx/libmodules__hal_nordic__nrfx.a(nrfx_clock.c.obj)
                0x00014a24                nrfx_clock_init
 .text.nrfx_clock_enable
                0x00014a6c       0x40 modules/hal_nordic/nrfx/libmodules__hal_nordic__nrfx.a(nrfx_clock.c.obj)
                0x00014a6c                nrfx_clock_enable
 .text.nrfx_clock_start
                0x00014aac       0xa8 modules/hal_nordic/nrfx/libmodules__hal_nordic__nrfx.a(nrfx_clock.c.obj)
                0x00014aac                nrfx_clock_start
 .text.nrfx_clock_stop
                0x00014b54       0xdc modules/hal_nordic/nrfx/libmodules__hal_nordic__nrfx.a(nrfx_clock.c.obj)
                0x00014b54                nrfx_clock_stop
 .text.nrfx_power_clock_irq_handler
                0x00014c30       0x68 modules/hal_nordic/nrfx/libmodules__hal_nordic__nrfx.a(nrfx_clock.c.obj)
                0x00014c30                nrfx_power_clock_irq_handler
 .text.pin_is_task_output
                0x00014c98       0x1c modules/hal_nordic/nrfx/libmodules__hal_nordic__nrfx.a(nrfx_gpiote.c.obj)
 .text.call_handler
                0x00014cb4       0x3c modules/hal_nordic/nrfx/libmodules__hal_nordic__nrfx.a(nrfx_gpiote.c.obj)
 .text.release_handler
                0x00014cf0       0x80 modules/hal_nordic/nrfx/libmodules__hal_nordic__nrfx.a(nrfx_gpiote.c.obj)
 .text.pin_handler_trigger_uninit
                0x00014d70       0x34 modules/hal_nordic/nrfx/libmodules__hal_nordic__nrfx.a(nrfx_gpiote.c.obj)
 .text.nrf_gpio_pin_port_decode
                0x00014da4       0x6c modules/hal_nordic/nrfx/libmodules__hal_nordic__nrfx.a(nrfx_gpiote.c.obj)
 .text.nrfx_gpiote_input_configure
                0x00014e10      0x150 modules/hal_nordic/nrfx/libmodules__hal_nordic__nrfx.a(nrfx_gpiote.c.obj)
                0x00014e10                nrfx_gpiote_input_configure
 .text.nrfx_gpiote_output_configure
                0x00014f60       0xe0 modules/hal_nordic/nrfx/libmodules__hal_nordic__nrfx.a(nrfx_gpiote.c.obj)
                0x00014f60                nrfx_gpiote_output_configure
 .text.nrfx_gpiote_global_callback_set
                0x00015040        0xc modules/hal_nordic/nrfx/libmodules__hal_nordic__nrfx.a(nrfx_gpiote.c.obj)
                0x00015040                nrfx_gpiote_global_callback_set
 .text.nrfx_gpiote_channel_get
                0x0001504c       0x50 modules/hal_nordic/nrfx/libmodules__hal_nordic__nrfx.a(nrfx_gpiote.c.obj)
                0x0001504c                nrfx_gpiote_channel_get
 .text.nrfx_gpiote_init
                0x0001509c       0x50 modules/hal_nordic/nrfx/libmodules__hal_nordic__nrfx.a(nrfx_gpiote.c.obj)
                0x0001509c                nrfx_gpiote_init
 .text.nrfx_gpiote_is_init
                0x000150ec       0x14 modules/hal_nordic/nrfx/libmodules__hal_nordic__nrfx.a(nrfx_gpiote.c.obj)
                0x000150ec                nrfx_gpiote_is_init
 .text.nrfx_gpiote_channel_free
                0x00015100        0xc modules/hal_nordic/nrfx/libmodules__hal_nordic__nrfx.a(nrfx_gpiote.c.obj)
                0x00015100                nrfx_gpiote_channel_free
 .text.nrfx_gpiote_channel_alloc
                0x0001510c        0xc modules/hal_nordic/nrfx/libmodules__hal_nordic__nrfx.a(nrfx_gpiote.c.obj)
                0x0001510c                nrfx_gpiote_channel_alloc
 .text.nrfx_gpiote_trigger_enable
                0x00015118       0xe0 modules/hal_nordic/nrfx/libmodules__hal_nordic__nrfx.a(nrfx_gpiote.c.obj)
                0x00015118                nrfx_gpiote_trigger_enable
 .text.nrfx_gpiote_trigger_disable
                0x000151f8       0x44 modules/hal_nordic/nrfx/libmodules__hal_nordic__nrfx.a(nrfx_gpiote.c.obj)
                0x000151f8                nrfx_gpiote_trigger_disable
 .text.nrfx_gpiote_pin_uninit
                0x0001523c       0x48 modules/hal_nordic/nrfx/libmodules__hal_nordic__nrfx.a(nrfx_gpiote.c.obj)
                0x0001523c                nrfx_gpiote_pin_uninit
 .text.nrfx_gpiote_irq_handler
                0x00015284      0x1b4 modules/hal_nordic/nrfx/libmodules__hal_nordic__nrfx.a(nrfx_gpiote.c.obj)
                0x00015284                nrfx_gpiote_irq_handler
 .text.nrfx_nvmc_page_erase
                0x00015438       0x70 modules/hal_nordic/nrfx/libmodules__hal_nordic__nrfx.a(nrfx_nvmc.c.obj)
                0x00015438                nrfx_nvmc_page_erase
 .text.nrfx_nvmc_word_write
                0x000154a8       0x74 modules/hal_nordic/nrfx/libmodules__hal_nordic__nrfx.a(nrfx_nvmc.c.obj)
                0x000154a8                nrfx_nvmc_word_write
 .text.nrfx_ppi_channel_alloc
                0x0001551c        0xc modules/hal_nordic/nrfx/libmodules__hal_nordic__nrfx.a(nrfx_ppi.c.obj)
                0x0001551c                nrfx_ppi_channel_alloc
 .text.nrfx_ppi_channel_assign
                0x00015528       0x58 modules/hal_nordic/nrfx/libmodules__hal_nordic__nrfx.a(nrfx_ppi.c.obj)
                0x00015528                nrfx_ppi_channel_assign
 .text.nrfx_ppi_channel_enable
                0x00015580       0x38 modules/hal_nordic/nrfx/libmodules__hal_nordic__nrfx.a(nrfx_ppi.c.obj)
                0x00015580                nrfx_ppi_channel_enable
 .text.nrfx_timer_init
                0x000155b8      0x138 modules/hal_nordic/nrfx/libmodules__hal_nordic__nrfx.a(nrfx_timer.c.obj)
                0x000155b8                nrfx_timer_init
 .text.nrfx_timer_enable
                0x000156f0       0x4c modules/hal_nordic/nrfx/libmodules__hal_nordic__nrfx.a(nrfx_timer.c.obj)
                0x000156f0                nrfx_timer_enable
 .text.nrfx_timer_disable
                0x0001573c       0x48 modules/hal_nordic/nrfx/libmodules__hal_nordic__nrfx.a(nrfx_timer.c.obj)
                0x0001573c                nrfx_timer_disable
 .text.nrfx_timer_uninit
                0x00015784       0x3c modules/hal_nordic/nrfx/libmodules__hal_nordic__nrfx.a(nrfx_timer.c.obj)
                0x00015784                nrfx_timer_uninit
 .text.nrfx_timer_clear
                0x000157c0       0x40 modules/hal_nordic/nrfx/libmodules__hal_nordic__nrfx.a(nrfx_timer.c.obj)
                0x000157c0                nrfx_timer_clear
 .text.nrfx_timer_increment
                0x00015800       0x64 modules/hal_nordic/nrfx/libmodules__hal_nordic__nrfx.a(nrfx_timer.c.obj)
                0x00015800                nrfx_timer_increment
 .text.nrfx_timer_capture
                0x00015864       0x6c modules/hal_nordic/nrfx/libmodules__hal_nordic__nrfx.a(nrfx_timer.c.obj)
                0x00015864                nrfx_timer_capture
 .text._DoInit  0x000158d0       0x60 modules/segger/libmodules__segger.a(SEGGER_RTT.c.obj)
 .text.SEGGER_RTT_WriteSkipNoLock
                0x00015930       0x98 modules/segger/libmodules__segger.a(SEGGER_RTT.c.obj)
                0x00015930                SEGGER_RTT_WriteSkipNoLock
 .text.SEGGER_RTT_WriteNoLock
                0x000159c8       0x68 modules/segger/libmodules__segger.a(SEGGER_RTT.c.obj)
                0x000159c8                SEGGER_RTT_WriteNoLock
 .text.SEGGER_RTT_HasDataUp
                0x00015a30       0x14 modules/segger/libmodules__segger.a(SEGGER_RTT.c.obj)
                0x00015a30                SEGGER_RTT_HasDataUp
 .text.z_sys_init_run_level
                0x00015a44       0x40 zephyr/kernel/libkernel.a(device.c.obj)
                0x00015a44                z_sys_init_run_level
 .text.z_impl_device_get_binding
                0x00015a84       0x58 zephyr/kernel/libkernel.a(device.c.obj)
                0x00015a84                z_impl_device_get_binding
 .text.z_fatal_error
                0x00015adc       0xe8 zephyr/kernel/libkernel.a(fatal.c.obj)
                0x00015adc                z_fatal_error
 .text.init_idle_thread
                0x00015bc4       0x58 zephyr/kernel/libkernel.a(init.c.obj)
 .text.bg_thread_main
                0x00015c1c       0x34 zephyr/kernel/libkernel.a(init.c.obj)
 .text.z_bss_zero
                0x00015c50       0x14 zephyr/kernel/libkernel.a(init.c.obj)
                0x00015c50                z_bss_zero
 .text.z_cstart
                0x00015c64       0xe8 zephyr/kernel/libkernel.a(init.c.obj)
                0x00015c64                z_cstart
 .text.init_mem_slab_module
                0x00015d4c       0x78 zephyr/kernel/libkernel.a(mem_slab.c.obj)
 .text.k_mem_slab_alloc
                0x00015dc4       0xd8 zephyr/kernel/libkernel.a(mem_slab.c.obj)
                0x00015dc4                k_mem_slab_alloc
 .text.k_mem_slab_free
                0x00015e9c       0xc8 zephyr/kernel/libkernel.a(mem_slab.c.obj)
                0x00015e9c                k_mem_slab_free
 .text.z_setup_new_thread
                0x00015f64       0xc8 zephyr/kernel/libkernel.a(thread.c.obj)
                0x00015f64                z_setup_new_thread
 .text.z_impl_k_thread_create
                0x0001602c       0x9c zephyr/kernel/libkernel.a(thread.c.obj)
                0x0001602c                z_impl_k_thread_create
 .text.z_init_static_threads
                0x000160c8      0x120 zephyr/kernel/libkernel.a(thread.c.obj)
                0x000160c8                z_init_static_threads
 .text.z_spin_lock_valid
                0x000161e8       0x1c zephyr/kernel/libkernel.a(thread.c.obj)
                0x000161e8                z_spin_lock_valid
 .text.z_spin_unlock_valid
                0x00016204       0x20 zephyr/kernel/libkernel.a(thread.c.obj)
                0x00016204                z_spin_unlock_valid
 .text.z_spin_lock_set_owner
                0x00016224       0x10 zephyr/kernel/libkernel.a(thread.c.obj)
                0x00016224                z_spin_lock_set_owner
 .text.idle     0x00016234       0x58 zephyr/kernel/libkernel.a(idle.c.obj)
                0x00016234                idle
 .text.z_impl_k_mutex_lock
                0x0001628c      0x200 zephyr/kernel/libkernel.a(mutex.c.obj)
                0x0001628c                z_impl_k_mutex_lock
 .text.z_impl_k_mutex_unlock
                0x0001648c      0x190 zephyr/kernel/libkernel.a(mutex.c.obj)
                0x0001648c                z_impl_k_mutex_unlock
 .text.z_impl_k_sem_give
                0x0001661c       0x7c zephyr/kernel/libkernel.a(sem.c.obj)
                0x0001661c                z_impl_k_sem_give
 .text.z_impl_k_sem_take
                0x00016698      0x114 zephyr/kernel/libkernel.a(sem.c.obj)
                0x00016698                z_impl_k_sem_take
 .text.work_queue_main
                0x000167ac      0x228 zephyr/kernel/libkernel.a(work.c.obj)
 .text.submit_to_queue_locked
                0x000169d4       0xc8 zephyr/kernel/libkernel.a(work.c.obj)
 .text.work_timeout
                0x00016a9c       0xac zephyr/kernel/libkernel.a(work.c.obj)
 .text.k_work_init
                0x00016b48       0x50 zephyr/kernel/libkernel.a(work.c.obj)
                0x00016b48                k_work_init
 .text.k_work_submit_to_queue
                0x00016b98       0xc8 zephyr/kernel/libkernel.a(work.c.obj)
                0x00016b98                k_work_submit_to_queue
 .text.k_work_submit
                0x00016c60        0xc zephyr/kernel/libkernel.a(work.c.obj)
                0x00016c60                k_work_submit
 .text.k_work_queue_start
                0x00016c6c       0xe4 zephyr/kernel/libkernel.a(work.c.obj)
                0x00016c6c                k_work_queue_start
 .text.k_work_init_delayable
                0x00016d50       0x60 zephyr/kernel/libkernel.a(work.c.obj)
                0x00016d50                k_work_init_delayable
 .text.k_work_schedule_for_queue
                0x00016db0       0xf0 zephyr/kernel/libkernel.a(work.c.obj)
                0x00016db0                k_work_schedule_for_queue
 .text.k_work_schedule
                0x00016ea0        0xc zephyr/kernel/libkernel.a(work.c.obj)
                0x00016ea0                k_work_schedule
 .text.k_work_reschedule_for_queue
                0x00016eac       0xec zephyr/kernel/libkernel.a(work.c.obj)
                0x00016eac                k_work_reschedule_for_queue
 .text.k_work_reschedule
                0x00016f98        0xc zephyr/kernel/libkernel.a(work.c.obj)
                0x00016f98                k_work_reschedule
 .text.z_reset_time_slice
                0x00016fa4       0x2c zephyr/kernel/libkernel.a(sched.c.obj)
                0x00016fa4                z_reset_time_slice
 .text.k_sched_time_slice_set
                0x00016fd0       0xcc zephyr/kernel/libkernel.a(sched.c.obj)
                0x00016fd0                k_sched_time_slice_set
 .text.z_unpend_thread_no_timeout
                0x0001709c       0x90 zephyr/kernel/libkernel.a(sched.c.obj)
                0x0001709c                z_unpend_thread_no_timeout
 .text.z_reschedule
                0x0001712c       0x88 zephyr/kernel/libkernel.a(sched.c.obj)
                0x0001712c                z_reschedule
 .text.k_sched_lock
                0x000171b4       0xe8 zephyr/kernel/libkernel.a(sched.c.obj)
                0x000171b4                k_sched_lock
 .text.z_priq_dumb_remove
                0x0001729c       0x44 zephyr/kernel/libkernel.a(sched.c.obj)
                0x0001729c                z_priq_dumb_remove
 .text.unpend_thread_no_timeout
                0x000172e0       0x44 zephyr/kernel/libkernel.a(sched.c.obj)
 .text.z_unpend_thread
                0x00017324       0x98 zephyr/kernel/libkernel.a(sched.c.obj)
                0x00017324                z_unpend_thread
 .text.update_cache
                0x000173bc       0x70 zephyr/kernel/libkernel.a(sched.c.obj)
 .text.move_thread_to_end_of_prio_q
                0x0001742c       0xac zephyr/kernel/libkernel.a(sched.c.obj)
 .text.z_time_slice
                0x000174d8       0xf0 zephyr/kernel/libkernel.a(sched.c.obj)
                0x000174d8                z_time_slice
 .text.ready_thread
                0x000175c8       0xa4 zephyr/kernel/libkernel.a(sched.c.obj)
 .text.z_ready_thread
                0x0001766c       0x90 zephyr/kernel/libkernel.a(sched.c.obj)
                0x0001766c                z_ready_thread
 .text.z_sched_start
                0x000176fc       0xa8 zephyr/kernel/libkernel.a(sched.c.obj)
                0x000176fc                z_sched_start
 .text.z_thread_timeout
                0x000177a4       0xb4 zephyr/kernel/libkernel.a(sched.c.obj)
                0x000177a4                z_thread_timeout
 .text.unready_thread
                0x00017858       0x38 zephyr/kernel/libkernel.a(sched.c.obj)
 .text.add_to_waitq_locked
                0x00017890       0x84 zephyr/kernel/libkernel.a(sched.c.obj)
 .text.pend     0x00017914       0xbc zephyr/kernel/libkernel.a(sched.c.obj)
 .text.z_pend_curr
                0x000179d0       0x60 zephyr/kernel/libkernel.a(sched.c.obj)
                0x000179d0                z_pend_curr
 .text.z_set_prio
                0x00017a30      0x138 zephyr/kernel/libkernel.a(sched.c.obj)
                0x00017a30                z_set_prio
 .text.z_impl_k_thread_suspend
                0x00017b68       0xd4 zephyr/kernel/libkernel.a(sched.c.obj)
                0x00017b68                z_impl_k_thread_suspend
 .text.k_sched_unlock
                0x00017c3c       0xf8 zephyr/kernel/libkernel.a(sched.c.obj)
                0x00017c3c                k_sched_unlock
 .text.z_unpend1_no_timeout
                0x00017d34       0x98 zephyr/kernel/libkernel.a(sched.c.obj)
                0x00017d34                z_unpend1_no_timeout
 .text.z_unpend_first_thread
                0x00017dcc       0xa0 zephyr/kernel/libkernel.a(sched.c.obj)
                0x00017dcc                z_unpend_first_thread
 .text.z_sched_init
                0x00017e6c       0x18 zephyr/kernel/libkernel.a(sched.c.obj)
                0x00017e6c                z_sched_init
 .text.z_impl_k_yield
                0x00017e84      0x148 zephyr/kernel/libkernel.a(sched.c.obj)
                0x00017e84                z_impl_k_yield
 .text.z_tick_sleep
                0x00017fcc      0x15c zephyr/kernel/libkernel.a(sched.c.obj)
 .text.z_impl_k_sleep
                0x00018128       0x70 zephyr/kernel/libkernel.a(sched.c.obj)
                0x00018128                z_impl_k_sleep
 .text.z_impl_z_current_get
                0x00018198        0xc zephyr/kernel/libkernel.a(sched.c.obj)
                0x00018198                z_impl_z_current_get
 .text.z_impl_k_is_preempt_thread
                0x000181a4       0x20 zephyr/kernel/libkernel.a(sched.c.obj)
                0x000181a4                z_impl_k_is_preempt_thread
 .text.z_thread_abort
                0x000181c4      0x168 zephyr/kernel/libkernel.a(sched.c.obj)
                0x000181c4                z_thread_abort
 .text.z_sched_wake
                0x0001832c       0xb0 zephyr/kernel/libkernel.a(sched.c.obj)
                0x0001832c                z_sched_wake
 .text.z_sched_wait
                0x000183dc       0x24 zephyr/kernel/libkernel.a(sched.c.obj)
                0x000183dc                z_sched_wait
 .text.z_data_copy
                0x00018400       0x34 zephyr/kernel/libkernel.a(xip.c.obj)
                0x00018400                z_data_copy
 .text.elapsed  0x00018434       0x14 zephyr/kernel/libkernel.a(timeout.c.obj)
 .text.next_timeout
                0x00018448       0x58 zephyr/kernel/libkernel.a(timeout.c.obj)
 .text.remove_timeout
                0x000184a0       0x34 zephyr/kernel/libkernel.a(timeout.c.obj)
 .text.z_add_timeout
                0x000184d4      0x1a8 zephyr/kernel/libkernel.a(timeout.c.obj)
                0x000184d4                z_add_timeout
 .text.z_abort_timeout
                0x0001867c       0x9c zephyr/kernel/libkernel.a(timeout.c.obj)
                0x0001867c                z_abort_timeout
 .text.z_get_next_timeout_expiry
                0x00018718       0x90 zephyr/kernel/libkernel.a(timeout.c.obj)
                0x00018718                z_get_next_timeout_expiry
 .text.z_set_timeout_expiry
                0x000187a8       0xa0 zephyr/kernel/libkernel.a(timeout.c.obj)
                0x000187a8                z_set_timeout_expiry
 .text.sys_clock_announce
                0x00018848      0x198 zephyr/kernel/libkernel.a(timeout.c.obj)
                0x00018848                sys_clock_announce
 .text.sys_clock_tick_get
                0x000189e0       0xa0 zephyr/kernel/libkernel.a(timeout.c.obj)
                0x000189e0                sys_clock_tick_get
 .text.z_timer_expiration_handler
                0x00018a80      0x168 zephyr/kernel/libkernel.a(timer.c.obj)
                0x00018a80                z_timer_expiration_handler
 .text.z_impl_k_timer_start
                0x00018be8       0xc0 zephyr/kernel/libkernel.a(timer.c.obj)
                0x00018be8                z_impl_k_timer_start
 .text.z_heap_aligned_alloc
                0x00018ca8       0x6c zephyr/kernel/libkernel.a(mempool.c.obj)
 .text.k_aligned_alloc
                0x00018d14       0x74 zephyr/kernel/libkernel.a(mempool.c.obj)
                0x00018d14                k_aligned_alloc
 .text.boot_banner
                0x00018d88       0x18 zephyr/kernel/libkernel.a(banner.c.obj)
                0x00018d88                boot_banner
 .text.statics_init
                0x00018da0       0x58 zephyr/kernel/libkernel.a(kheap.c.obj)
 .text.k_heap_aligned_alloc
                0x00018df8      0x15c zephyr/kernel/libkernel.a(kheap.c.obj)
                0x00018df8                k_heap_aligned_alloc
 .text.k_heap_free
                0x00018f54       0xa8 zephyr/kernel/libkernel.a(kheap.c.obj)
                0x00018f54                k_heap_free
 .text.k_sys_work_q_init
                0x00018ffc       0x34 zephyr/kernel/libkernel.a(system_work_q.c.obj)
 .text.nrf_cc3xx_platform_init_no_rng
                0x00019030       0x38 C:/ncs/v1.9.1/nrfxlib/crypto/nrf_cc310_platform/lib/cortex-m4/soft-float/no-interrupts/libnrf_cc310_platform_0.9.13.a(nrf_cc3xx_platform.c.obj)
                0x00019030                nrf_cc3xx_platform_init_no_rng
 .text.nrf_cc3xx_platform_abort
                0x00019068       0x24 C:/ncs/v1.9.1/nrfxlib/crypto/nrf_cc310_platform/lib/cortex-m4/soft-float/no-interrupts/libnrf_cc310_platform_0.9.13.a(nrf_cc3xx_platform_abort.c.obj)
 .text.CC_PalAbort
                0x0001908c       0x40 C:/ncs/v1.9.1/nrfxlib/crypto/nrf_cc310_platform/lib/cortex-m4/soft-float/no-interrupts/libnrf_cc310_platform_0.9.13.a(nrf_cc3xx_platform_abort.c.obj)
                0x0001908c                CC_PalAbort
 .text.nrf_cc3xx_platform_set_abort
                0x000190cc       0x10 C:/ncs/v1.9.1/nrfxlib/crypto/nrf_cc310_platform/lib/cortex-m4/soft-float/no-interrupts/libnrf_cc310_platform_0.9.13.a(nrf_cc3xx_platform_abort.c.obj)
                0x000190cc                nrf_cc3xx_platform_set_abort
 .text.mutex_free
                0x000190dc       0x28 C:/ncs/v1.9.1/nrfxlib/crypto/nrf_cc310_platform/lib/cortex-m4/soft-float/no-interrupts/libnrf_cc310_platform_0.9.13.a(nrf_cc3xx_platform_mutex.c.obj)
 .text.mutex_unlock
                0x00019104       0x2c C:/ncs/v1.9.1/nrfxlib/crypto/nrf_cc310_platform/lib/cortex-m4/soft-float/no-interrupts/libnrf_cc310_platform_0.9.13.a(nrf_cc3xx_platform_mutex.c.obj)
 .text.mutex_init
                0x00019130       0x1c C:/ncs/v1.9.1/nrfxlib/crypto/nrf_cc310_platform/lib/cortex-m4/soft-float/no-interrupts/libnrf_cc310_platform_0.9.13.a(nrf_cc3xx_platform_mutex.c.obj)
 .text.mutex_lock
                0x0001914c       0x44 C:/ncs/v1.9.1/nrfxlib/crypto/nrf_cc310_platform/lib/cortex-m4/soft-float/no-interrupts/libnrf_cc310_platform_0.9.13.a(nrf_cc3xx_platform_mutex.c.obj)
 .text.nrf_cc3xx_platform_set_mutexes
                0x00019190       0x60 C:/ncs/v1.9.1/nrfxlib/crypto/nrf_cc310_platform/lib/cortex-m4/soft-float/no-interrupts/libnrf_cc310_platform_0.9.13.a(nrf_cc3xx_platform_mutex.c.obj)
                0x00019190                nrf_cc3xx_platform_set_mutexes
 .text.CC_LibInitNoRng
                0x000191f0       0x6c C:/ncs/v1.9.1/nrfxlib/crypto/nrf_cc310_platform/lib/cortex-m4/soft-float/no-interrupts/libnrf_cc310_platform_0.9.13.a(cc_lib.c.obj)
                0x000191f0                CC_LibInitNoRng
 .text.CC_HalInit
                0x0001925c        0x4 C:/ncs/v1.9.1/nrfxlib/crypto/nrf_cc310_platform/lib/cortex-m4/soft-float/no-interrupts/libnrf_cc310_platform_0.9.13.a(cc_hal.c.obj)
                0x0001925c                CC_HalInit
 .text.CC_HalTerminate
                0x00019260        0x4 C:/ncs/v1.9.1/nrfxlib/crypto/nrf_cc310_platform/lib/cortex-m4/soft-float/no-interrupts/libnrf_cc310_platform_0.9.13.a(cc_hal.c.obj)
                0x00019260                CC_HalTerminate
 .text.CC_HalMaskInterrupt
                0x00019264        0xc C:/ncs/v1.9.1/nrfxlib/crypto/nrf_cc310_platform/lib/cortex-m4/soft-float/no-interrupts/libnrf_cc310_platform_0.9.13.a(cc_hal.c.obj)
                0x00019264                CC_HalMaskInterrupt
 .text.CC_PalInit
                0x00019270       0x5c C:/ncs/v1.9.1/nrfxlib/crypto/nrf_cc310_platform/lib/cortex-m4/soft-float/no-interrupts/libnrf_cc310_platform_0.9.13.a(cc_pal.c.obj)
                0x00019270                CC_PalInit
 .text.CC_PalTerminate
                0x000192cc       0x34 C:/ncs/v1.9.1/nrfxlib/crypto/nrf_cc310_platform/lib/cortex-m4/soft-float/no-interrupts/libnrf_cc310_platform_0.9.13.a(cc_pal.c.obj)
                0x000192cc                CC_PalTerminate
 .text.CC_PalDmaInit
                0x00019300        0x4 C:/ncs/v1.9.1/nrfxlib/crypto/nrf_cc310_platform/lib/cortex-m4/soft-float/no-interrupts/libnrf_cc310_platform_0.9.13.a(cc_pal_dma.c.obj)
                0x00019300                CC_PalDmaInit
 .text.CC_PalDmaTerminate
                0x00019304        0x4 C:/ncs/v1.9.1/nrfxlib/crypto/nrf_cc310_platform/lib/cortex-m4/soft-float/no-interrupts/libnrf_cc310_platform_0.9.13.a(cc_pal_dma.c.obj)
                0x00019304                CC_PalDmaTerminate
 .text.CC_PalMutexCreate
                0x00019308       0x14 C:/ncs/v1.9.1/nrfxlib/crypto/nrf_cc310_platform/lib/cortex-m4/soft-float/no-interrupts/libnrf_cc310_platform_0.9.13.a(cc_pal_mutex.c.obj)
                0x00019308                CC_PalMutexCreate
 .text.CC_PalMutexDestroy
                0x0001931c       0x14 C:/ncs/v1.9.1/nrfxlib/crypto/nrf_cc310_platform/lib/cortex-m4/soft-float/no-interrupts/libnrf_cc310_platform_0.9.13.a(cc_pal_mutex.c.obj)
                0x0001931c                CC_PalMutexDestroy
 .text.CC_PalPowerSaveModeInit
                0x00019330       0x3c C:/ncs/v1.9.1/nrfxlib/crypto/nrf_cc310_platform/lib/cortex-m4/soft-float/no-interrupts/libnrf_cc310_platform_0.9.13.a(cc_pal_pm.c.obj)
                0x00019330                CC_PalPowerSaveModeInit
 .text.CC_PalPowerSaveModeSelect
                0x0001936c       0x84 C:/ncs/v1.9.1/nrfxlib/crypto/nrf_cc310_platform/lib/cortex-m4/soft-float/no-interrupts/libnrf_cc310_platform_0.9.13.a(cc_pal_pm.c.obj)
                0x0001936c                CC_PalPowerSaveModeSelect
 .text.__assert_func
                0x000193f0       0x3c c:/ncs/v1.9.1/toolchain/opt/arm-none-eabi/lib/thumb/v7e-m/nofp\libc_nano.a(lib_a-assert.o)
                0x000193f0                __assert_func
 .text.fprintf  0x0001942c       0x24 c:/ncs/v1.9.1/toolchain/opt/arm-none-eabi/lib/thumb/v7e-m/nofp\libc_nano.a(lib_a-fprintf.o)
                0x0001942c                fiprintf
                0x0001942c                fprintf
 .text.malloc   0x00019450       0x10 c:/ncs/v1.9.1/toolchain/opt/arm-none-eabi/lib/thumb/v7e-m/nofp\libc_nano.a(lib_a-malloc.o)
                0x00019450                malloc
 .text._free_r  0x00019460       0x9c c:/ncs/v1.9.1/toolchain/opt/arm-none-eabi/lib/thumb/v7e-m/nofp\libc_nano.a(lib_a-nano-freer.o)
                0x00019460                _free_r
 .text._malloc_r
                0x000194fc       0xb4 c:/ncs/v1.9.1/toolchain/opt/arm-none-eabi/lib/thumb/v7e-m/nofp\libc_nano.a(lib_a-nano-mallocr.o)
                0x000194fc                _malloc_r
 .text._vfprintf_r
                0x000195b0      0x260 c:/ncs/v1.9.1/toolchain/opt/arm-none-eabi/lib/thumb/v7e-m/nofp\libc_nano.a(lib_a-nano-vfprintf.o)
                0x000195b0                _vfprintf_r
                0x000195b0                _vfiprintf_r
 .text._printf_float
                0x00019810      0x454 c:/ncs/v1.9.1/toolchain/opt/arm-none-eabi/lib/thumb/v7e-m/nofp\libc_nano.a(lib_a-nano-vfprintf_float.o)
                0x00019810                _printf_float
 .text._printf_i
                0x00019c64      0x24c c:/ncs/v1.9.1/toolchain/opt/arm-none-eabi/lib/thumb/v7e-m/nofp\libc_nano.a(lib_a-nano-vfprintf_i.o)
                0x00019c64                _printf_i
 .text._sbrk_r  0x00019eb0       0x20 c:/ncs/v1.9.1/toolchain/opt/arm-none-eabi/lib/thumb/v7e-m/nofp\libc_nano.a(lib_a-sbrkr.o)
                0x00019eb0                _sbrk_r
 .text.__swbuf_r
                0x00019ed0       0xa4 c:/ncs/v1.9.1/toolchain/opt/arm-none-eabi/lib/thumb/v7e-m/nofp\libc_nano.a(lib_a-wbuf.o)
                0x00019ed0                __swbuf_r
 .text.__swsetup_r
                0x00019f74       0xdc c:/ncs/v1.9.1/toolchain/opt/arm-none-eabi/lib/thumb/v7e-m/nofp\libc_nano.a(lib_a-wsetup.o)
                0x00019f74                __swsetup_r
 .text.__sflush_r
                0x0001a050      0x10c c:/ncs/v1.9.1/toolchain/opt/arm-none-eabi/lib/thumb/v7e-m/nofp\libc_nano.a(lib_a-fflush.o)
                0x0001a050                __sflush_r
 .text._fflush_r
                0x0001a15c       0x78 c:/ncs/v1.9.1/toolchain/opt/arm-none-eabi/lib/thumb/v7e-m/nofp\libc_nano.a(lib_a-fflush.o)
                0x0001a15c                _fflush_r
 .text.std      0x0001a1d4       0x48 c:/ncs/v1.9.1/toolchain/opt/arm-none-eabi/lib/thumb/v7e-m/nofp\libc_nano.a(lib_a-findfp.o)
 .text._cleanup_r
                0x0001a21c        0xc c:/ncs/v1.9.1/toolchain/opt/arm-none-eabi/lib/thumb/v7e-m/nofp\libc_nano.a(lib_a-findfp.o)
                0x0001a21c                _cleanup_r
 .text.__sfp_lock_acquire
                0x0001a228        0xc c:/ncs/v1.9.1/toolchain/opt/arm-none-eabi/lib/thumb/v7e-m/nofp\libc_nano.a(lib_a-findfp.o)
                0x0001a228                __sfp_lock_acquire
 .text.__sfp_lock_release
                0x0001a234        0xc c:/ncs/v1.9.1/toolchain/opt/arm-none-eabi/lib/thumb/v7e-m/nofp\libc_nano.a(lib_a-findfp.o)
                0x0001a234                __sfp_lock_release
 .text.__sinit_lock_acquire
                0x0001a240        0xc c:/ncs/v1.9.1/toolchain/opt/arm-none-eabi/lib/thumb/v7e-m/nofp\libc_nano.a(lib_a-findfp.o)
                0x0001a240                __sinit_lock_acquire
 .text.__sinit_lock_release
                0x0001a24c        0xc c:/ncs/v1.9.1/toolchain/opt/arm-none-eabi/lib/thumb/v7e-m/nofp\libc_nano.a(lib_a-findfp.o)
                0x0001a24c                __sinit_lock_release
 .text.__sinit  0x0001a258       0x70 c:/ncs/v1.9.1/toolchain/opt/arm-none-eabi/lib/thumb/v7e-m/nofp\libc_nano.a(lib_a-findfp.o)
                0x0001a258                __sinit
 .text.__sfp    0x0001a2c8       0x8c c:/ncs/v1.9.1/toolchain/opt/arm-none-eabi/lib/thumb/v7e-m/nofp\libc_nano.a(lib_a-findfp.o)
                0x0001a2c8                __sfp
 .text._localeconv_r
                0x0001a354        0x8 c:/ncs/v1.9.1/toolchain/opt/arm-none-eabi/lib/thumb/v7e-m/nofp\libc_nano.a(lib_a-localeconv.o)
                0x0001a354                _localeconv_r
 .text.__smakebuf_r
                0x0001a35c       0x80 c:/ncs/v1.9.1/toolchain/opt/arm-none-eabi/lib/thumb/v7e-m/nofp\libc_nano.a(lib_a-makebuf.o)
                0x0001a35c                __smakebuf_r
 .text.__malloc_lock
                0x0001a3dc        0xc c:/ncs/v1.9.1/toolchain/opt/arm-none-eabi/lib/thumb/v7e-m/nofp\libc_nano.a(lib_a-mlock.o)
                0x0001a3dc                __malloc_lock
 .text.__malloc_unlock
                0x0001a3e8        0xc c:/ncs/v1.9.1/toolchain/opt/arm-none-eabi/lib/thumb/v7e-m/nofp\libc_nano.a(lib_a-mlock.o)
                0x0001a3e8                __malloc_unlock
 .text.__pow5mult
                0x0001a3f4       0x9c c:/ncs/v1.9.1/toolchain/opt/arm-none-eabi/lib/thumb/v7e-m/nofp\libc_nano.a(lib_a-mprec.o)
                0x0001a3f4                __pow5mult
 .text.raise    0x0001a490       0x10 c:/ncs/v1.9.1/toolchain/opt/arm-none-eabi/lib/thumb/v7e-m/nofp\libc_nano.a(lib_a-signal.o)
                0x0001a490                raise
 .text._kill_r  0x0001a4a0       0x24 c:/ncs/v1.9.1/toolchain/opt/arm-none-eabi/lib/thumb/v7e-m/nofp\libc_nano.a(lib_a-signalr.o)
                0x0001a4a0                _kill_r
 .text._write_r
                0x0001a4c4       0x24 c:/ncs/v1.9.1/toolchain/opt/arm-none-eabi/lib/thumb/v7e-m/nofp\libc_nano.a(lib_a-writer.o)
                0x0001a4c4                _write_r
 .text._close_r
                0x0001a4e8       0x20 c:/ncs/v1.9.1/toolchain/opt/arm-none-eabi/lib/thumb/v7e-m/nofp\libc_nano.a(lib_a-closer.o)
                0x0001a4e8                _close_r
 .text._fstat_r
                0x0001a508       0x24 c:/ncs/v1.9.1/toolchain/opt/arm-none-eabi/lib/thumb/v7e-m/nofp\libc_nano.a(lib_a-fstatr.o)
                0x0001a508                _fstat_r
 .text._isatty_r
                0x0001a52c       0x20 c:/ncs/v1.9.1/toolchain/opt/arm-none-eabi/lib/thumb/v7e-m/nofp\libc_nano.a(lib_a-isattyr.o)
                0x0001a52c                _isatty_r
 .text._lseek_r
                0x0001a54c       0x24 c:/ncs/v1.9.1/toolchain/opt/arm-none-eabi/lib/thumb/v7e-m/nofp\libc_nano.a(lib_a-lseekr.o)
                0x0001a54c                _lseek_r
 .text._read_r  0x0001a570       0x24 c:/ncs/v1.9.1/toolchain/opt/arm-none-eabi/lib/thumb/v7e-m/nofp\libc_nano.a(lib_a-readr.o)
                0x0001a570                _read_r
 .text.error    0x0001a594       0x16 app/libapp.a(main.c.obj)
                0x0001a594                error
 .text.do_mcuboot_dfu
                0x0001a5aa        0x8 app/libapp.a(main.c.obj)
                0x0001a5aa                do_mcuboot_dfu
 .text.button_handel
                0x0001a5b2        0xc app/libapp.a(main.c.obj)
                0x0001a5b2                button_handel
 .text.sys_put_le32
                0x0001a5be       0x12 app/libapp.a(ble_dfu_helper.c.obj)
 .text.sys_get_le32
                0x0001a5d0       0x16 app/libapp.a(ble_dfu_helper.c.obj)
 .text.dfu_target_cb_dummy
                0x0001a5e6        0x2 app/libapp.a(ble_dfu_helper.c.obj)
                0x0001a5e6                dfu_target_cb_dummy
 .text.event_cb_dummy
                0x0001a5e8        0x2 app/libapp.a(app_cmd.c.obj)
 .text.app_flash_si_slotinfo
                0x0001a5ea       0x90 app/libapp.a(app_flash.c.obj)
                0x0001a5ea                app_flash_si_slotinfo
 .text.app_flash_read
                0x0001a67a       0x30 app/libapp.a(app_flash.c.obj)
                0x0001a67a                app_flash_read
 .text.app_flash_read_id
                0x0001a6aa       0x30 app/libapp.a(app_flash.c.obj)
                0x0001a6aa                app_flash_read_id
 .text.app_flash_get_DevInf
                0x0001a6da       0x52 app/libapp.a(app_flash.c.obj)
                0x0001a6da                app_flash_get_DevInf
 .text.app_flash_write
                0x0001a72c       0x72 app/libapp.a(app_flash.c.obj)
                0x0001a72c                app_flash_write
 .text.app_flash_erase_page
                0x0001a79e       0x32 app/libapp.a(app_flash.c.obj)
                0x0001a79e                app_flash_erase_page
 .text.app_flash_crc
                0x0001a7d0       0x6c app/libapp.a(app_flash.c.obj)
                0x0001a7d0                app_flash_crc
 .text.sys_get_le32
                0x0001a83c       0x16 app/libapp.a(app_flash_cmd.c.obj)
 .text.req_cb_flash_info
                0x0001a852       0x22 app/libapp.a(app_flash_cmd.c.obj)
 .text.crc32_ieee
                0x0001a874        0xa zephyr/libzephyr.a(crc32_sw.c.obj)
                0x0001a874                crc32_ieee
 .text.crc16_itu_t
                0x0001a87e       0x28 zephyr/libzephyr.a(crc16_sw.c.obj)
                0x0001a87e                crc16_itu_t
 .text.sys_notify_validate
                0x0001a8a6       0x22 zephyr/libzephyr.a(notify.c.obj)
                0x0001a8a6                sys_notify_validate
 .text.arch_printk_char_out
                0x0001a8c8        0x4 zephyr/libzephyr.a(printk.c.obj)
                0x0001a8c8                arch_printk_char_out
 .text.printk   0x0001a8cc       0x1a zephyr/libzephyr.a(printk.c.obj)
                0x0001a8cc                printk
 .text.process_recheck
                0x0001a8e6       0x38 zephyr/libzephyr.a(onoff.c.obj)
 .text.notify_one
                0x0001a91e       0x2c zephyr/libzephyr.a(onoff.c.obj)
 .text.validate_args
                0x0001a94a       0x1e zephyr/libzephyr.a(onoff.c.obj)
 .text.onoff_manager_init
                0x0001a968       0x26 zephyr/libzephyr.a(onoff.c.obj)
                0x0001a968                onoff_manager_init
 .text.z_thread_entry
                0x0001a98e       0x14 zephyr/libzephyr.a(thread_entry.c.obj)
                0x0001a98e                z_thread_entry
 .text.chunk_size
                0x0001a9a2        0xa zephyr/libzephyr.a(heap.c.obj)
 .text.free_list_add
                0x0001a9ac       0x4e zephyr/libzephyr.a(heap.c.obj)
 .text.free_list_remove_bidx
                0x0001a9fa       0x3a zephyr/libzephyr.a(heap.c.obj)
 .text.free_list_remove
                0x0001aa34       0x1a zephyr/libzephyr.a(heap.c.obj)
 .text.alloc_chunk
                0x0001aa4e       0x6c zephyr/libzephyr.a(heap.c.obj)
 .text.merge_chunks
                0x0001aaba       0x2e zephyr/libzephyr.a(heap.c.obj)
 .text.split_chunks
                0x0001aae8       0x34 zephyr/libzephyr.a(heap.c.obj)
 .text.free_chunk
                0x0001ab1c       0x62 zephyr/libzephyr.a(heap.c.obj)
 .text.sys_heap_alloc
                0x0001ab7e       0x54 zephyr/libzephyr.a(heap.c.obj)
                0x0001ab7e                sys_heap_alloc
 .text.outs     0x0001abd2       0x2c zephyr/libzephyr.a(cbprintf_complete.c.obj)
 .text.assert_post_action
                0x0001abfe        0xe zephyr/libzephyr.a(assert.c.obj)
                0x0001abfe                assert_post_action
 .text._ConfigAbsSyms
                0x0001ac0c        0x2 zephyr/libzephyr.a(configs.c.obj)
                0x0001ac0c                _ConfigAbsSyms
 .text.log_backend_is_active
                0x0001ac0e        0x6 zephyr/libzephyr.a(log_core.c.obj)
 .text.default_get_timestamp
                0x0001ac14        0x4 zephyr/libzephyr.a(log_core.c.obj)
 .text.dummy_timestamp
                0x0001ac18        0x4 zephyr/libzephyr.a(log_core.c.obj)
 .text.z_log_printk
                0x0001ac1c        0xc zephyr/libzephyr.a(log_core.c.obj)
                0x0001ac1c                z_log_printk
 .text.log_string_sync
                0x0001ac28       0x1c zephyr/libzephyr.a(log_core.c.obj)
                0x0001ac28                log_string_sync
 .text.enable_logger
                0x0001ac44        0xa zephyr/libzephyr.a(log_core.c.obj)
 .text.z_log_strdup
                0x0001ac4e        0x2 zephyr/libzephyr.a(log_core.c.obj)
                0x0001ac4e                z_log_strdup
 .text.z_log_get_tag
                0x0001ac50        0x4 zephyr/libzephyr.a(log_core.c.obj)
                0x0001ac50                z_log_get_tag
 .text.out_func
                0x0001ac54       0x18 zephyr/libzephyr.a(log_output.c.obj)
 .text.buffer_write
                0x0001ac6c       0x1a zephyr/libzephyr.a(log_output.c.obj)
 .text.log_output_flush
                0x0001ac86       0x1a zephyr/libzephyr.a(log_output.c.obj)
                0x0001ac86                log_output_flush
 .text.flash_area_close
                0x0001aca0        0x2 zephyr/libzephyr.a(flash_map.c.obj)
                0x0001aca0                flash_area_close
 .text.flash_area_read
                0x0001aca2       0x38 zephyr/libzephyr.a(flash_map.c.obj)
                0x0001aca2                flash_area_read
 .text.flash_area_write
                0x0001acda       0x66 zephyr/libzephyr.a(flash_map.c.obj)
                0x0001acda                flash_area_write
 .text.flash_area_erase
                0x0001ad40       0x5e zephyr/libzephyr.a(flash_map.c.obj)
                0x0001ad40                flash_area_erase
 .text.flash_area_align
                0x0001ad9e       0x12 zephyr/libzephyr.a(flash_map.c.obj)
                0x0001ad9e                flash_area_align
 .text.flash_area_erased_val
                0x0001adb0       0x12 zephyr/libzephyr.a(flash_map.c.obj)
                0x0001adb0                flash_area_erased_val
 .text.flash_get_write_block_size
                0x0001adc2        0xc zephyr/libzephyr.a(stream_flash.c.obj)
 .text.stream_flash_buffered_write
                0x0001adce       0x88 zephyr/libzephyr.a(stream_flash.c.obj)
                0x0001adce                stream_flash_buffered_write
 .text.stream_flash_bytes_written
                0x0001ae56        0x4 zephyr/libzephyr.a(stream_flash.c.obj)
                0x0001ae56                stream_flash_bytes_written
 .text.pm_policy_next_state
                0x0001ae5a        0xa zephyr/libzephyr.a(residency.c.obj)
                0x0001ae5a                pm_policy_next_state
 .text.abort_function
                0x0001ae64        0x8 zephyr/libzephyr.a(nrf_cc3xx_platform_abort_zephyr.c.obj)
 .text.z_do_kernel_oops
                0x0001ae6c        0x8 zephyr/arch/arch/arm/core/aarch32/libarch__arm__core__aarch32.a(fatal.c.obj)
                0x0001ae6c                z_do_kernel_oops
 .text.z_irq_spurious
                0x0001ae74        0x8 zephyr/arch/arch/arm/core/aarch32/libarch__arm__core__aarch32.a(irq_manage.c.obj)
                0x0001ae74                z_irq_spurious
 .text.z_arm_nmi
                0x0001ae7c        0xe zephyr/arch/arch/arm/core/aarch32/libarch__arm__core__aarch32.a(nmi.c.obj)
                0x0001ae7c                z_arm_nmi
 .text._stdout_hook_default
                0x0001ae8a        0x6 zephyr/lib/libc/newlib/liblib__libc__newlib.a(libc-hooks.c.obj)
 .text._stdin_hook_default
                0x0001ae90        0x4 zephyr/lib/libc/newlib/liblib__libc__newlib.a(libc-hooks.c.obj)
 .text._read    0x0001ae94        0x8 zephyr/lib/libc/newlib/liblib__libc__newlib.a(libc-hooks.c.obj)
                0x0001ae94                _read
                0x0001ae94                read
 .text._write   0x0001ae9c        0x8 zephyr/lib/libc/newlib/liblib__libc__newlib.a(libc-hooks.c.obj)
                0x0001ae9c                _write
                0x0001ae9c                write
 .text._close   0x0001aea4        0x6 zephyr/lib/libc/newlib/liblib__libc__newlib.a(libc-hooks.c.obj)
                0x0001aea4                _close
                0x0001aea4                close
 .text._lseek   0x0001aeaa        0x4 zephyr/lib/libc/newlib/liblib__libc__newlib.a(libc-hooks.c.obj)
                0x0001aeaa                _lseek
                0x0001aeaa                lseek
 .text._isatty  0x0001aeae        0xa zephyr/lib/libc/newlib/liblib__libc__newlib.a(libc-hooks.c.obj)
                0x0001aeae                _isatty
                0x0001aeae                isatty
 .text._kill    0x0001aeb8        0x4 zephyr/lib/libc/newlib/liblib__libc__newlib.a(libc-hooks.c.obj)
                0x0001aeb8                _kill
                0x0001aeb8                kill
 .text._getpid  0x0001aebc        0x4 zephyr/lib/libc/newlib/liblib__libc__newlib.a(libc-hooks.c.obj)
                0x0001aebc                getpid
                0x0001aebc                _getpid
 .text._fstat   0x0001aec0        0xa zephyr/lib/libc/newlib/liblib__libc__newlib.a(libc-hooks.c.obj)
                0x0001aec0                fstat
                0x0001aec0                _fstat
 .text.pm_power_state_set
                0x0001aeca       0x26 zephyr/soc/arm/nordic_nrf/nrf52/libsoc__arm__nordic_nrf__nrf52.a(power.c.obj)
                0x0001aeca                pm_power_state_set
 .text.pm_power_state_exit_post_ops
                0x0001aef0       0x16 zephyr/soc/arm/nordic_nrf/nrf52/libsoc__arm__nordic_nrf__nrf52.a(power.c.obj)
                0x0001aef0                pm_power_state_exit_post_ops
 .text.boot_request_upgrade
                0x0001af06       0x10 zephyr/subsys/dfu/boot/libsubsys__dfu__boot.a(mcuboot.c.obj)
                0x0001af06                boot_request_upgrade
 .text.boot_write_img_confirmed
                0x0001af16       0x10 zephyr/subsys/dfu/boot/libsubsys__dfu__boot.a(mcuboot.c.obj)
                0x0001af16                boot_write_img_confirmed
 .text.set_starting_state
                0x0001af26       0x3c zephyr/drivers/clock_control/libdrivers__clock_control.a(clock_control_nrf.c.obj)
 .text.set_on_state
                0x0001af62       0x26 zephyr/drivers/clock_control/libdrivers__clock_control.a(clock_control_nrf.c.obj)
 .text.onoff_started_callback
                0x0001af88        0xc zephyr/drivers/clock_control/libdrivers__clock_control.a(clock_control_nrf.c.obj)
 .text.lfclk_start
                0x0001af94        0x6 zephyr/drivers/clock_control/libdrivers__clock_control.a(clock_control_nrf.c.obj)
 .text.lfclk_stop
                0x0001af9a        0x6 zephyr/drivers/clock_control/libdrivers__clock_control.a(clock_control_nrf.c.obj)
 .text.api_stop
                0x0001afa0        0x6 zephyr/drivers/clock_control/libdrivers__clock_control.a(clock_control_nrf.c.obj)
 .text.blocking_start_callback
                0x0001afa6        0x6 zephyr/drivers/clock_control/libdrivers__clock_control.a(clock_control_nrf.c.obj)
 .text.api_start
                0x0001afac       0x34 zephyr/drivers/clock_control/libdrivers__clock_control.a(clock_control_nrf.c.obj)
 .text.gpio_nrfx_port_get_raw
                0x0001afe0        0xe zephyr/drivers/gpio/libdrivers__gpio.a(gpio_nrfx.c.obj)
 .text.gpio_nrfx_port_set_masked_raw
                0x0001afee       0x16 zephyr/drivers/gpio/libdrivers__gpio.a(gpio_nrfx.c.obj)
 .text.gpio_nrfx_port_set_bits_raw
                0x0001b004        0xc zephyr/drivers/gpio/libdrivers__gpio.a(gpio_nrfx.c.obj)
 .text.gpio_nrfx_port_clear_bits_raw
                0x0001b010        0xc zephyr/drivers/gpio/libdrivers__gpio.a(gpio_nrfx.c.obj)
 .text.gpio_nrfx_port_toggle_bits
                0x0001b01c       0x12 zephyr/drivers/gpio/libdrivers__gpio.a(gpio_nrfx.c.obj)
 .text.is_regular_addr_valid
                0x0001b02e       0x26 zephyr/drivers/flash/libdrivers__flash.a(soc_flash_nrf.c.obj)
 .text.nrf_power_pofcon_set.constprop.0
                0x0001b054       0x18 zephyr/drivers/flash/libdrivers__flash.a(soc_flash_nrf.c.obj)
 .text.flash_get_page_info
                0x0001b06c       0x6c zephyr/drivers/flash/libdrivers__flash.a(flash_page_layout.c.obj)
 .text.z_impl_flash_get_page_info_by_offs
                0x0001b0d8        0x8 zephyr/drivers/flash/libdrivers__flash.a(flash_page_layout.c.obj)
                0x0001b0d8                z_impl_flash_get_page_info_by_offs
 .text.flash_page_foreach
                0x0001b0e0       0x58 zephyr/drivers/flash/libdrivers__flash.a(flash_page_layout.c.obj)
                0x0001b0e0                flash_page_foreach
 .text.uarte_nrfx_config_get
                0x0001b138       0x10 zephyr/drivers/serial/libdrivers__serial.a(uart_nrfx_uarte.c.obj)
 .text.uarte_nrfx_err_check
                0x0001b148        0xe zephyr/drivers/serial/libdrivers__serial.a(uart_nrfx_uarte.c.obj)
 .text.is_tx_ready
                0x0001b156       0x20 zephyr/drivers/serial/libdrivers__serial.a(uart_nrfx_uarte.c.obj)
 .text.timer_handler
                0x0001b176        0x2 zephyr/drivers/serial/libdrivers__serial.a(uart_nrfx_uarte.c.obj)
 .text.user_callback
                0x0001b178        0xe zephyr/drivers/serial/libdrivers__serial.a(uart_nrfx_uarte.c.obj)
 .text.notify_uart_rx_rdy
                0x0001b186       0x32 zephyr/drivers/serial/libdrivers__serial.a(uart_nrfx_uarte.c.obj)
 .text.notify_rx_buf_release
                0x0001b1b8       0x34 zephyr/drivers/serial/libdrivers__serial.a(uart_nrfx_uarte.c.obj)
 .text.notify_rx_disable
                0x0001b1ec       0x22 zephyr/drivers/serial/libdrivers__serial.a(uart_nrfx_uarte.c.obj)
 .text.uarte_nrfx_rx_buf_rsp
                0x0001b20e       0x50 zephyr/drivers/serial/libdrivers__serial.a(uart_nrfx_uarte.c.obj)
 .text.uarte_nrfx_callback_set
                0x0001b25e       0x14 zephyr/drivers/serial/libdrivers__serial.a(uart_nrfx_uarte.c.obj)
 .text.uarte_nrfx_poll_in
                0x0001b272       0x30 zephyr/drivers/serial/libdrivers__serial.a(uart_nrfx_uarte.c.obj)
 .text.uarte_enable
                0x0001b2a2       0x4a zephyr/drivers/serial/libdrivers__serial.a(uart_nrfx_uarte.c.obj)
 .text.tx_start
                0x0001b2ec       0x3a zephyr/drivers/serial/libdrivers__serial.a(uart_nrfx_uarte.c.obj)
 .text.rx_timeout
                0x0001b326       0xac zephyr/drivers/serial/libdrivers__serial.a(uart_nrfx_uarte.c.obj)
 .text.start_tx_locked.isra.0
                0x0001b3d2       0x30 zephyr/drivers/serial/libdrivers__serial.a(uart_nrfx_uarte.c.obj)
 .text.setup_tx_cache.isra.0
                0x0001b402       0x28 zephyr/drivers/serial/libdrivers__serial.a(uart_nrfx_uarte.c.obj)
 .text.rx_flush
                0x0001b42a       0x6c zephyr/drivers/serial/libdrivers__serial.a(uart_nrfx_uarte.c.obj)
 .text.async_uart_release
                0x0001b496       0x68 zephyr/drivers/serial/libdrivers__serial.a(uart_nrfx_uarte.c.obj)
 .text.uarte_nrfx_tx_abort
                0x0001b4fe       0x28 zephyr/drivers/serial/libdrivers__serial.a(uart_nrfx_uarte.c.obj)
 .text.tx_timeout
                0x0001b526        0x8 zephyr/drivers/serial/libdrivers__serial.a(uart_nrfx_uarte.c.obj)
 .text.uarte_nrfx_rx_disable
                0x0001b52e       0x42 zephyr/drivers/serial/libdrivers__serial.a(uart_nrfx_uarte.c.obj)
 .text.uarte_0_init
                0x0001b570       0x1e zephyr/drivers/serial/libdrivers__serial.a(uart_nrfx_uarte.c.obj)
 .text.uarte_1_init
                0x0001b58e       0x1e zephyr/drivers/serial/libdrivers__serial.a(uart_nrfx_uarte.c.obj)
 .text.sys_clock_idle_exit
                0x0001b5ac        0x2 zephyr/drivers/timer/libdrivers__timer.a(sys_clock_init.c.obj)
                0x0001b5ac                sys_clock_idle_exit
 .text.sys_clock_cycle_get_32
                0x0001b5ae        0x8 zephyr/drivers/timer/libdrivers__timer.a(nrf_rtc_timer.c.obj)
                0x0001b5ae                sys_clock_cycle_get_32
 .text.dk_set_leds_state
                0x0001b5b6       0x14 modules/nrf/lib/dk_buttons_and_leds/lib..__nrf__lib__dk_buttons_and_leds.a(dk_buttons_and_leds.c.obj)
                0x0001b5b6                dk_set_leds_state
 .text.dk_set_leds
                0x0001b5ca        0x6 modules/nrf/lib/dk_buttons_and_leds/lib..__nrf__lib__dk_buttons_and_leds.a(dk_buttons_and_leds.c.obj)
                0x0001b5ca                dk_set_leds
 .text.hw_cc3xx_init_internal
                0x0001b5d0        0x4 modules/nrf/drivers/hw_cc310/lib..__nrf__drivers__hw_cc310.a(hw_cc310.c.obj)
 .text.hw_cc3xx_init
                0x0001b5d4       0x12 modules/nrf/drivers/hw_cc310/lib..__nrf__drivers__hw_cc310.a(hw_cc310.c.obj)
 .text.bootutil_buffer_is_erased.part.0
                0x0001b5e6       0x22 modules/mcuboot/boot/bootutil/zephyr/libmcuboot_util.a(bootutil_public.c.obj)
 .text.bootutil_buffer_is_erased
                0x0001b608        0xc modules/mcuboot/boot/bootutil/zephyr/libmcuboot_util.a(bootutil_public.c.obj)
                0x0001b608                bootutil_buffer_is_erased
 .text.boot_read_flag
                0x0001b614       0x3a modules/mcuboot/boot/bootutil/zephyr/libmcuboot_util.a(bootutil_public.c.obj)
 .text.boot_write_trailer
                0x0001b64e       0x60 modules/mcuboot/boot/bootutil/zephyr/libmcuboot_util.a(bootutil_public.c.obj)
                0x0001b64e                boot_write_trailer
 .text.boot_write_trailer_flag
                0x0001b6ae       0x14 modules/mcuboot/boot/bootutil/zephyr/libmcuboot_util.a(bootutil_public.c.obj)
                0x0001b6ae                boot_write_trailer_flag
 .text.boot_write_image_ok
                0x0001b6c2        0xa modules/mcuboot/boot/bootutil/zephyr/libmcuboot_util.a(bootutil_public.c.obj)
                0x0001b6c2                boot_write_image_ok
 .text.boot_read_image_ok
                0x0001b6cc        0x8 modules/mcuboot/boot/bootutil/zephyr/libmcuboot_util.a(bootutil_public.c.obj)
                0x0001b6cc                boot_read_image_ok
 .text.boot_set_pending
                0x0001b6d4        0x8 modules/mcuboot/boot/bootutil/zephyr/libmcuboot_util.a(bootutil_public.c.obj)
                0x0001b6d4                boot_set_pending
 .text.boot_set_confirmed_multi
                0x0001b6dc       0x4c modules/mcuboot/boot/bootutil/zephyr/libmcuboot_util.a(bootutil_public.c.obj)
                0x0001b6dc                boot_set_confirmed_multi
 .text.boot_set_confirmed
                0x0001b728        0x6 modules/mcuboot/boot/bootutil/zephyr/libmcuboot_util.a(bootutil_public.c.obj)
                0x0001b728                boot_set_confirmed
 .text.nrfx_isr
                0x0001b72e        0x2 modules/hal_nordic/nrfx/libmodules__hal_nordic__nrfx.a(nrfx_glue.c.obj)
                0x0001b72e                nrfx_isr
 .text.nrfx_busy_wait
                0x0001b730        0x4 modules/hal_nordic/nrfx/libmodules__hal_nordic__nrfx.a(nrfx_glue.c.obj)
                0x0001b730                nrfx_busy_wait
 .text.nrfx_flag32_is_allocated
                0x0001b734        0xa modules/hal_nordic/nrfx/libmodules__hal_nordic__nrfx.a(nrfx_flag32_allocator.c.obj)
                0x0001b734                nrfx_flag32_is_allocated
 .text.nrf_gpio_pin_present_check
                0x0001b73e       0x22 modules/hal_nordic/nrfx/libmodules__hal_nordic__nrfx.a(nrfx_gpiote.c.obj)
 .text.nrf_gpiote_in_event_get
                0x0001b760        0x8 modules/hal_nordic/nrfx/libmodules__hal_nordic__nrfx.a(nrfx_gpiote.c.obj)
 .text.nrf_gpio_reconfigure
                0x0001b768       0x96 modules/hal_nordic/nrfx/libmodules__hal_nordic__nrfx.a(nrfx_gpiote.c.obj)
 .text.nrf_gpio_cfg_sense_set
                0x0001b7fe       0x1e modules/hal_nordic/nrfx/libmodules__hal_nordic__nrfx.a(nrfx_gpiote.c.obj)
 .text.is_valid_address
                0x0001b81c       0x2a modules/hal_nordic/nrfx/libmodules__hal_nordic__nrfx.a(nrfx_nvmc.c.obj)
 .text.nrfx_nvmc_flash_size_get