Archive member included to satisfy reference by file (symbol)

app/libapp.a(main.c.obj)      (--whole-archive)
app/libapp.a(flash_map_extended.c.obj)
                              (--whole-archive)
app/libapp.a(os.c.obj)        (--whole-archive)
app/libapp.a(keys.c.obj)      (--whole-archive)
app/libapp.a(image_validate.c.obj)
                              (--whole-archive)
app/libapp.a(tlv.c.obj)       (--whole-archive)
app/libapp.a(encrypted.c.obj)
                              (--whole-archive)
app/libapp.a(image_rsa.c.obj)
                              (--whole-archive)
app/libapp.a(image_ec256.c.obj)
                              (--whole-archive)
app/libapp.a(image_ed25519.c.obj)
                              (--whole-archive)
app/libapp.a(bootutil_misc.c.obj)
                              (--whole-archive)
app/libapp.a(fault_injection_hardening.c.obj)
                              (--whole-archive)
app/libapp.a(loader.c.obj)    (--whole-archive)
app/libapp.a(swap_misc.c.obj)
                              (--whole-archive)
app/libapp.a(swap_scratch.c.obj)
                              (--whole-archive)
app/libapp.a(swap_move.c.obj)
                              (--whole-archive)
app/libapp.a(caps.c.obj)      (--whole-archive)
app/libapp.a(asn1parse.c.obj)
                              (--whole-archive)
app/libapp.a(platform_util.c.obj)
                              (--whole-archive)
app/libapp.a(cc310_glue.c.obj)
                              (--whole-archive)
app/libapp.a(autogen-pubkey.c.obj)
                              (--whole-archive)
app/libapp.a(nrf_cleanup.c.obj)
                              (--whole-archive)
zephyr/libzephyr.a(cbprintf.c.obj)
                              (--whole-archive)
zephyr/libzephyr.a(cbprintf_packaged.c.obj)
                              (--whole-archive)
zephyr/libzephyr.a(crc32c_sw.c.obj)
                              (--whole-archive)
zephyr/libzephyr.a(crc32_sw.c.obj)
                              (--whole-archive)
zephyr/libzephyr.a(crc16_sw.c.obj)
                              (--whole-archive)
zephyr/libzephyr.a(crc8_sw.c.obj)
                              (--whole-archive)
zephyr/libzephyr.a(crc7_sw.c.obj)
                              (--whole-archive)
zephyr/libzephyr.a(dec.c.obj)
                              (--whole-archive)
zephyr/libzephyr.a(fdtable.c.obj)
                              (--whole-archive)
zephyr/libzephyr.a(hex.c.obj)
                              (--whole-archive)
zephyr/libzephyr.a(notify.c.obj)
                              (--whole-archive)
zephyr/libzephyr.a(printk.c.obj)
                              (--whole-archive)
zephyr/libzephyr.a(onoff.c.obj)
                              (--whole-archive)
zephyr/libzephyr.a(rb.c.obj)  (--whole-archive)
zephyr/libzephyr.a(sem.c.obj)
                              (--whole-archive)
zephyr/libzephyr.a(thread_entry.c.obj)
                              (--whole-archive)
zephyr/libzephyr.a(timeutil.c.obj)
                              (--whole-archive)
zephyr/libzephyr.a(heap.c.obj)
                              (--whole-archive)
zephyr/libzephyr.a(heap-validate.c.obj)
                              (--whole-archive)
zephyr/libzephyr.a(bitarray.c.obj)
                              (--whole-archive)
zephyr/libzephyr.a(multi_heap.c.obj)
                              (--whole-archive)
zephyr/libzephyr.a(cbprintf_nano.c.obj)
                              (--whole-archive)
zephyr/libzephyr.a(reboot.c.obj)
                              (--whole-archive)
zephyr/libzephyr.a(configs.c.obj)
                              (--whole-archive)
zephyr/libzephyr.a(soc.c.obj)
                              (--whole-archive)
zephyr/libzephyr.a(soc_nrf_common.S.obj)
                              (--whole-archive)
zephyr/libzephyr.a(validate_base_addresses.c.obj)
                              (--whole-archive)
zephyr/libzephyr.a(validate_enabled_instances.c.obj)
                              (--whole-archive)
zephyr/libzephyr.a(log_minimal.c.obj)
                              (--whole-archive)
zephyr/libzephyr.a(flash_map.c.obj)
                              (--whole-archive)
zephyr/libzephyr.a(flash_map_default.c.obj)
                              (--whole-archive)
zephyr/libzephyr.a(flash_map_layout.c.obj)
                              (--whole-archive)
zephyr/libzephyr.a(tracing_none.c.obj)
                              (--whole-archive)
zephyr/libzephyr.a(nrf_cc3xx_platform_abort_zephyr.c.obj)
                              (--whole-archive)
zephyr/libzephyr.a(nrf_cc3xx_platform_no_mutex_zephyr.c.obj)
                              (--whole-archive)
zephyr/arch/common/libarch__common.a(sw_isr_common.c.obj)
                              (--whole-archive)
zephyr/arch/arch/arm/core/aarch32/libarch__arm__core__aarch32.a(cpu_idle.S.obj)
                              (--whole-archive)
zephyr/arch/arch/arm/core/aarch32/libarch__arm__core__aarch32.a(fatal.c.obj)
                              (--whole-archive)
[...]
Memory Configuration

Name             Origin             Length             Attributes
FLASH            0x00000000         0x0000c000         xr
SRAM             0x2000c4e8         0x00033b18         xw
IDT_LIST         0xfffff7ff         0x00000800         xw
*default*        0x00000000         0xffffffff

Linker script and memory map

LOAD zephyr/CMakeFiles/zephyr_pre1.dir/misc/empty_file.c.obj
LOAD zephyr/CMakeFiles/zephyr_pre1.dir/dev_handles.c.obj
                0x00000020                _region_min_align = 0x20

.rel.plt        0x00000000        0x0
 *(SORT_BY_ALIGNMENT(.rel.plt))
                [!provide]                PROVIDE (__rel_iplt_start = .)
 *(SORT_BY_ALIGNMENT(.rel.iplt))
 .rel.iplt      0x00000000        0x0 zephyr/CMakeFiles/zephyr_pre1.dir/dev_handles.c.obj
                [!provide]                PROVIDE (__rel_iplt_end = .)

.rela.plt       0x00000000        0x0
 *(SORT_BY_ALIGNMENT(.rela.plt))
                [!provide]                PROVIDE (__rela_iplt_start = .)
 *(SORT_BY_ALIGNMENT(.rela.iplt))
                [!provide]                PROVIDE (__rela_iplt_end = .)

.rel.dyn
 *(SORT_BY_ALIGNMENT(.rel.*))

.rela.dyn
 *(SORT_BY_ALIGNMENT(.rela.*))

/DISCARD/
 *(SORT_BY_ALIGNMENT(.plt))
 *(SORT_BY_ALIGNMENT(.iplt))
 *(SORT_BY_ALIGNMENT(.got.plt))
 *(SORT_BY_ALIGNMENT(.igot.plt))
 *(SORT_BY_ALIGNMENT(.got))
 *(SORT_BY_ALIGNMENT(.igot))
 *(SORT_BY_ALIGNMENT(.note.GNU-stack))
                0x00000000                __rom_region_start = 0x0

rom_start       0x00000000      0x144
                0x00000000                . = 0x0
                0x00000000                . = ALIGN (0x4)
                0x00000000                . = ALIGN (0x80)
                0x00000000                . = ALIGN (0x200)
                0x00000000                _vector_start = .
 *(SORT_BY_ALIGNMENT(.exc_vector_table))
 *(SORT_BY_ALIGNMENT(.exc_vector_table.*))
 .exc_vector_table._vector_table_section
                0x00000000       0x40 zephyr/arch/arch/arm/core/aarch32/cortex_m/libarch__arm__core__aarch32__cortex_m.a(vector_table.S.obj)
                0x00000000                _vector_table
 *(SORT_BY_ALIGNMENT(.gnu.linkonce.irq_vector_table*))
 .gnu.linkonce.irq_vector_table
                0x00000040      0x104 zephyr/arch/common/libisr_tables.a(isr_tables.c.obj)
                0x00000040                _irq_vector_table
 *(SORT_BY_ALIGNMENT(.vectors))
                0x00000144                _vector_end = .

text            0x00000144     0x6a14
                0x00000144                __text_region_start = .
 *(SORT_BY_ALIGNMENT(.text))
 .text          0x00000144       0x30 c:/ncs/v1.9.1/toolchain/opt/bin/../lib/gcc/arm-none-eabi/9.2.1/thumb/v8-m.main+fp/hard\libgcc.a(_aeabi_uldivmod.o)
                0x00000144                __aeabi_uldivmod
 .text          0x00000174      0x2c0 c:/ncs/v1.9.1/toolchain/opt/bin/../lib/gcc/arm-none-eabi/9.2.1/thumb/v8-m.main+fp/hard\libgcc.a(_udivmoddi4.o)
                0x00000174                __udivmoddi4
 .text          0x00000434        0x4 c:/ncs/v1.9.1/toolchain/opt/bin/../lib/gcc/arm-none-eabi/9.2.1/thumb/v8-m.main+fp/hard\libgcc.a(_dvmd_tls.o)
                0x00000434                __aeabi_idiv0
                0x00000434                __aeabi_ldiv0
 *(SORT_BY_ALIGNMENT(.text.*))
 .text.main     0x00000438       0xf0 app/libapp.a(main.c.obj)
                0x00000438                main
 .text.flash_device_get_binding
                0x00000528       0x18 app/libapp.a(flash_map_extended.c.obj)
                0x00000528                flash_device_get_binding
 .text.flash_device_base
                0x00000540       0x20 app/libapp.a(flash_map_extended.c.obj)
                0x00000540                flash_device_base
 .text.bootutil_img_validate
                0x00000560      0x230 app/libapp.a(image_validate.c.obj)
                0x00000560                bootutil_img_validate
 .text.bootutil_verify_sig
                0x00000790       0xf0 app/libapp.a(image_ec256.c.obj)
                0x00000790                bootutil_verify_sig
 .text.boot_read_swap_size
                0x00000880       0x7c app/libapp.a(bootutil_misc.c.obj)
                0x00000880                boot_read_swap_size
 .text.boot_validate_slot.isra.0
                0x000008fc      0x104 app/libapp.a(loader.c.obj)
 .text.boot_swap_image
                0x00000a00       0x7c app/libapp.a(loader.c.obj)
 .text.boot_copy_region
                0x00000a7c       0x84 app/libapp.a(loader.c.obj)
                0x00000a7c                boot_copy_region
 .text.context_boot_go
                0x00000b00      0x260 app/libapp.a(loader.c.obj)
                0x00000b00                context_boot_go
 .text.boot_go  0x00000d60       0x20 app/libapp.a(loader.c.obj)
                0x00000d60                boot_go
 .text.boot_read_image_header
                0x00000d80       0x9c app/libapp.a(swap_move.c.obj)
                0x00000d80                boot_read_image_header
 .text.swap_read_status_bytes
                0x00000e1c       0xc8 app/libapp.a(swap_move.c.obj)
                0x00000e1c                swap_read_status_bytes
 .text.boot_slots_compatible
                0x00000ee4       0x6c app/libapp.a(swap_move.c.obj)
                0x00000ee4                boot_slots_compatible
 .text.swap_status_source
                0x00000f50       0xcc app/libapp.a(swap_move.c.obj)
                0x00000f50                swap_status_source
 .text.fixup_revert
                0x0000101c       0x98 app/libapp.a(swap_move.c.obj)
                0x0000101c                fixup_revert
 .text.swap_run
                0x000010b4      0x210 app/libapp.a(swap_move.c.obj)
                0x000010b4                swap_run
 .text.cc310_init
                0x000012c4       0x30 app/libapp.a(cc310_glue.c.obj)
                0x000012c4                cc310_init
 .text.cc310_ecdsa_verify_secp256r1
                0x000012f4       0x34 app/libapp.a(cc310_glue.c.obj)
                0x000012f4                cc310_ecdsa_verify_secp256r1
 .text.nrf_cleanup_peripheral
                0x00001328       0x94 app/libapp.a(nrf_cleanup.c.obj)
                0x00001328                nrf_cleanup_peripheral
 .text.char_out
                0x000013bc       0x10 zephyr/libzephyr.a(printk.c.obj)
 .text.__printk_hook_install
                0x000013cc        0xc zephyr/libzephyr.a(printk.c.obj)
                0x000013cc                __printk_hook_install
 .text.vprintk  0x000013d8       0x1c zephyr/libzephyr.a(printk.c.obj)
                0x000013d8                vprintk
 .text.process_event
                0x000013f4      0x1d0 zephyr/libzephyr.a(onoff.c.obj)
 .text.cbvprintf
                0x000015c4      0x470 zephyr/libzephyr.a(cbprintf_nano.c.obj)
                0x000015c4                cbvprintf
 .text.sys_reboot
                0x00001a34       0x28 zephyr/libzephyr.a(reboot.c.obj)
                0x00001a34                sys_reboot
 .text.nordicsemi_nrf91_init
                0x00001a5c       0x28 zephyr/libzephyr.a(soc.c.obj)
 .text.arch_busy_wait
                0x00001a84       0x14 zephyr/libzephyr.a(soc.c.obj)
                0x00001a84                arch_busy_wait
 .text.flash_area_open
                0x00001a98       0x3c zephyr/libzephyr.a(flash_map.c.obj)
                0x00001a98                flash_area_open
 .text.flash_area_get_sectors
                0x00001ad4       0x68 zephyr/libzephyr.a(flash_map_layout.c.obj)
                0x00001ad4                flash_area_get_sectors
 .text.nrf_cc3xx_platform_abort_init
                0x00001b3c        0xc zephyr/libzephyr.a(nrf_cc3xx_platform_abort_zephyr.c.obj)
                0x00001b3c                nrf_cc3xx_platform_abort_init
 .text.z_arm_cpu_idle_init
                0x00001b48        0xc zephyr/arch/arch/arm/core/aarch32/libarch__arm__core__aarch32.a(cpu_idle.S.obj)
                0x00001b48                z_arm_cpu_idle_init
 .text.arch_cpu_idle
                0x00001b54       0x1c zephyr/arch/arch/arm/core/aarch32/libarch__arm__core__aarch32.a(cpu_idle.S.obj)
                0x00001b54                arch_cpu_idle
 .text.arch_cpu_atomic_idle
                0x00001b70       0x14 zephyr/arch/arch/arm/core/aarch32/libarch__arm__core__aarch32.a(cpu_idle.S.obj)
                0x00001b70                arch_cpu_atomic_idle
 .text.z_arm_fatal_error
                0x00001b84       0x5c zephyr/arch/arch/arm/core/aarch32/libarch__arm__core__aarch32.a(fatal.c.obj)
                0x00001b84                z_arm_fatal_error
 .text.arch_irq_enable
                0x00001be0       0x20 zephyr/arch/arch/arm/core/aarch32/libarch__arm__core__aarch32.a(irq_manage.c.obj)
                0x00001be0                arch_irq_enable
 .text.arch_irq_is_enabled
                0x00001c00       0x1c zephyr/arch/arch/arm/core/aarch32/libarch__arm__core__aarch32.a(irq_manage.c.obj)
                0x00001c00                arch_irq_is_enabled
 .text.z_arm_irq_priority_set
                0x00001c1c       0x2c zephyr/arch/arch/arm/core/aarch32/libarch__arm__core__aarch32.a(irq_manage.c.obj)
                0x00001c1c                z_arm_irq_priority_set
 .text.z_SysNmiOnReset
                0x00001c48        0x8 zephyr/arch/arch/arm/core/aarch32/libarch__arm__core__aarch32.a(nmi_on_reset.S.obj)
                0x00001c48                z_SysNmiOnReset
 .text.z_arm_prep_c
                0x00001c50       0x5c zephyr/arch/arch/arm/core/aarch32/libarch__arm__core__aarch32.a(prep_c.c.obj)
                0x00001c50                z_arm_prep_c
 .text.z_arm_svc
                0x00001cac       0x20 zephyr/arch/arch/arm/core/aarch32/libarch__arm__core__aarch32.a(swap_helper.S.obj)
                0x00001cac                z_arm_svc
 .text.z_arm_switch_to_main_no_multithreading
                0x00001ccc       0x40 zephyr/arch/arch/arm/core/aarch32/libarch__arm__core__aarch32.a(thread.c.obj)
                0x00001ccc                z_arm_switch_to_main_no_multithreading
 .text._isr_wrapper
                0x00001d0c       0x28 zephyr/arch/arch/arm/core/aarch32/libarch__arm__core__aarch32.a(isr_wrapper.S.obj)
                0x00001d0c                _isr_wrapper
 .text._HandlerModeExit
                0x00001d34        0x4 zephyr/arch/arch/arm/core/aarch32/cortex_m/libarch__arm__core__aarch32__cortex_m.a(exc_exit.S.obj)
                0x00001d34                z_arm_int_exit
                0x00001d34                z_arm_exc_exit
 .text.mem_manage_fault.isra.0
                0x00001d38       0xac zephyr/arch/arch/arm/core/aarch32/cortex_m/libarch__arm__core__aarch32__cortex_m.a(fault.c.obj)
 .text.bus_fault.isra.0
                0x00001de4       0xb4 zephyr/arch/arch/arm/core/aarch32/cortex_m/libarch__arm__core__aarch32__cortex_m.a(fault.c.obj)
 .text.usage_fault.isra.0
                0x00001e98       0xac zephyr/arch/arch/arm/core/aarch32/cortex_m/libarch__arm__core__aarch32__cortex_m.a(fault.c.obj)
 .text.z_arm_fault
                0x00001f44      0x198 zephyr/arch/arch/arm/core/aarch32/cortex_m/libarch__arm__core__aarch32__cortex_m.a(fault.c.obj)
                0x00001f44                z_arm_fault
 .text.z_arm_fault_init
                0x000020dc       0x18 zephyr/arch/arch/arm/core/aarch32/cortex_m/libarch__arm__core__aarch32__cortex_m.a(fault.c.obj)
                0x000020dc                z_arm_fault_init
 .text.__fault  0x000020f4       0x14 zephyr/arch/arch/arm/core/aarch32/cortex_m/libarch__arm__core__aarch32__cortex_m.a(fault_s.S.obj)
                0x000020f4                z_arm_usage_fault
                0x000020f4                z_arm_mpu_fault
                0x000020f4                z_arm_exc_spurious
                0x000020f4                z_arm_debug_monitor
                0x000020f4                z_arm_hard_fault
                0x000020f4                z_arm_bus_fault
 .text.z_arm_interrupt_init
                0x00002108       0x18 zephyr/arch/arch/arm/core/aarch32/cortex_m/libarch__arm__core__aarch32__cortex_m.a(irq_init.c.obj)
                0x00002108                z_arm_interrupt_init
 .text._reset_section
                0x00002120       0x60 zephyr/arch/arch/arm/core/aarch32/cortex_m/libarch__arm__core__aarch32__cortex_m.a(reset.S.obj)
                0x00002120                __start
                0x00002120                z_arm_reset
 .text.sys_arch_reboot
                0x00002180       0x24 zephyr/arch/arch/arm/core/aarch32/cortex_m/libarch__arm__core__aarch32__cortex_m.a(scb.c.obj)
                0x00002180                sys_arch_reboot
 .text.z_arm_clear_arm_mpu_config
                0x000021a4       0x20 zephyr/arch/arch/arm/core/aarch32/cortex_m/libarch__arm__core__aarch32__cortex_m.a(scb.c.obj)
                0x000021a4                z_arm_clear_arm_mpu_config
 .text.z_arm_init_arch_hw_at_boot
                0x000021c4       0x4c zephyr/arch/arch/arm/core/aarch32/cortex_m/libarch__arm__core__aarch32__cortex_m.a(scb.c.obj)
                0x000021c4                z_arm_init_arch_hw_at_boot
 .text.z_arm_configure_static_mpu_regions
                0x00002210       0x18 zephyr/arch/arch/arm/core/aarch32/mpu/libarch__arm__core__aarch32__mpu.a(arm_core_mpu.c.obj)
                0x00002210                z_arm_configure_static_mpu_regions
 .text.region_init
                0x00002228       0x30 zephyr/arch/arch/arm/core/aarch32/mpu/libarch__arm__core__aarch32__mpu.a(arm_mpu.c.obj)
 .text.mpu_configure_region
                0x00002258       0x50 zephyr/arch/arch/arm/core/aarch32/mpu/libarch__arm__core__aarch32__mpu.a(arm_mpu.c.obj)
 .text.mpu_configure_regions_and_partition.constprop.0
                0x000022a8      0x168 zephyr/arch/arch/arm/core/aarch32/mpu/libarch__arm__core__aarch32__mpu.a(arm_mpu.c.obj)
 .text.arm_core_mpu_enable
                0x00002410       0x14 zephyr/arch/arch/arm/core/aarch32/mpu/libarch__arm__core__aarch32__mpu.a(arm_mpu.c.obj)
                0x00002410                arm_core_mpu_enable
 .text.arm_core_mpu_disable
                0x00002424       0x10 zephyr/arch/arch/arm/core/aarch32/mpu/libarch__arm__core__aarch32__mpu.a(arm_mpu.c.obj)
                0x00002424                arm_core_mpu_disable
 .text.arm_core_mpu_configure_static_mpu_regions
                0x00002434       0x14 zephyr/arch/arch/arm/core/aarch32/mpu/libarch__arm__core__aarch32__mpu.a(arm_mpu.c.obj)
                0x00002434                arm_core_mpu_configure_static_mpu_regions
 .text.z_arm_mpu_init
                0x00002448       0x4c zephyr/arch/arch/arm/core/aarch32/mpu/libarch__arm__core__aarch32__mpu.a(arm_mpu.c.obj)
                0x00002448                z_arm_mpu_init
 .text.__stdout_hook_install
                0x00002494        0xc zephyr/lib/libc/minimal/liblib__libc__minimal.a(stdout_console.c.obj)
                0x00002494                __stdout_hook_install
 .text.onoff_stop
                0x000024a0       0x48 zephyr/drivers/clock_control/libdrivers__clock_control.a(clock_control_nrf.c.obj)
 .text.onoff_start
                0x000024e8       0x54 zephyr/drivers/clock_control/libdrivers__clock_control.a(clock_control_nrf.c.obj)
 .text.clk_init
                0x0000253c       0x60 zephyr/drivers/clock_control/libdrivers__clock_control.a(clock_control_nrf.c.obj)
 .text.clkstarted_handle.constprop.0
                0x0000259c       0x3c zephyr/drivers/clock_control/libdrivers__clock_control.a(clock_control_nrf.c.obj)
 .text.clock_event_handler
                0x000025d8       0x1c zephyr/drivers/clock_control/libdrivers__clock_control.a(clock_control_nrf.c.obj)
 .text.generic_hfclk_start
                0x000025f4       0x64 zephyr/drivers/clock_control/libdrivers__clock_control.a(clock_control_nrf.c.obj)
 .text.generic_hfclk_stop
                0x00002658       0x24 zephyr/drivers/clock_control/libdrivers__clock_control.a(clock_control_nrf.c.obj)
 .text.z_nrf_clock_control_lf_on
                0x0000267c      0x100 zephyr/drivers/clock_control/libdrivers__clock_control.a(clock_control_nrf.c.obj)
                0x0000267c                z_nrf_clock_control_lf_on
 .text.uart_console_init
                0x0000277c       0x30 zephyr/drivers/console/libdrivers__console.a(uart_console.c.obj)
 .text.console_out
                0x000027ac       0x28 zephyr/drivers/console/libdrivers__console.a(uart_console.c.obj)
 .text.gpio_nrfx_pin_interrupt_configure
                0x000027d4       0xc8 zephyr/drivers/gpio/libdrivers__gpio.a(gpio_nrfx.c.obj)
 .text.gpio_nrfx_init
                0x0000289c       0x38 zephyr/drivers/gpio/libdrivers__gpio.a(gpio_nrfx.c.obj)
 .text.nrfx_gpio_handler
                0x000028d4       0x44 zephyr/drivers/gpio/libdrivers__gpio.a(gpio_nrfx.c.obj)
 .text.gpio_nrfx_pin_configure
                0x00002918      0x158 zephyr/drivers/gpio/libdrivers__gpio.a(gpio_nrfx.c.obj)
 .text.flash_nrf_pages_layout
                0x00002a70       0x10 zephyr/drivers/flash/libdrivers__flash.a(soc_flash_nrf.c.obj)
 .text.flash_nrf_get_parameters
                0x00002a80        0x8 zephyr/drivers/flash/libdrivers__flash.a(soc_flash_nrf.c.obj)
 .text.nrf_flash_init
                0x00002a88       0x18 zephyr/drivers/flash/libdrivers__flash.a(soc_flash_nrf.c.obj)
 .text.flash_nrf_erase
                0x00002aa0       0x6c zephyr/drivers/flash/libdrivers__flash.a(soc_flash_nrf.c.obj)
 .text.flash_nrf_read
                0x00002b0c       0x40 zephyr/drivers/flash/libdrivers__flash.a(soc_flash_nrf.c.obj)
 .text.flash_nrf_write
                0x00002b4c       0x70 zephyr/drivers/flash/libdrivers__flash.a(soc_flash_nrf.c.obj)
 .text.uarte_nrfx_configure
                0x00002bbc      0x164 zephyr/drivers/serial/libdrivers__serial.a(uart_nrfx_uarte.c.obj)
 .text.uarte_nrfx_poll_out
                0x00002d20       0xb8 zephyr/drivers/serial/libdrivers__serial.a(uart_nrfx_uarte.c.obj)
 .text.uarte_instance_init.isra.0
                0x00002dd8      0x160 zephyr/drivers/serial/libdrivers__serial.a(uart_nrfx_uarte.c.obj)
 .text.sys_clock_timeout_handler
                0x00002f38       0x78 zephyr/drivers/timer/libdrivers__timer.a(nrf_rtc_timer.c.obj)
 .text.compare_int_lock
                0x00002fb0       0x44 zephyr/drivers/timer/libdrivers__timer.a(nrf_rtc_timer.c.obj)
 .text.compare_int_unlock.part.0
                0x00002ff4       0x4c zephyr/drivers/timer/libdrivers__timer.a(nrf_rtc_timer.c.obj)
 .text.z_nrf_rtc_timer_read
                0x00003040       0x44 zephyr/drivers/timer/libdrivers__timer.a(nrf_rtc_timer.c.obj)
                0x00003040                z_nrf_rtc_timer_read
 .text.compare_set
                0x00003084      0x140 zephyr/drivers/timer/libdrivers__timer.a(nrf_rtc_timer.c.obj)
 .text.sys_clock_driver_init
                0x000031c4       0x84 zephyr/drivers/timer/libdrivers__timer.a(nrf_rtc_timer.c.obj)
 .text.rtc_nrf_isr
                0x00003248       0xe8 zephyr/drivers/timer/libdrivers__timer.a(nrf_rtc_timer.c.obj)
                0x00003248                rtc_nrf_isr
 .text.sys_clock_set_timeout
                0x00003330       0x60 zephyr/drivers/timer/libdrivers__timer.a(nrf_rtc_timer.c.obj)
                0x00003330                sys_clock_set_timeout
 .text.sys_clock_elapsed
                0x00003390       0x14 zephyr/drivers/timer/libdrivers__timer.a(nrf_rtc_timer.c.obj)
                0x00003390                sys_clock_elapsed
 .text.fprotect_area
                0x000033a4       0x3c modules/nrf/lib/fprotect/lib..__nrf__lib__fprotect.a(fprotect_spu.c.obj)
                0x000033a4                fprotect_area
 .text.k_sys_fatal_error_handler
                0x000033e0       0x14 modules/nrf/lib/fatal_error/lib..__nrf__lib__fatal_error.a(fatal_error.c.obj)
                0x000033e0                k_sys_fatal_error_handler
 .text.boot_write_magic
                0x000033f4       0x1c modules/mcuboot/boot/bootutil/zephyr/libmcuboot_util.a(bootutil_public.c.obj)
                0x000033f4                boot_write_magic
 .text.boot_read_swap_state
                0x00003410       0xa0 modules/mcuboot/boot/bootutil/zephyr/libmcuboot_util.a(bootutil_public.c.obj)
                0x00003410                boot_read_swap_state
 .text.boot_swap_type_multi
                0x000034b0       0xf4 modules/mcuboot/boot/bootutil/zephyr/libmcuboot_util.a(bootutil_public.c.obj)
                0x000034b0                boot_swap_type_multi
 .text.nrf91_errata_14
                0x000035a4       0x24 modules/hal_nordic/nrfx/libmodules__hal_nordic__nrfx.a(system_nrf9160.c.obj)
 .text.SystemInit
                0x000035c8      0x1a0 modules/hal_nordic/nrfx/libmodules__hal_nordic__nrfx.a(system_nrf9160.c.obj)
                0x000035c8                SystemInit
 .text.nrfx_flag32_alloc
                0x00003768       0x40 modules/hal_nordic/nrfx/libmodules__hal_nordic__nrfx.a(nrfx_flag32_allocator.c.obj)
                0x00003768                nrfx_flag32_alloc
 .text.nrfx_flag32_free
                0x000037a8       0x3c modules/hal_nordic/nrfx/libmodules__hal_nordic__nrfx.a(nrfx_flag32_allocator.c.obj)
                0x000037a8                nrfx_flag32_free
 .text.nrfx_clock_init
                0x000037e4       0x20 modules/hal_nordic/nrfx/libmodules__hal_nordic__nrfx.a(nrfx_clock.c.obj)
                0x000037e4                nrfx_clock_init
 .text.nrfx_clock_start
                0x00003804       0x64 modules/hal_nordic/nrfx/libmodules__hal_nordic__nrfx.a(nrfx_clock.c.obj)
                0x00003804                nrfx_clock_start
 .text.nrfx_clock_stop
                0x00003868       0x84 modules/hal_nordic/nrfx/libmodules__hal_nordic__nrfx.a(nrfx_clock.c.obj)
                0x00003868                nrfx_clock_stop
 .text.nrfx_power_clock_irq_handler
                0x000038ec       0x68 modules/hal_nordic/nrfx/libmodules__hal_nordic__nrfx.a(nrfx_clock.c.obj)
                0x000038ec                nrfx_power_clock_irq_handler
 .text.nrfx_dppi_channel_alloc
                0x00003954        0xc modules/hal_nordic/nrfx/libmodules__hal_nordic__nrfx.a(nrfx_dppi.c.obj)
                0x00003954                nrfx_dppi_channel_alloc
 .text.call_handler
                0x00003960       0x3c modules/hal_nordic/nrfx/libmodules__hal_nordic__nrfx.a(nrfx_gpiote.c.obj)
 .text.release_handler
                0x0000399c       0x58 modules/hal_nordic/nrfx/libmodules__hal_nordic__nrfx.a(nrfx_gpiote.c.obj)
 .text.pin_handler_trigger_uninit
                0x000039f4       0x38 modules/hal_nordic/nrfx/libmodules__hal_nordic__nrfx.a(nrfx_gpiote.c.obj)
 .text.nrf_gpio_cfg_sense_set
                0x00003a2c       0x20 modules/hal_nordic/nrfx/libmodules__hal_nordic__nrfx.a(nrfx_gpiote.c.obj)
 .text.nrfx_gpiote_input_configure
                0x00003a4c      0x14c modules/hal_nordic/nrfx/libmodules__hal_nordic__nrfx.a(nrfx_gpiote.c.obj)
                0x00003a4c                nrfx_gpiote_input_configure
 .text.nrfx_gpiote_output_configure
                0x00003b98      0x128 modules/hal_nordic/nrfx/libmodules__hal_nordic__nrfx.a(nrfx_gpiote.c.obj)
                0x00003b98                nrfx_gpiote_output_configure
 .text.nrfx_gpiote_global_callback_set
                0x00003cc0        0xc modules/hal_nordic/nrfx/libmodules__hal_nordic__nrfx.a(nrfx_gpiote.c.obj)
                0x00003cc0                nrfx_gpiote_global_callback_set
 .text.nrfx_gpiote_channel_get
                0x00003ccc       0x24 modules/hal_nordic/nrfx/libmodules__hal_nordic__nrfx.a(nrfx_gpiote.c.obj)
                0x00003ccc                nrfx_gpiote_channel_get
 .text.nrfx_gpiote_init
                0x00003cf0       0x50 modules/hal_nordic/nrfx/libmodules__hal_nordic__nrfx.a(nrfx_gpiote.c.obj)
                0x00003cf0                nrfx_gpiote_init
 .text.nrfx_gpiote_is_init
                0x00003d40       0x14 modules/hal_nordic/nrfx/libmodules__hal_nordic__nrfx.a(nrfx_gpiote.c.obj)
                0x00003d40                nrfx_gpiote_is_init
 .text.nrfx_gpiote_channel_free
                0x00003d54        0xc modules/hal_nordic/nrfx/libmodules__hal_nordic__nrfx.a(nrfx_gpiote.c.obj)
                0x00003d54                nrfx_gpiote_channel_free
 .text.nrfx_gpiote_channel_alloc
                0x00003d60        0xc modules/hal_nordic/nrfx/libmodules__hal_nordic__nrfx.a(nrfx_gpiote.c.obj)
                0x00003d60                nrfx_gpiote_channel_alloc
 .text.nrfx_gpiote_trigger_enable
                0x00003d6c       0x88 modules/hal_nordic/nrfx/libmodules__hal_nordic__nrfx.a(nrfx_gpiote.c.obj)
                0x00003d6c                nrfx_gpiote_trigger_enable
 .text.nrfx_gpiote_trigger_disable
                0x00003df4       0x44 modules/hal_nordic/nrfx/libmodules__hal_nordic__nrfx.a(nrfx_gpiote.c.obj)
                0x00003df4                nrfx_gpiote_trigger_disable
 .text.nrfx_gpiote_pin_uninit
                0x00003e38       0x44 modules/hal_nordic/nrfx/libmodules__hal_nordic__nrfx.a(nrfx_gpiote.c.obj)
                0x00003e38                nrfx_gpiote_pin_uninit
 .text.nrfx_gpiote_irq_handler
                0x00003e7c      0x150 modules/hal_nordic/nrfx/libmodules__hal_nordic__nrfx.a(nrfx_gpiote.c.obj)
                0x00003e7c                nrfx_gpiote_irq_handler
 .text.nvmc_readonly_mode_set
                0x00003fcc       0x14 modules/hal_nordic/nrfx/libmodules__hal_nordic__nrfx.a(nrfx_nvmc.c.obj)
 .text.nrfx_nvmc_page_erase
                0x00003fe0       0x3c modules/hal_nordic/nrfx/libmodules__hal_nordic__nrfx.a(nrfx_nvmc.c.obj)
                0x00003fe0                nrfx_nvmc_page_erase
 .text.nrfx_nvmc_word_write
                0x0000401c       0x24 modules/hal_nordic/nrfx/libmodules__hal_nordic__nrfx.a(nrfx_nvmc.c.obj)
                0x0000401c                nrfx_nvmc_word_write
 .text.z_sys_init_run_level
                0x00004040       0x40 zephyr/kernel/libkernel.a(device.c.obj)
                0x00004040                z_sys_init_run_level
 .text.z_impl_device_get_binding
                0x00004080       0x58 zephyr/kernel/libkernel.a(device.c.obj)
                0x00004080                z_impl_device_get_binding
 .text.z_fatal_error
                0x000040d8       0x7c zephyr/kernel/libkernel.a(fatal.c.obj)
                0x000040d8                z_fatal_error
 .text.bg_thread_main
                0x00004154       0x30 zephyr/kernel/libkernel.a(init.c.obj)
 .text.z_bss_zero
                0x00004184       0x14 zephyr/kernel/libkernel.a(init.c.obj)
                0x00004184                z_bss_zero
 .text.z_cstart
                0x00004198       0x74 zephyr/kernel/libkernel.a(init.c.obj)
                0x00004198                z_cstart
 .text.z_data_copy
                0x0000420c       0x34 zephyr/kernel/libkernel.a(xip.c.obj)
                0x0000420c                z_data_copy
 .text.elapsed  0x00004240       0x14 zephyr/kernel/libkernel.a(timeout.c.obj)
 .text.remove_timeout
                0x00004254       0x34 zephyr/kernel/libkernel.a(timeout.c.obj)
 .text.next_timeout
                0x00004288       0x48 zephyr/kernel/libkernel.a(timeout.c.obj)
 .text.sys_clock_announce
                0x000042d0       0xcc zephyr/kernel/libkernel.a(timeout.c.obj)
                0x000042d0                sys_clock_announce
 .text.boot_banner
                0x0000439c       0x18 zephyr/kernel/libkernel.a(banner.c.obj)
                0x0000439c                boot_banner
 .text.nrf_cc3xx_platform_init_no_rng
                0x000043b4       0x38 C:/ncs/v1.9.1/nrfxlib/crypto/nrf_cc310_platform/lib/cortex-m33/hard-float/no-interrupts/libnrf_cc310_platform_0.9.13.a(nrf_cc3xx_platform.c.obj)
                0x000043b4                nrf_cc3xx_platform_init_no_rng
 .text.nrf_cc3xx_platform_abort
                0x000043ec       0x24 C:/ncs/v1.9.1/nrfxlib/crypto/nrf_cc310_platform/lib/cortex-m33/hard-float/no-interrupts/libnrf_cc310_platform_0.9.13.a(nrf_cc3xx_platform_abort.c.obj)
 .text.CC_PalAbort
                0x00004410       0x38 C:/ncs/v1.9.1/nrfxlib/crypto/nrf_cc310_platform/lib/cortex-m33/hard-float/no-interrupts/libnrf_cc310_platform_0.9.13.a(nrf_cc3xx_platform_abort.c.obj)
                0x00004410                CC_PalAbort
 .text.nrf_cc3xx_platform_set_abort
                0x00004448       0x10 C:/ncs/v1.9.1/nrfxlib/crypto/nrf_cc310_platform/lib/cortex-m33/hard-float/no-interrupts/libnrf_cc310_platform_0.9.13.a(nrf_cc3xx_platform_abort.c.obj)
                0x00004448                nrf_cc3xx_platform_set_abort
 .text.mbedtls_platform_zeroize
                0x00004458       0x14 C:/ncs/v1.9.1/nrfxlib/crypto/nrf_cc310_platform/lib/cortex-m33/hard-float/no-interrupts/libnrf_cc310_platform_0.9.13.a(mbedtls_common.c.obj)
                0x00004458                mbedtls_platform_zeroize
 .text.CC_LibInitNoRng
                0x0000446c       0x6c C:/ncs/v1.9.1/nrfxlib/crypto/nrf_cc310_platform/lib/cortex-m33/hard-float/no-interrupts/libnrf_cc310_platform_0.9.13.a(cc_lib.c.obj)
                0x0000446c                CC_LibInitNoRng
 .text.CC_HalInit
                0x000044d8        0x4 C:/ncs/v1.9.1/nrfxlib/crypto/nrf_cc310_platform/lib/cortex-m33/hard-float/no-interrupts/libnrf_cc310_platform_0.9.13.a(cc_hal.c.obj)
                0x000044d8                CC_HalInit
 .text.CC_HalTerminate
                0x000044dc        0x4 C:/ncs/v1.9.1/nrfxlib/crypto/nrf_cc310_platform/lib/cortex-m33/hard-float/no-interrupts/libnrf_cc310_platform_0.9.13.a(cc_hal.c.obj)
                0x000044dc                CC_HalTerminate
 .text.CC_HalMaskInterrupt
                0x000044e0        0xc C:/ncs/v1.9.1/nrfxlib/crypto/nrf_cc310_platform/lib/cortex-m33/hard-float/no-interrupts/libnrf_cc310_platform_0.9.13.a(cc_hal.c.obj)
                0x000044e0                CC_HalMaskInterrupt
 .text.CC_PalInit
                0x000044ec       0x5c C:/ncs/v1.9.1/nrfxlib/crypto/nrf_cc310_platform/lib/cortex-m33/hard-float/no-interrupts/libnrf_cc310_platform_0.9.13.a(cc_pal.c.obj)
                0x000044ec                CC_PalInit
 .text.CC_PalTerminate
                0x00004548       0x34 C:/ncs/v1.9.1/nrfxlib/crypto/nrf_cc310_platform/lib/cortex-m33/hard-float/no-interrupts/libnrf_cc310_platform_0.9.13.a(cc_pal.c.obj)
                0x00004548                CC_PalTerminate
 .text.CC_PalDmaInit
                0x0000457c        0x4 C:/ncs/v1.9.1/nrfxlib/crypto/nrf_cc310_platform/lib/cortex-m33/hard-float/no-interrupts/libnrf_cc310_platform_0.9.13.a(cc_pal_dma.c.obj)
                0x0000457c                CC_PalDmaInit
 .text.CC_PalDmaTerminate
                0x00004580        0x4 C:/ncs/v1.9.1/nrfxlib/crypto/nrf_cc310_platform/lib/cortex-m33/hard-float/no-interrupts/libnrf_cc310_platform_0.9.13.a(cc_pal_dma.c.obj)
                0x00004580                CC_PalDmaTerminate
 .text.CC_PalMutexCreate
                0x00004584       0x14 C:/ncs/v1.9.1/nrfxlib/crypto/nrf_cc310_platform/lib/cortex-m33/hard-float/no-interrupts/libnrf_cc310_platform_0.9.13.a(cc_pal_mutex.c.obj)
                0x00004584                CC_PalMutexCreate
 .text.CC_PalMutexDestroy
                0x00004598       0x14 C:/ncs/v1.9.1/nrfxlib/crypto/nrf_cc310_platform/lib/cortex-m33/hard-float/no-interrupts/libnrf_cc310_platform_0.9.13.a(cc_pal_mutex.c.obj)
                0x00004598                CC_PalMutexDestroy
 .text.CC_PalPowerSaveModeInit
                0x000045ac       0x3c C:/ncs/v1.9.1/nrfxlib/crypto/nrf_cc310_platform/lib/cortex-m33/hard-float/no-interrupts/libnrf_cc310_platform_0.9.13.a(cc_pal_pm.c.obj)
                0x000045ac                CC_PalPowerSaveModeInit
 .text.CC_PalPowerSaveModeSelect
                0x000045e8       0x84 C:/ncs/v1.9.1/nrfxlib/crypto/nrf_cc310_platform/lib/cortex-m33/hard-float/no-interrupts/libnrf_cc310_platform_0.9.13.a(cc_pal_pm.c.obj)
                0x000045e8                CC_PalPowerSaveModeSelect
 .text.mutex_free
                0x0000466c       0x28 C:/ncs/v1.9.1/nrfxlib/crypto/nrf_cc310_platform/lib/cortex-m33/hard-float/no-interrupts/libnrf_cc310_platform_0.9.13.a(nrf_cc3xx_platform_mutex.c.obj)
 .text.mutex_unlock
                0x00004694       0x2c C:/ncs/v1.9.1/nrfxlib/crypto/nrf_cc310_platform/lib/cortex-m33/hard-float/no-interrupts/libnrf_cc310_platform_0.9.13.a(nrf_cc3xx_platform_mutex.c.obj)
 .text.mutex_init
                0x000046c0       0x1c C:/ncs/v1.9.1/nrfxlib/crypto/nrf_cc310_platform/lib/cortex-m33/hard-float/no-interrupts/libnrf_cc310_platform_0.9.13.a(nrf_cc3xx_platform_mutex.c.obj)
 .text.mutex_lock
                0x000046dc       0x3c C:/ncs/v1.9.1/nrfxlib/crypto/nrf_cc310_platform/lib/cortex-m33/hard-float/no-interrupts/libnrf_cc310_platform_0.9.13.a(nrf_cc3xx_platform_mutex.c.obj)
 .text.verify_context_ecdsa_verify_secp256r1
                0x00004718       0x20 C:/ncs/v1.9.1/nrfxlib/crypto/nrf_cc310_bl/lib/cortex-m33/hard-float/no-interrupts/libnrf_cc310_bl_0.9.12.a(nrf_cc310_bl_ecdsa_verify_secp256r1.c.obj)
 .text.nrf_cc310_bl_ecdsa_verify_init_secp256r1
                0x00004738       0x4c C:/ncs/v1.9.1/nrfxlib/crypto/nrf_cc310_bl/lib/cortex-m33/hard-float/no-interrupts/libnrf_cc310_bl_0.9.12.a(nrf_cc310_bl_ecdsa_verify_secp256r1.c.obj)
                0x00004738                nrf_cc310_bl_ecdsa_verify_init_secp256r1
 .text.nrf_cc310_bl_ecdsa_verify_hash_secp256r1
                0x00004784      0x168 C:/ncs/v1.9.1/nrfxlib/crypto/nrf_cc310_bl/lib/cortex-m33/hard-float/no-interrupts/libnrf_cc310_bl_0.9.12.a(nrf_cc310_bl_ecdsa_verify_secp256r1.c.obj)
                0x00004784                nrf_cc310_bl_ecdsa_verify_hash_secp256r1
 .text.set_digest_in_hw_sha256
                0x000048ec       0x38 C:/ncs/v1.9.1/nrfxlib/crypto/nrf_cc310_bl/lib/cortex-m33/hard-float/no-interrupts/libnrf_cc310_bl_0.9.12.a(nrf_cc310_bl_hash_sha256.c.obj)
 .text.read_digest_in_hw_sha256
                0x00004924       0x54 C:/ncs/v1.9.1/nrfxlib/crypto/nrf_cc310_bl/lib/cortex-m33/hard-float/no-interrupts/libnrf_cc310_bl_0.9.12.a(nrf_cc310_bl_hash_sha256.c.obj)
 .text.verify_context_hash_sha256
                0x00004978       0x20 C:/ncs/v1.9.1/nrfxlib/crypto/nrf_cc310_bl/lib/cortex-m33/hard-float/no-interrupts/libnrf_cc310_bl_0.9.12.a(nrf_cc310_bl_hash_sha256.c.obj)
 .text.nrf_cc310_bl_hash_sha256_init
                0x00004998       0x34 C:/ncs/v1.9.1/nrfxlib/crypto/nrf_cc310_bl/lib/cortex-m33/hard-float/no-interrupts/libnrf_cc310_bl_0.9.12.a(nrf_cc310_bl_hash_sha256.c.obj)
                0x00004998                nrf_cc310_bl_hash_sha256_init
 .text.nrf_cc310_bl_hash_sha256_update
                0x000049cc       0xb0 C:/ncs/v1.9.1/nrfxlib/crypto/nrf_cc310_bl/lib/cortex-m33/hard-float/no-interrupts/libnrf_cc310_bl_0.9.12.a(nrf_cc310_bl_hash_sha256.c.obj)
                0x000049cc                nrf_cc310_bl_hash_sha256_update
 .text.nrf_cc310_bl_hash_sha256_finalize
                0x00004a7c       0x60 C:/ncs/v1.9.1/nrfxlib/crypto/nrf_cc310_bl/lib/cortex-m33/hard-float/no-interrupts/libnrf_cc310_bl_0.9.12.a(nrf_cc310_bl_hash_sha256.c.obj)
                0x00004a7c                nrf_cc310_bl_hash_sha256_finalize
 .text.nrf_cc310_bl_init
                0x00004adc       0x34 C:/ncs/v1.9.1/nrfxlib/crypto/nrf_cc310_bl/lib/cortex-m33/hard-float/no-interrupts/libnrf_cc310_bl_0.9.12.a(nrf_cc310_bl_init.c.obj)
                0x00004adc                nrf_cc310_bl_init
 .text.PkaSetRegsMapTab
                0x00004b10       0x48 C:/ncs/v1.9.1/nrfxlib/crypto/nrf_cc310_bl/lib/cortex-m33/hard-float/no-interrupts/libnrf_cc310_bl_0.9.12.a(pka.c.obj)
                0x00004b10                PkaSetRegsMapTab
 .text.PkaGetRegEffectiveSizeInBits
                0x00004b58       0x8c C:/ncs/v1.9.1/nrfxlib/crypto/nrf_cc310_bl/lib/cortex-m33/hard-float/no-interrupts/libnrf_cc310_bl_0.9.12.a(pka.c.obj)
                0x00004b58                PkaGetRegEffectiveSizeInBits
 .text.PkaGetNextMsBit
                0x00004be4       0x7c C:/ncs/v1.9.1/nrfxlib/crypto/nrf_cc310_bl/lib/cortex-m33/hard-float/no-interrupts/libnrf_cc310_bl_0.9.12.a(pka.c.obj)
                0x00004be4                PkaGetNextMsBit
 .text.PkaSetRegsSizesTab
                0x00004c60       0x3c C:/ncs/v1.9.1/nrfxlib/crypto/nrf_cc310_bl/lib/cortex-m33/hard-float/no-interrupts/libnrf_cc310_bl_0.9.12.a(pka.c.obj)
                0x00004c60                PkaSetRegsSizesTab
 .text.PkaInitPka
                0x00004c9c       0x74 C:/ncs/v1.9.1/nrfxlib/crypto/nrf_cc310_bl/lib/cortex-m33/hard-float/no-interrupts/libnrf_cc310_bl_0.9.12.a(pka.c.obj)
                0x00004c9c                PkaInitPka
 .text.PkaClearBlockOfRegs
                0x00004d10      0x134 C:/ncs/v1.9.1/nrfxlib/crypto/nrf_cc310_bl/lib/cortex-m33/hard-float/no-interrupts/libnrf_cc310_bl_0.9.12.a(pka.c.obj)
                0x00004d10                PkaClearBlockOfRegs
 .text.PkaFinishAndMutexUnlock
                0x00004e44       0x24 C:/ncs/v1.9.1/nrfxlib/crypto/nrf_cc310_bl/lib/cortex-m33/hard-float/no-interrupts/libnrf_cc310_bl_0.9.12.a(pka.c.obj)
                0x00004e44                PkaFinishAndMutexUnlock
 .text.PkaCopyDataIntoPkaReg
                0x00004e68       0xb8 C:/ncs/v1.9.1/nrfxlib/crypto/nrf_cc310_bl/lib/cortex-m33/hard-float/no-interrupts/libnrf_cc310_bl_0.9.12.a(pka.c.obj)
                0x00004e68                PkaCopyDataIntoPkaReg
 .text.PkaEcdsaVerify
                0x00004f20      0x284 C:/ncs/v1.9.1/nrfxlib/crypto/nrf_cc310_bl/lib/cortex-m33/hard-float/no-interrupts/libnrf_cc310_bl_0.9.12.a(pka_ec_wrst_dsa_verify.c.obj)
                0x00004f20                PkaEcdsaVerify
 .text.nrf_cc310_bl_hash_update_internal
                0x000051a4       0xf0 C:/ncs/v1.9.1/nrfxlib/crypto/nrf_cc310_bl/lib/cortex-m33/hard-float/no-interrupts/libnrf_cc310_bl_0.9.12.a(nrf_cc310_bl_hash.c.obj)
                0x000051a4                nrf_cc310_bl_hash_update_internal
 .text.PkaDoubleMdf2Mdf
                0x00005294      0x1ac C:/ncs/v1.9.1/nrfxlib/crypto/nrf_cc310_bl/lib/cortex-m33/hard-float/no-interrupts/libnrf_cc310_bl_0.9.12.a(pka_ec_wrst.c.obj)
                0x00005294                PkaDoubleMdf2Mdf
 .text.PkaDoubleMdf2Jcb
                0x00005440      0x178 C:/ncs/v1.9.1/nrfxlib/crypto/nrf_cc310_bl/lib/cortex-m33/hard-float/no-interrupts/libnrf_cc310_bl_0.9.12.a(pka_ec_wrst.c.obj)
                0x00005440                PkaDoubleMdf2Jcb
 .text.PkaAddJcbAfn2Mdf
                0x000055b8      0x194 C:/ncs/v1.9.1/nrfxlib/crypto/nrf_cc310_bl/lib/cortex-m33/hard-float/no-interrupts/libnrf_cc310_bl_0.9.12.a(pka_ec_wrst.c.obj)
                0x000055b8                PkaAddJcbAfn2Mdf
 .text.PkaJcb2Afn
                0x0000574c       0xb0 C:/ncs/v1.9.1/nrfxlib/crypto/nrf_cc310_bl/lib/cortex-m33/hard-float/no-interrupts/libnrf_cc310_bl_0.9.12.a(pka_ec_wrst.c.obj)
                0x0000574c                PkaJcb2Afn
 .text.PkaAddAff
                0x000057fc      0x114 C:/ncs/v1.9.1/nrfxlib/crypto/nrf_cc310_bl/lib/cortex-m33/hard-float/no-interrupts/libnrf_cc310_bl_0.9.12.a(pka_ec_wrst.c.obj)
                0x000057fc                PkaAddAff
 .text.PkaSum2ScalarMullt
                0x00005910      0x1e4 C:/ncs/v1.9.1/nrfxlib/crypto/nrf_cc310_bl/lib/cortex-m33/hard-float/no-interrupts/libnrf_cc310_bl_0.9.12.a(pka_ec_wrst.c.obj)
                0x00005910                PkaSum2ScalarMullt
 .text.SaSi_HalClearInterruptBit
                0x00005af4        0xc C:/ncs/v1.9.1/nrfxlib/crypto/nrf_cc310_bl/lib/cortex-m33/hard-float/no-interrupts/libnrf_cc310_bl_0.9.12.a(ssi_hal.c.obj)
                0x00005af4                SaSi_HalClearInterruptBit
 .text.SaSi_HalMaskInterrupt
                0x00005b00        0xc C:/ncs/v1.9.1/nrfxlib/crypto/nrf_cc310_bl/lib/cortex-m33/hard-float/no-interrupts/libnrf_cc310_bl_0.9.12.a(ssi_hal.c.obj)
                0x00005b00                SaSi_HalMaskInterrupt
 .text.SaSi_HalWaitInterrupt
                0x00005b0c       0x18 C:/ncs/v1.9.1/nrfxlib/crypto/nrf_cc310_bl/lib/cortex-m33/hard-float/no-interrupts/libnrf_cc310_bl_0.9.12.a(ssi_hal.c.obj)
                0x00005b0c                SaSi_HalWaitInterrupt
 .text.flash_area_id_from_multi_image_slot
                0x00005b24       0x12 app/libapp.a(flash_map_extended.c.obj)
                0x00005b24                flash_area_id_from_multi_image_slot
 .text.flash_area_get_device_id
                0x00005b36        0x4 app/libapp.a(flash_map_extended.c.obj)
                0x00005b36                flash_area_get_device_id
 .text.os_heap_init
                0x00005b3a        0x2 app/libapp.a(os.c.obj)
                0x00005b3a                os_heap_init
 .text.bootutil_tlv_iter_begin
                0x00005b3c       0x98 app/libapp.a(tlv.c.obj)
                0x00005b3c                bootutil_tlv_iter_begin
 .text.bootutil_tlv_iter_next
                0x00005bd4       0x96 app/libapp.a(tlv.c.obj)
                0x00005bd4                bootutil_tlv_iter_next
 .text.bootutil_read_bigint
                0x00005c6a       0x58 app/libapp.a(image_ec256.c.obj)
 .text.boot_fih_memequal
                0x00005cc2        0x4 app/libapp.a(bootutil_misc.c.obj)
                0x00005cc2                boot_fih_memequal
 .text.boot_trailer_sz
                0x00005cc6        0xa app/libapp.a(bootutil_misc.c.obj)
                0x00005cc6                boot_trailer_sz
 .text.boot_status_entries
                0x00005cd0       0x14 app/libapp.a(bootutil_misc.c.obj)
                0x00005cd0                boot_status_entries
 .text.boot_status_off
                0x00005ce4       0x18 app/libapp.a(bootutil_misc.c.obj)
                0x00005ce4                boot_status_off
 .text.boot_write_copy_done
                0x00005cfc        0xa app/libapp.a(bootutil_misc.c.obj)
                0x00005cfc                boot_write_copy_done
 .text.boot_write_swap_size
                0x00005d06       0x1e app/libapp.a(bootutil_misc.c.obj)
                0x00005d06                boot_write_swap_size
 .text.boot_read_image_size
                0x00005d24       0x90 app/libapp.a(loader.c.obj)
 .text.boot_read_image_headers
                0x00005db4       0x32 app/libapp.a(loader.c.obj)
 .text.boot_read_sectors
                0x00005de6       0x42 app/libapp.a(loader.c.obj)
 .text.boot_status_reset
                0x00005e28       0x12 app/libapp.a(loader.c.obj)
                0x00005e28                boot_status_reset
 .text.boot_status_is_reset
                0x00005e3a       0x1a app/libapp.a(loader.c.obj)
                0x00005e3a                boot_status_is_reset
 .text.boot_write_status
                0x00005e54       0x64 app/libapp.a(loader.c.obj)
                0x00005e54                boot_write_status
 .text.boot_erase_region
                0x00005eb8        0x4 app/libapp.a(loader.c.obj)
                0x00005eb8                boot_erase_region
 .text.swap_erase_trailer_sectors
                0x00005ebc       0x6c app/libapp.a(swap_misc.c.obj)
                0x00005ebc                swap_erase_trailer_sectors
 .text.swap_status_init
                0x00005f28       0x3e app/libapp.a(swap_misc.c.obj)
                0x00005f28                swap_status_init
 .text.swap_read_status
                0x00005f66       0x7a app/libapp.a(swap_misc.c.obj)
                0x00005f66                swap_read_status
 .text.swap_set_copy_done
                0x00005fe0       0x24 app/libapp.a(swap_misc.c.obj)
                0x00005fe0                swap_set_copy_done
 .text.swap_set_image_ok
                0x00006004       0x3c app/libapp.a(swap_misc.c.obj)
                0x00006004                swap_set_image_ok
 .text.boot_status_internal_off
                0x00006040       0x2c app/libapp.a(swap_move.c.obj)
                0x00006040                boot_status_internal_off
 .text.mbedtls_asn1_get_len
                0x0000606c       0x90 app/libapp.a(asn1parse.c.obj)
                0x0000606c                mbedtls_asn1_get_len
 .text.mbedtls_asn1_get_tag
                0x000060fc       0x28 app/libapp.a(asn1parse.c.obj)
                0x000060fc                mbedtls_asn1_get_tag
 .text.mbedtls_asn1_get_bitstring_null
                0x00006124       0x28 app/libapp.a(asn1parse.c.obj)
                0x00006124                mbedtls_asn1_get_bitstring_null
 .text.mbedtls_asn1_get_alg
                0x0000614c       0x96 app/libapp.a(asn1parse.c.obj)
                0x0000614c                mbedtls_asn1_get_alg
 .text.cc310_sha256_update
                0x000061e2       0x36 app/libapp.a(cc310_glue.c.obj)
                0x000061e2                cc310_sha256_update
 .text.sys_notify_validate
                0x00006218       0x22 zephyr/libzephyr.a(notify.c.obj)
                0x00006218                sys_notify_validate
 .text.sys_notify_finalize
                0x0000623a       0x18 zephyr/libzephyr.a(notify.c.obj)
                0x0000623a                sys_notify_finalize
 .text.arch_printk_char_out
                0x00006252        0x4 zephyr/libzephyr.a(printk.c.obj)
                0x00006252                arch_printk_char_out
 .text.printk   0x00006256       0x1a zephyr/libzephyr.a(printk.c.obj)
                0x00006256                printk
 .text.process_recheck
                0x00006270       0x38 zephyr/libzephyr.a(onoff.c.obj)
 .text.notify_one
                0x000062a8       0x2c zephyr/libzephyr.a(onoff.c.obj)
 .text.transition_complete
                0x000062d4       0x1e zephyr/libzephyr.a(onoff.c.obj)
 .text.validate_args
                0x000062f2       0x1e zephyr/libzephyr.a(onoff.c.obj)
 .text.onoff_manager_init
                0x00006310       0x26 zephyr/libzephyr.a(onoff.c.obj)
                0x00006310                onoff_manager_init
 .text.onoff_request
                0x00006336       0x92 zephyr/libzephyr.a(onoff.c.obj)
                0x00006336                onoff_request
 .text._ConfigAbsSyms
                0x000063c8        0x2 zephyr/libzephyr.a(configs.c.obj)
                0x000063c8                _ConfigAbsSyms
 .text.z_log_minimal_printk
                0x000063ca       0x1a zephyr/libzephyr.a(log_minimal.c.obj)
                0x000063ca                z_log_minimal_printk
 .text.flash_area_close
                0x000063e4        0x2 zephyr/libzephyr.a(flash_map.c.obj)
                0x000063e4                flash_area_close
 .text.flash_area_read
                0x000063e6       0x38 zephyr/libzephyr.a(flash_map.c.obj)
                0x000063e6                flash_area_read
 .text.flash_area_write
                0x0000641e       0x5c zephyr/libzephyr.a(flash_map.c.obj)
                0x0000641e                flash_area_write
 .text.flash_area_erase
                0x0000647a       0x5e zephyr/libzephyr.a(flash_map.c.obj)
                0x0000647a                flash_area_erase
 .text.flash_area_align
                0x000064d8       0x12 zephyr/libzephyr.a(flash_map.c.obj)
                0x000064d8                flash_area_align
 .text.flash_area_erased_val
                0x000064ea       0x12 zephyr/libzephyr.a(flash_map.c.obj)
                0x000064ea                flash_area_erased_val
 .text.get_sectors_cb
                0x000064fc       0x3c zephyr/libzephyr.a(flash_map_layout.c.obj)
 .text.abort_function
                0x00006538        0x8 zephyr/libzephyr.a(nrf_cc3xx_platform_abort_zephyr.c.obj)
 .text.nrf_cc3xx_platform_mutex_init
                0x00006540        0x2 zephyr/libzephyr.a(nrf_cc3xx_platform_no_mutex_zephyr.c.obj)
                0x00006540                nrf_cc3xx_platform_mutex_init
 .text.z_do_kernel_oops
                0x00006542        0x8 zephyr/arch/arch/arm/core/aarch32/libarch__arm__core__aarch32.a(fatal.c.obj)
                0x00006542                z_do_kernel_oops
 .text.z_irq_spurious
                0x0000654a        0x8 zephyr/arch/arch/arm/core/aarch32/libarch__arm__core__aarch32.a(irq_manage.c.obj)
                0x0000654a                z_irq_spurious
 .text.z_arm_nmi
                0x00006552        0xe zephyr/arch/arch/arm/core/aarch32/libarch__arm__core__aarch32.a(nmi.c.obj)
                0x00006552                z_arm_nmi
 .text.arm_cmse_mpu_region_get
                0x00006560       0x14 zephyr/arch/arch/arm/core/aarch32/cortex_m/cmse/libarch__arm__core__aarch32__cortex_m__cmse.a(arm_core_cmse.c.obj)
                0x00006560                arm_cmse_mpu_region_get
 .text.strlen   0x00006574        0xe zephyr/lib/libc/minimal/liblib__libc__minimal.a(string.c.obj)
                0x00006574                strlen
 .text.strcmp   0x00006582       0x18 zephyr/lib/libc/minimal/liblib__libc__minimal.a(string.c.obj)
                0x00006582                strcmp
 .text.memcmp   0x0000659a       0x20 zephyr/lib/libc/minimal/liblib__libc__minimal.a(string.c.obj)
                0x0000659a                memcmp
 .text.memcpy   0x000065ba       0x16 zephyr/lib/libc/minimal/liblib__libc__minimal.a(string.c.obj)
                0x000065ba                memcpy
 .text.memset   0x000065d0       0x12 zephyr/lib/libc/minimal/liblib__libc__minimal.a(string.c.obj)
                0x000065d0                memset
 .text._stdout_hook_default
                0x000065e2        0x6 zephyr/lib/libc/minimal/liblib__libc__minimal.a(stdout_console.c.obj)
 .text.get_status
                0x000065e8       0x12 zephyr/drivers/clock_control/libdrivers__clock_control.a(clock_control_nrf.c.obj)
 .text.set_off_state
                0x000065fa       0x32 zephyr/drivers/clock_control/libdrivers__clock_control.a(clock_control_nrf.c.obj)
 .text.set_starting_state
                0x0000662c       0x3c zephyr/drivers/clock_control/libdrivers__clock_control.a(clock_control_nrf.c.obj)
 .text.set_on_state
                0x00006668       0x26 zephyr/drivers/clock_control/libdrivers__clock_control.a(clock_control_nrf.c.obj)
 .text.api_blocking_start
                0x0000668e        0x6 zephyr/drivers/clock_control/libdrivers__clock_control.a(clock_control_nrf.c.obj)
 .text.onoff_started_callback
                0x00006694       0x14 zephyr/drivers/clock_control/libdrivers__clock_control.a(clock_control_nrf.c.obj)
 .text.lfclk_start
                0x000066a8        0x6 zephyr/drivers/clock_control/libdrivers__clock_control.a(clock_control_nrf.c.obj)
 .text.lfclk_stop
                0x000066ae        0x6 zephyr/drivers/clock_control/libdrivers__clock_control.a(clock_control_nrf.c.obj)
 .text.api_stop
                0x000066b4       0x28 zephyr/drivers/clock_control/libdrivers__clock_control.a(clock_control_nrf.c.obj)
 .text.api_start
                0x000066dc       0x34 zephyr/drivers/clock_control/libdrivers__clock_control.a(clock_control_nrf.c.obj)
 .text.gpio_nrfx_port_get_raw
                0x00006710        0xc zephyr/drivers/gpio/libdrivers__gpio.a(gpio_nrfx.c.obj)
 .text.gpio_nrfx_port_set_masked_raw
                0x0000671c       0x12 zephyr/drivers/gpio/libdrivers__gpio.a(gpio_nrfx.c.obj)
 .text.gpio_nrfx_port_set_bits_raw
                0x0000672e        0xa zephyr/drivers/gpio/libdrivers__gpio.a(gpio_nrfx.c.obj)
 .text.gpio_nrfx_port_clear_bits_raw
                0x00006738        0xa zephyr/drivers/gpio/libdrivers__gpio.a(gpio_nrfx.c.obj)
 .text.gpio_nrfx_port_toggle_bits
                0x00006742        0xe zephyr/drivers/gpio/libdrivers__gpio.a(gpio_nrfx.c.obj)
 .text.gpio_nrfx_manage_callback
                0x00006750       0x56 zephyr/drivers/gpio/libdrivers__gpio.a(gpio_nrfx.c.obj)
 .text.is_regular_addr_valid
                0x000067a6       0x26 zephyr/drivers/flash/libdrivers__flash.a(soc_flash_nrf.c.obj)
 .text.flash_page_foreach
                0x000067cc       0x58 zephyr/drivers/flash/libdrivers__flash.a(flash_page_layout.c.obj)
                0x000067cc                flash_page_foreach
 .text.uarte_nrfx_isr_int
                0x00006824       0x74 zephyr/drivers/serial/libdrivers__serial.a(uart_nrfx_uarte.c.obj)
 .text.uarte_nrfx_config_get
                0x00006898       0x10 zephyr/drivers/serial/libdrivers__serial.a(uart_nrfx_uarte.c.obj)
 .text.uarte_nrfx_err_check
                0x000068a8        0xe zephyr/drivers/serial/libdrivers__serial.a(uart_nrfx_uarte.c.obj)
 .text.is_tx_ready
                0x000068b6       0x20 zephyr/drivers/serial/libdrivers__serial.a(uart_nrfx_uarte.c.obj)
 .text.uarte_nrfx_poll_in
                0x000068d6       0x26 zephyr/drivers/serial/libdrivers__serial.a(uart_nrfx_uarte.c.obj)
 .text.uarte_0_init
                0x000068fc       0x1e zephyr/drivers/serial/libdrivers__serial.a(uart_nrfx_uarte.c.obj)
 .text.uarte_1_init
                0x0000691a       0x1e zephyr/drivers/serial/libdrivers__serial.a(uart_nrfx_uarte.c.obj)
 .text.hw_cc3xx_init_internal
                0x00006938        0x4 modules/nrf/drivers/hw_cc310/lib..__nrf__drivers__hw_cc310.a(hw_cc310.c.obj)
 .text.hw_cc3xx_init
                0x0000693c       0x12 modules/nrf/drivers/hw_cc310/lib..__nrf__drivers__hw_cc310.a(hw_cc310.c.obj)
 .text.bootutil_buffer_is_erased.part.0
                0x0000694e       0x22 modules/mcuboot/boot/bootutil/zephyr/libmcuboot_util.a(bootutil_public.c.obj)
 .text.boot_swap_info_off
                0x00006970        0x6 modules/mcuboot/boot/bootutil/zephyr/libmcuboot_util.a(bootutil_public.c.obj)
                0x00006970                boot_swap_info_off
 .text.boot_magic_compatible_check
                0x00006976       0x1c modules/mcuboot/boot/bootutil/zephyr/libmcuboot_util.a(bootutil_public.c.obj)
                0x00006976                boot_magic_compatible_check
 .text.bootutil_buffer_is_erased
                0x00006992        0xc modules/mcuboot/boot/bootutil/zephyr/libmcuboot_util.a(bootutil_public.c.obj)
                0x00006992                bootutil_buffer_is_erased
 .text.boot_read_flag
                0x0000699e       0x3a modules/mcuboot/boot/bootutil/zephyr/libmcuboot_util.a(bootutil_public.c.obj)
 .text.boot_write_trailer
                0x000069d8       0x5e modules/mcuboot/boot/bootutil/zephyr/libmcuboot_util.a(bootutil_public.c.obj)
                0x000069d8                boot_write_trailer
 .text.boot_write_trailer_flag
                0x00006a36       0x14 modules/mcuboot/boot/bootutil/zephyr/libmcuboot_util.a(bootutil_public.c.obj)
                0x00006a36                boot_write_trailer_flag
 .text.boot_write_image_ok
                0x00006a4a        0xa modules/mcuboot/boot/bootutil/zephyr/libmcuboot_util.a(bootutil_public.c.obj)
                0x00006a4a                boot_write_image_ok
 .text.boot_read_image_ok
                0x00006a54        0x8 modules/mcuboot/boot/bootutil/zephyr/libmcuboot_util.a(bootutil_public.c.obj)
                0x00006a54                boot_read_image_ok
 .text.boot_read_swap_state_by_id
                0x00006a5c       0x28 modules/mcuboot/boot/bootutil/zephyr/libmcuboot_util.a(bootutil_public.c.obj)
                0x00006a5c                boot_read_swap_state_by_id
 .text.boot_write_swap_info
                0x00006a84       0x1e modules/mcuboot/boot/bootutil/zephyr/libmcuboot_util.a(bootutil_public.c.obj)
                0x00006a84                boot_write_swap_info
 .text.nrfx_isr
                0x00006aa2        0x2 modules/hal_nordic/nrfx/libmodules__hal_nordic__nrfx.a(nrfx_glue.c.obj)
                0x00006aa2                nrfx_isr
 .text.nrfx_busy_wait
                0x00006aa4        0x4 modules/hal_nordic/nrfx/libmodules__hal_nordic__nrfx.a(nrfx_glue.c.obj)
                0x00006aa4                nrfx_busy_wait
 .text.nrfx_clock_enable
                0x00006aa8       0x16 modules/hal_nordic/nrfx/libmodules__hal_nordic__nrfx.a(nrfx_clock.c.obj)
                0x00006aa8                nrfx_clock_enable
 .text.nrfx_nvmc_flash_size_get
                0x00006abe        0x6 modules/hal_nordic/nrfx/libmodules__hal_nordic__nrfx.a(nrfx_nvmc.c.obj)
                0x00006abe                nrfx_nvmc_flash_size_get
 .text.nrfx_nvmc_flash_page_size_get
                0x00006ac4        0x6 modules/hal_nordic/nrfx/libmodules__hal_nordic__nrfx.a(nrfx_nvmc.c.obj)
                0x00006ac4                nrfx_nvmc_flash_page_size_get
 .text.nrfx_nvmc_flash_page_count_get
                0x00006aca        0x6 modules/hal_nordic/nrfx/libmodules__hal_nordic__nrfx.a(nrfx_nvmc.c.obj)
                0x00006aca                nrfx_nvmc_flash_page_count_get
 .text.z_device_state_init
                0x00006ad0        0x2 zephyr/kernel/libkernel.a(device.c.obj)
                0x00006ad0                z_device_state_init
 .text.z_device_ready
                0x00006ad2       0x14 zephyr/kernel/libkernel.a(device.c.obj)
                0x00006ad2                z_device_ready
 .text.k_is_in_isr
                0x00006ae6        0xc zephyr/kernel/libkernel.a(thread.c.obj)
                0x00006ae6                k_is_in_isr
 .text.z_impl_k_busy_wait
                0x00006af2        0x8 zephyr/kernel/libkernel.a(timeout.c.obj)
                0x00006af2                z_impl_k_busy_wait
 .text._OffsetAbsSyms
                0x00006afa        0x2 zephyr/CMakeFiles/offsets.dir/./arch/arm/core/offsets/offsets.c.obj
                0x00006afa                _OffsetAbsSyms
 .text.nrf_cc310_bl_ecdsa_verify_secp256r1
                0x00006afc       0x26 C:/ncs/v1.9.1/nrfxlib/crypto/nrf_cc310_bl/lib/cortex-m33/hard-float/no-interrupts/libnrf_cc310_bl_0.9.12.a(nrf_cc310_bl_ecdsa_verify_secp256r1.c.obj)
                0x00006afc                nrf_cc310_bl_ecdsa_verify_secp256r1
 .text.PkaInitAndMutexLock
                0x00006b22        0x8 C:/ncs/v1.9.1/nrfxlib/crypto/nrf_cc310_bl/lib/cortex-m33/hard-float/no-interrupts/libnrf_cc310_bl_0.9.12.a(pka.c.obj)
                0x00006b22                PkaInitAndMutexLock
 .text.SaSi_PalMemCopy
                0x00006b2a        0x4 C:/ncs/v1.9.1/nrfxlib/crypto/nrf_cc310_bl/lib/cortex-m33/hard-float/no-interrupts/libnrf_cc310_bl_0.9.12.a(ssi_pal_mem.c.obj)
                0x00006b2a                SaSi_PalMemCopy
 .text.SaSi_PalMemSet
                0x00006b2e        0x4 C:/ncs/v1.9.1/nrfxlib/crypto/nrf_cc310_bl/lib/cortex-m33/hard-float/no-interrupts/libnrf_cc310_bl_0.9.12.a(ssi_pal_mem.c.obj)
                0x00006b2e                SaSi_PalMemSet
 .text.SaSi_PalMemSetZero
                0x00006b32        0x8 C:/ncs/v1.9.1/nrfxlib/crypto/nrf_cc310_bl/lib/cortex-m33/hard-float/no-interrupts/libnrf_cc310_bl_0.9.12.a(ssi_pal_mem.c.obj)
                0x00006b32                SaSi_PalMemSetZero
 .text.CRYS_COMMON_ReverseMemcpy32
                0x00006b3a       0x1a C:/ncs/v1.9.1/nrfxlib/crypto/nrf_cc310_bl/lib/cortex-m33/hard-float/no-interrupts/libnrf_cc310_bl_0.9.12.a(crys_common_conv_endian.c.obj)
                0x00006b3a                CRYS_COMMON_ReverseMemcpy32
 *(SORT_BY_ALIGNMENT(.TEXT.*))
 .TEXT.z_arm_platform_init
                0x00006b54        0x4 zephyr/libzephyr.a(soc_nrf_common.S.obj)
                0x00006b54                z_arm_platform_init
 *(SORT_BY_ALIGNMENT(.gnu.linkonce.t.*))
 *(SORT_BY_ALIGNMENT(.glue_7t))
 .glue_7t       0x00006b58        0x0 linker stubs
 *(SORT_BY_ALIGNMENT(.glue_7))
 .glue_7        0x00006b58        0x0 linker stubs
 *(SORT_BY_ALIGNMENT(.vfp11_veneer))
 .vfp11_veneer  0x00006b58        0x0 linker stubs
 *(SORT_BY_ALIGNMENT(.v4_bx))
 .v4_bx         0x00006b58        0x0 linker stubs
                0x00006b58                __text_region_end = .

.ARM.exidx      0x00006b58        0x8
                0x00006b58                __exidx_start = .
 *(SORT_BY_ALIGNMENT(.ARM.exidx*) SORT_BY_ALIGNMENT(gnu.linkonce.armexidx.*))
 .ARM.exidx     0x00006b58        0x8 c:/ncs/v1.9.1/toolchain/opt/bin/../lib/gcc/arm-none-eabi/9.2.1/thumb/v8-m.main+fp/hard\libgcc.a(_udivmoddi4.o)
                0x00006b60                __exidx_end = .
                0x00006b60                __rodata_region_start = .

initlevel       0x00006b60       0x50
                0x00006b60                __init_start = .
                0x00006b60                __init_PRE_KERNEL_1_start = .
 *(SORT_BY_NAME(SORT_BY_ALIGNMENT(.z_init_PRE_KERNEL_1[0-9]_*)))
 .z_init_PRE_KERNEL_10_
                0x00006b60        0x8 zephyr/libzephyr.a(soc.c.obj)
 *(SORT_BY_NAME(SORT_BY_ALIGNMENT(.z_init_PRE_KERNEL_1[1-9][0-9]_*)))
 .z_init_PRE_KERNEL_130_
                0x00006b68        0x8 zephyr/drivers/clock_control/libdrivers__clock_control.a(clock_control_nrf.c.obj)
 .z_init_PRE_KERNEL_140_
                0x00006b70        0x8 zephyr/drivers/gpio/libdrivers__gpio.a(gpio_nrfx.c.obj)
 .z_init_PRE_KERNEL_140_
                0x00006b78        0x8 modules/nrf/drivers/hw_cc310/lib..__nrf__drivers__hw_cc310.a(hw_cc310.c.obj)
 .z_init_PRE_KERNEL_155_
                0x00006b80       0x10 zephyr/drivers/serial/libdrivers__serial.a(uart_nrfx_uarte.c.obj)
 .z_init_PRE_KERNEL_160_
                0x00006b90        0x8 zephyr/drivers/console/libdrivers__console.a(uart_console.c.obj)
                0x00006b98                __init_PRE_KERNEL_2_start = .
 *(SORT_BY_NAME(SORT_BY_ALIGNMENT(.z_init_PRE_KERNEL_2[0-9]_*)))
 .z_init_PRE_KERNEL_20_
                0x00006b98        0x8 zephyr/drivers/timer/libdrivers__timer.a(nrf_rtc_timer.c.obj)
 *(SORT_BY_NAME(SORT_BY_ALIGNMENT(.z_init_PRE_KERNEL_2[1-9][0-9]_*)))
                0x00006ba0                __init_POST_KERNEL_start = .
 *(SORT_BY_NAME(SORT_BY_ALIGNMENT(.z_init_POST_KERNEL[0-9]_*)))
 *(SORT_BY_NAME(SORT_BY_ALIGNMENT(.z_init_POST_KERNEL[1-9][0-9]_*)))
 .z_init_POST_KERNEL40_
                0x00006ba0        0x8 modules/nrf/drivers/hw_cc310/lib..__nrf__drivers__hw_cc310.a(hw_cc310.c.obj)
 .z_init_POST_KERNEL50_
                0x00006ba8        0x8 zephyr/drivers/flash/libdrivers__flash.a(soc_flash_nrf.c.obj)
                0x00006bb0                __init_APPLICATION_start = .
 *(SORT_BY_NAME(SORT_BY_ALIGNMENT(.z_init_APPLICATION[0-9]_*)))
 *(SORT_BY_NAME(SORT_BY_ALIGNMENT(.z_init_APPLICATION[1-9][0-9]_*)))
                0x00006bb0                __init_SMP_start = .
 *(SORT_BY_NAME(SORT_BY_ALIGNMENT(.z_init_SMP[0-9]_*)))
 *(SORT_BY_NAME(SORT_BY_ALIGNMENT(.z_init_SMP[1-9][0-9]_*)))
                0x00006bb0                __init_end = .

devices         0x00006bb0       0x78
                0x00006bb0                __device_start = .
                0x00006bb0                __device_PRE_KERNEL_1_start = .
 *(SORT_BY_NAME(SORT_BY_ALIGNMENT(.z_device_PRE_KERNEL_1[0-9]_*)))
 *(SORT_BY_NAME(SORT_BY_ALIGNMENT(.z_device_PRE_KERNEL_1[1-9][0-9]_*)))
 .z_device_PRE_KERNEL_130_
                0x00006bb0       0x18 zephyr/drivers/clock_control/libdrivers__clock_control.a(clock_control_nrf.c.obj)
                0x00006bb0                __device_dts_ord_41
 .z_device_PRE_KERNEL_140_
                0x00006bc8       0x18 zephyr/drivers/gpio/libdrivers__gpio.a(gpio_nrfx.c.obj)
                0x00006bc8                __device_dts_ord_8
 .z_device_PRE_KERNEL_155_
                0x00006be0       0x30 zephyr/drivers/serial/libdrivers__serial.a(uart_nrfx_uarte.c.obj)
                0x00006be0                __device_dts_ord_71
                0x00006bf8                __device_dts_ord_70
                0x00006c10                __device_PRE_KERNEL_2_start = .
 *(SORT_BY_NAME(SORT_BY_ALIGNMENT(.z_device_PRE_KERNEL_2[0-9]_*)))
 *(SORT_BY_NAME(SORT_BY_ALIGNMENT(.z_device_PRE_KERNEL_2[1-9][0-9]_*)))
                0x00006c10                __device_POST_KERNEL_start = .
 *(SORT_BY_NAME(SORT_BY_ALIGNMENT(.z_device_POST_KERNEL[0-9]_*)))
 *(SORT_BY_NAME(SORT_BY_ALIGNMENT(.z_device_POST_KERNEL[1-9][0-9]_*)))
 .z_device_POST_KERNEL50_
                0x00006c10       0x18 zephyr/drivers/flash/libdrivers__flash.a(soc_flash_nrf.c.obj)
                0x00006c10                __device_dts_ord_76
                0x00006c28                __device_APPLICATION_start = .
 *(SORT_BY_NAME(SORT_BY_ALIGNMENT(.z_device_APPLICATION[0-9]_*)))
 *(SORT_BY_NAME(SORT_BY_ALIGNMENT(.z_device_APPLICATION[1-9][0-9]_*)))
                0x00006c28                __device_SMP_start = .
 *(SORT_BY_NAME(SORT_BY_ALIGNMENT(.z_device_SMP[0-9]_*)))
 *(SORT_BY_NAME(SORT_BY_ALIGNMENT(.z_device_SMP[1-9][0-9]_*)))
                0x00006c28                __device_end = .

sw_isr_table    0x00006c28      0x208
                0x00006c28                . = ALIGN (0x0)
 *(SORT_BY_ALIGNMENT(.gnu.linkonce.sw_isr_table*))
 .gnu.linkonce.sw_isr_table
                0x00006c28      0x208 zephyr/arch/common/libisr_tables.a(isr_tables.c.obj)
                0x00006c28                _sw_isr_table

initlevel_error
                0x00006b60        0x0
 *(SORT_BY_NAME(SORT_BY_ALIGNMENT(.z_init_[_A-Z0-9]*)))
                0x00000001                ASSERT ((SIZEOF (initlevel_error) == 0x0), Undefined initialization levels used.)

app_shmem_regions
                0x00006e30        0x0
                0x00006e30                __app_shmem_regions_start = .
 *(SORT_BY_NAME(SORT_BY_ALIGNMENT(.app_regions.*)))
                0x00006e30                __app_shmem_regions_end = .

bt_l2cap_fixed_chan_area
                0x00006e30        0x0
                0x00006e30                _bt_l2cap_fixed_chan_list_start = .
 *(SORT_BY_NAME(SORT_BY_ALIGNMENT(._bt_l2cap_fixed_chan.static.*)))
                0x00006e30                _bt_l2cap_fixed_chan_list_end = .

bt_gatt_service_static_area
                0x00006e30        0x0
                0x00006e30                _bt_gatt_service_static_list_start = .
 *(SORT_BY_NAME(SORT_BY_ALIGNMENT(._bt_gatt_service_static.static.*)))
                0x00006e30                _bt_gatt_service_static_list_end = .

k_p4wq_initparam_area
                0x00006e30        0x0
                0x00006e30                _k_p4wq_initparam_list_start = .
 *(SORT_BY_NAME(SORT_BY_ALIGNMENT(._k_p4wq_initparam.static.*)))
                0x00006e30                _k_p4wq_initparam_list_end = .

log_strings_sections
                0x00006e30        0x0
                0x00006e30                __log_strings_start = .
 *(SORT_BY_NAME(SORT_BY_ALIGNMENT(.log_strings*)))
                0x00006e30                __log_strings_end = .

log_const_sections
                0x00006e30       0x40
                0x00006e30                __log_const_start = .
 *(SORT_BY_NAME(SORT_BY_ALIGNMENT(.log_const_*)))
 .log_const_clock_control
                0x00006e30        0x8 zephyr/drivers/clock_control/libdrivers__clock_control.a(clock_control_nrf.c.obj)
                0x00006e30                log_const_clock_control
 .log_const_fatal_error
                0x00006e38        0x8 modules/nrf/lib/fatal_error/lib..__nrf__lib__fatal_error.a(fatal_error.c.obj)
                0x00006e38                log_const_fatal_error
 .log_const_flash_nrf
                0x00006e40        0x8 zephyr/drivers/flash/libdrivers__flash.a(soc_flash_nrf.c.obj)
                0x00006e40                log_const_flash_nrf
 .log_const_mcuboot
                0x00006e48        0x8 app/libapp.a(main.c.obj)
                0x00006e48                log_const_mcuboot
 .log_const_mpu
                0x00006e50        0x8 zephyr/arch/arch/arm/core/aarch32/mpu/libarch__arm__core__aarch32__mpu.a(arm_core_mpu.c.obj)
                0x00006e50                log_const_mpu
 .log_const_os  0x00006e58        0x8 zephyr/kernel/libkernel.a(init.c.obj)
                0x00006e58                log_const_os
 .log_const_soc
                0x00006e60        0x8 zephyr/libzephyr.a(soc.c.obj)
                0x00006e60                log_const_soc
 .log_const_uart_nrfx_uarte
                0x00006e68        0x8 zephyr/drivers/serial/libdrivers__serial.a(uart_nrfx_uarte.c.obj)
                0x00006e68                log_const_uart_nrfx_uarte
                0x00006e70                __log_const_end = .

log_backends_sections
                0x00006e70        0x0
                0x00006e70                __log_backends_start = .
 *(SORT_BY_ALIGNMENT(._log_backend.*))
                0x00006e70                __log_backends_end = .

shell_area      0x00006e70        0x0
                0x00006e70                _shell_list_start = .
 *(SORT_BY_NAME(SORT_BY_ALIGNMENT(._shell.static.*)))
                0x00006e70                _shell_list_end = .

shell_root_cmds_sections
                0x00006e70        0x0
                0x00006e70                __shell_root_cmds_start = .
 *(SORT_BY_NAME(SORT_BY_ALIGNMENT(.shell_root_cmd_*)))
                0x00006e70                __shell_root_cmds_end = .

font_entry_sections
                0x00006e70        0x0
                0x00006e70                __font_entry_start = .
 *(SORT_BY_NAME(SORT_BY_ALIGNMENT(._cfb_font.*)))
                0x00006e70                __font_entry_end = .

tracing_backend_area
                0x00006e70        0x0
                0x00006e70                _tracing_backend_list_start = .
 *(SORT_BY_NAME(SORT_BY_ALIGNMENT(._tracing_backend.static.*)))
                0x00006e70                _tracing_backend_list_end = .

zephyr_dbg_info
 *(SORT_BY_ALIGNMENT(.dbg_thread_info))

device_handles  0x00006e70       0x1e
                0x00006e70                __device_handles_start = .
 *(SORT_BY_NAME(SORT_BY_ALIGNMENT(.__device_handles_pass2*)))
 .__device_handles_pass2
                0x00006e70       0x1e zephyr/CMakeFiles/zephyr_pre1.dir/dev_handles.c.obj
                0x00006e70                __devicehdl_DT_N_S_soc_S_peripheral_50000000_S_flash_controller_39000
                0x00006e76                __devicehdl_DT_N_S_soc_S_peripheral_50000000_S_uart_8000
                0x00006e7c                __devicehdl_DT_N_S_soc_S_peripheral_50000000_S_uart_9000
                0x00006e82                __devicehdl_DT_N_S_soc_S_peripheral_50000000_S_gpio_842500
                0x00006e88                __devicehdl_DT_N_S_soc_S_peripheral_50000000_S_clock_5000
                0x00006e8e                __device_handles_end = .

rodata          0x00006e90      0xfcc
 *(SORT_BY_ALIGNMENT(.rodata))
 .rodata        0x00006e90       0x10 C:/ncs/v1.9.1/nrfxlib/crypto/nrf_cc310_bl/lib/cortex-m33/hard-float/no-interrupts/libnrf_cc310_bl_0.9.12.a(nrf_cc310_bl_hash_sha256.c.obj)
 *(SORT_BY_ALIGNMENT(.rodata.*))
 .rodata.delay_machine_code.10171
                0x00006ea0        0x6 zephyr/libzephyr.a(soc.c.obj)
 *fill*         0x00006ea6        0x2 
 .rodata.bootutil_key_cnt
                0x00006ea8        0x4 app/libapp.a(keys.c.obj)
                0x00006ea8                bootutil_key_cnt
 .rodata.bootutil_keys
                0x00006eac        0x8 app/libapp.a(keys.c.obj)
                0x00006eac                bootutil_keys
 .rodata.ecdsa_pub_key_len
                0x00006eb4        0x4 app/libapp.a(autogen-pubkey.c.obj)
                0x00006eb4                ecdsa_pub_key_len
 .rodata.default_flash_map
                0x00006eb8       0x70 zephyr/libzephyr.a(flash_map_default.c.obj)
                0x00006eb8                default_flash_map
 .rodata.flash_map_entries
                0x00006f28        0x4 zephyr/libzephyr.a(flash_map_default.c.obj)
                0x00006f28                flash_map_entries
 .rodata.apis   0x00006f2c        0x8 zephyr/libzephyr.a(nrf_cc3xx_platform_abort_zephyr.c.obj)
 .rodata.static_regions
                0x00006f34        0xc zephyr/arch/arch/arm/core/aarch32/mpu/libarch__arm__core__aarch32__mpu.a(arm_core_mpu.c.obj)
 .rodata.mpu_config
                0x00006f40        0x8 zephyr/soc/arm/common/cortex_m/libsoc__arm__common__cortex_m.a(arm_mpu_regions.c.obj)
                0x00006f40                mpu_config
 .rodata.mpu_regions
                0x00006f48       0x20 zephyr/soc/arm/common/cortex_m/libsoc__arm__common__cortex_m.a(arm_mpu_regions.c.obj)
 .rodata.clock_control_api
                0x00006f68       0x18 zephyr/drivers/clock_control/libdrivers__clock_control.a(clock_control_nrf.c.obj)
 .rodata.config
                0x00006f80       0x18 zephyr/drivers/clock_control/libdrivers__clock_control.a(clock_control_nrf.c.obj)
 .rodata.transitions.12441
                0x00006f98        0xc zephyr/drivers/clock_control/libdrivers__clock_control.a(clock_control_nrf.c.obj)
 .rodata.gpio_nrfx_drv_api_funcs
                0x00006fa4       0x24 zephyr/drivers/gpio/libdrivers__gpio.a(gpio_nrfx.c.obj)
 .rodata.gpio_nrfx_p0_cfg
                0x00006fc8       0x10 zephyr/drivers/gpio/libdrivers__gpio.a(gpio_nrfx.c.obj)
 .rodata.flash_nrf_api
                0x00006fd8       0x18 zephyr/drivers/flash/libdrivers__flash.a(soc_flash_nrf.c.obj)
 .rodata.flash_nrf_parameters
                0x00006ff0        0x8 zephyr/drivers/flash/libdrivers__flash.a(soc_flash_nrf.c.obj)
 .rodata.uart_nrfx_uarte_driver_api
                0x00006ff8       0x14 zephyr/drivers/serial/libdrivers__serial.a(uart_nrfx_uarte.c.obj)
 .rodata.uarte_0z_config
                0x0000700c       0x20 zephyr/drivers/serial/libdrivers__serial.a(uart_nrfx_uarte.c.obj)
 .rodata.uarte_1z_config
                0x0000702c       0x20 zephyr/drivers/serial/libdrivers__serial.a(uart_nrfx_uarte.c.obj)
 .rodata.boot_img_magic
                0x0000704c       0x10 modules/mcuboot/boot/bootutil/zephyr/libmcuboot_util.a(bootutil_public.c.obj)
                0x0000704c                boot_img_magic
 .rodata.levels.10527
                0x0000705c       0x14 zephyr/kernel/libkernel.a(device.c.obj)
 .rodata.CSWTCH.273
                0x00007070       0x14 zephyr/kernel/libkernel.a(fatal.c.obj)
 .rodata.CSWTCH.8
                0x00007084       0x1c C:/ncs/v1.9.1/nrfxlib/crypto/nrf_cc310_platform/lib/cortex-m33/hard-float/no-interrupts/libnrf_cc310_platform_0.9.13.a(nrf_cc3xx_platform.c.obj)
 .rodata.CC_PalPowerSaveModeInit.str1.4
                0x000070a0       0x20 C:/ncs/v1.9.1/nrfxlib/crypto/nrf_cc310_platform/lib/cortex-m33/hard-float/no-interrupts/libnrf_cc310_platform_0.9.13.a(cc_pal_pm.c.obj)
 .rodata.mutex_free.str1.4
                0x000070c0       0x26 C:/ncs/v1.9.1/nrfxlib/crypto/nrf_cc310_platform/lib/cortex-m33/hard-float/no-interrupts/libnrf_cc310_platform_0.9.13.a(nrf_cc3xx_platform_mutex.c.obj)
 *fill*         0x000070e6        0x2 
 .rodata.mutex_init.str1.4
                0x000070e8       0x23 C:/ncs/v1.9.1/nrfxlib/crypto/nrf_cc310_platform/lib/cortex-m33/hard-float/no-interrupts/libnrf_cc310_platform_0.9.13.a(nrf_cc3xx_platform_mutex.c.obj)
 *fill*         0x0000710b        0x1 
 .rodata.domain_secp256r1
                0x0000710c       0xcc C:/ncs/v1.9.1/nrfxlib/crypto/nrf_cc310_bl/lib/cortex-m33/hard-float/no-interrupts/libnrf_cc310_bl_0.9.12.a(nrf_cc310_bl_ecdsa_verify_secp256r1.c.obj)
                0x0000710c                domain_secp256r1
 .rodata.NRF_CC310_BL_HASH_LARVAL_SHA256
                0x000071d8       0x20 C:/ncs/v1.9.1/nrfxlib/crypto/nrf_cc310_bl/lib/cortex-m33/hard-float/no-interrupts/libnrf_cc310_bl_0.9.12.a(nrf_cc310_bl_hash_sha256.c.obj)
                0x000071d8                NRF_CC310_BL_HASH_LARVAL_SHA256
 .rodata.main.str1.1
                0x000071f8      0x110 app/libapp.a(main.c.obj)
 .rodata.str1.1
                0x00007308        0x8 app/libapp.a(main.c.obj)
 .rodata.flash_device_base.str1.1
                0x00007310       0x26 app/libapp.a(flash_map_extended.c.obj)
 .rodata.ec_pubkey_oid
                0x00007336        0x8 app/libapp.a(image_ec256.c.obj)
 .rodata.ec_secp256r1_oid
                0x0000733e        0x9 app/libapp.a(image_ec256.c.obj)
 .rodata.boot_validate_slot.isra.0.str1.1
                0x00007347       0x3a app/libapp.a(loader.c.obj)
 .rodata.boot_swap_image.str1.1
                0x00007381       0x2f app/libapp.a(loader.c.obj)
 .rodata.context_boot_go.str1.1
                0x000073b0       0xa4 app/libapp.a(loader.c.obj)
 .rodata.swap_read_status_bytes.str1.1
                0x00007454       0x23 app/libapp.a(swap_move.c.obj)
 .rodata.boot_slots_compatible.str1.1
                0x00007477       0x93 app/libapp.a(swap_move.c.obj)
 .rodata.swap_status_source.str1.1
                0x0000750a       0xa4 app/libapp.a(swap_move.c.obj)
 .rodata.swap_run.str1.1
                0x000075ae       0x2f app/libapp.a(swap_move.c.obj)
 .rodata.ecdsa_pub_key
                0x000075dd       0x5b app/libapp.a(autogen-pubkey.c.obj)
                0x000075dd                ecdsa_pub_key
 .rodata.cbvprintf.str1.1
                0x00007638       0x10 zephyr/libzephyr.a(cbprintf_nano.c.obj)
                                 0x13 (size before relaxing)
 .rodata.sys_reboot.str1.1
                0x00007648       0x29 zephyr/libzephyr.a(reboot.c.obj)
 .rodata.str1.1
                0x00007671        0x4 zephyr/libzephyr.a(soc.c.obj)
 .rodata.str1.1
                0x00007675       0x13 zephyr/libzephyr.a(flash_map_default.c.obj)
 .rodata.z_arm_fatal_error.str1.1
                0x00007675       0xaf zephyr/arch/arch/arm/core/aarch32/libarch__arm__core__aarch32.a(fatal.c.obj)
 .rodata.mem_manage_fault.isra.0.str1.1
                0x00007724       0xfb zephyr/arch/arch/arm/core/aarch32/cortex_m/libarch__arm__core__aarch32__cortex_m.a(fault.c.obj)
 .rodata.bus_fault.isra.0.str1.1
                0x0000781f       0xa6 zephyr/arch/arch/arm/core/aarch32/cortex_m/libarch__arm__core__aarch32__cortex_m.a(fault.c.obj)
 .rodata.usage_fault.isra.0.str1.1
                0x000078c5      0x11f zephyr/arch/arch/arm/core/aarch32/cortex_m/libarch__arm__core__aarch32__cortex_m.a(fault.c.obj)
 .rodata.z_arm_fault.str1.1
                0x000079e4      0x139 zephyr/arch/arch/arm/core/aarch32/cortex_m/libarch__arm__core__aarch32__cortex_m.a(fault.c.obj)
 .rodata.str1.1
                0x00007b1d        0x4 zephyr/arch/arch/arm/core/aarch32/mpu/libarch__arm__core__aarch32__mpu.a(arm_core_mpu.c.obj)
 .rodata.mpu_configure_region.str1.1
                0x00007b21       0x2b zephyr/arch/arch/arm/core/aarch32/mpu/libarch__arm__core__aarch32__mpu.a(arm_mpu.c.obj)
 .rodata.mpu_configure_regions_and_partition.constprop.0.str1.1
                0x00007b4c       0x50 zephyr/arch/arch/arm/core/aarch32/mpu/libarch__arm__core__aarch32__mpu.a(arm_mpu.c.obj)
 .rodata.str1.1
                0x00007b9c        0xf zephyr/soc/arm/common/cortex_m/libsoc__arm__common__cortex_m.a(arm_mpu_regions.c.obj)
 .rodata.str1.1
                0x00007bab       0x20 zephyr/drivers/clock_control/libdrivers__clock_control.a(clock_control_nrf.c.obj)
 .rodata.str1.1
                0x00007bcb        0x7 zephyr/drivers/gpio/libdrivers__gpio.a(gpio_nrfx.c.obj)
 .rodata.flash_nrf_erase.str1.1
                0x00007bd2       0x46 zephyr/drivers/flash/libdrivers__flash.a(soc_flash_nrf.c.obj)
 .rodata.flash_nrf_write.str1.1
                0x00007c18       0x23 zephyr/drivers/flash/libdrivers__flash.a(soc_flash_nrf.c.obj)
 .rodata.str1.1
                0x00007c3b        0xa zephyr/drivers/flash/libdrivers__flash.a(soc_flash_nrf.c.obj)
                                 0x1d (size before relaxing)
 .rodata.uarte_instance_init.isra.0.str1.1
                0x00007c45       0x24 zephyr/drivers/serial/libdrivers__serial.a(uart_nrfx_uarte.c.obj)
 .rodata.str1.1
                0x00007c69       0x1e zephyr/drivers/serial/libdrivers__serial.a(uart_nrfx_uarte.c.obj)
 .rodata.k_sys_fatal_error_handler.str1.1
                0x00007c87       0x16 modules/nrf/lib/fatal_error/lib..__nrf__lib__fatal_error.a(fatal_error.c.obj)
 .rodata.str1.1
                0x00007c9d        0xc modules/nrf/lib/fatal_error/lib..__nrf__lib__fatal_error.a(fatal_error.c.obj)
 .rodata.boot_swap_type_multi.str1.1
                0x00007ca9       0x96 modules/mcuboot/boot/bootutil/zephyr/libmcuboot_util.a(bootutil_public.c.obj)
 .rodata.boot_swap_tables
                0x00007d3f       0x12 modules/mcuboot/boot/bootutil/zephyr/libmcuboot_util.a(bootutil_public.c.obj)
 .rodata.z_fatal_error.str1.1
                0x00007d51       0x86 zephyr/kernel/libkernel.a(fatal.c.obj)
 .rodata.str1.1
                0x00007dd7       0x4a zephyr/kernel/libkernel.a(fatal.c.obj)
 .rodata.str1.1
                0x00007e21        0x3 zephyr/kernel/libkernel.a(init.c.obj)
 .rodata.boot_banner.str1.1
                0x00007e24       0x36 zephyr/kernel/libkernel.a(banner.c.obj)
                                 0x37 (size before relaxing)
 *(SORT_BY_ALIGNMENT(.gnu.linkonce.r.*))
                0x00007e5c                . = ALIGN (0x4)
 *fill*         0x00007e5a        0x2 
                0x00007e5c                __rodata_region_end = .
                0x00007e60                . = ALIGN (_region_min_align)
                0x00007e60                __rom_region_end = .
                0x2000c4e8                . = 0x2000c4e8
                0x2000c500                . = ALIGN (_region_min_align)
                0x2000c500                _image_ram_start = .

.ramfunc        0x2000c4e8       0x18 load address 0x00007e5c
                0x2000c500                . = ALIGN (_region_min_align)
 *fill*         0x2000c4e8       0x18 
                0x2000c500                __ramfunc_start = .
 *(SORT_BY_ALIGNMENT(.ramfunc))
 *(SORT_BY_ALIGNMENT(.ramfunc.*))
                0x2000c500                . = ALIGN (_region_min_align)
                0x2000c500                __ramfunc_end = .
                0x00000000                __ramfunc_size = (__ramfunc_end - __ramfunc_start)
                0x00007e5c                __ramfunc_load_start = LOADADDR (.ramfunc)

datas           0x2000c500      0x108 load address 0x00007e74
                0x2000c500                __data_region_start = .
                0x2000c500                __data_start = .
 *(SORT_BY_ALIGNMENT(.data))
 *(SORT_BY_ALIGNMENT(.data.*))
 .data.FIH_FAILURE
                0x2000c500        0x4 app/libapp.a(fault_injection_hardening.c.obj)
                0x2000c500                FIH_FAILURE
 .data.g_last_idx
                0x2000c504        0x4 app/libapp.a(swap_move.c.obj)
 .data._char_out
                0x2000c508        0x4 zephyr/libzephyr.a(printk.c.obj)
                0x2000c508                _char_out
 .data.flash_map
                0x2000c50c        0x4 zephyr/libzephyr.a(flash_map_default.c.obj)
                0x2000c50c                flash_map
 .data._stdout_hook
                0x2000c510        0x4 zephyr/lib/libc/minimal/liblib__libc__minimal.a(stdout_console.c.obj)
 .data.uarte_0_data
                0x2000c514       0x14 zephyr/drivers/serial/libdrivers__serial.a(uart_nrfx_uarte.c.obj)
 .data.uarte_1_data
                0x2000c528       0x14 zephyr/drivers/serial/libdrivers__serial.a(uart_nrfx_uarte.c.obj)
 .data.SystemCoreClock
                0x2000c53c        0x4 modules/hal_nordic/nrfx/libmodules__hal_nordic__nrfx.a(system_nrf9160.c.obj)
                0x2000c53c                SystemCoreClock
 .data.m_allocated_channels
                0x2000c540        0x4 modules/hal_nordic/nrfx/libmodules__hal_nordic__nrfx.a(nrfx_dppi.c.obj)
 .data.m_cb     0x2000c544       0x5c modules/hal_nordic/nrfx/libmodules__hal_nordic__nrfx.a(nrfx_gpiote.c.obj)
 .data.timeout_list
                0x2000c5a0        0x8 zephyr/kernel/libkernel.a(timeout.c.obj)
 .data.platform_abort_apis
                0x2000c5a8        0x8 C:/ncs/v1.9.1/nrfxlib/crypto/nrf_cc310_platform/lib/cortex-m33/hard-float/no-interrupts/libnrf_cc310_platform_0.9.13.a(nrf_cc3xx_platform_abort.c.obj)
                0x2000c5a8                platform_abort_apis
 .data.CCAsymCryptoMutex
                0x2000c5b0        0x4 C:/ncs/v1.9.1/nrfxlib/crypto/nrf_cc310_platform/lib/cortex-m33/hard-float/no-interrupts/libnrf_cc310_platform_0.9.13.a(cc_pal.c.obj)
                0x2000c5b0                CCAsymCryptoMutex
 .data.CCPowerMutex
                0x2000c5b4        0x4 C:/ncs/v1.9.1/nrfxlib/crypto/nrf_cc310_platform/lib/cortex-m33/hard-float/no-interrupts/libnrf_cc310_platform_0.9.13.a(cc_pal.c.obj)
                0x2000c5b4                CCPowerMutex
 .data.CCRndCryptoMutex
                0x2000c5b8        0x4 C:/ncs/v1.9.1/nrfxlib/crypto/nrf_cc310_platform/lib/cortex-m33/hard-float/no-interrupts/libnrf_cc310_platform_0.9.13.a(cc_pal.c.obj)
                0x2000c5b8                CCRndCryptoMutex
 .data.CCSymCryptoMutex
                0x2000c5bc        0x4 C:/ncs/v1.9.1/nrfxlib/crypto/nrf_cc310_platform/lib/cortex-m33/hard-float/no-interrupts/libnrf_cc310_platform_0.9.13.a(cc_pal.c.obj)
                0x2000c5bc                CCSymCryptoMutex
 .data.pCCRndCryptoMutex
                0x2000c5c0        0x4 C:/ncs/v1.9.1/nrfxlib/crypto/nrf_cc310_platform/lib/cortex-m33/hard-float/no-interrupts/libnrf_cc310_platform_0.9.13.a(cc_pal.c.obj)
                0x2000c5c0                pCCRndCryptoMutex
 .data.asym_mutex
                0x2000c5c4        0x8 C:/ncs/v1.9.1/nrfxlib/crypto/nrf_cc310_platform/lib/cortex-m33/hard-float/no-interrupts/libnrf_cc310_platform_0.9.13.a(nrf_cc3xx_platform_mutex.c.obj)
 .data.platform_mutex_apis
                0x2000c5cc       0x10 C:/ncs/v1.9.1/nrfxlib/crypto/nrf_cc310_platform/lib/cortex-m33/hard-float/no-interrupts/libnrf_cc310_platform_0.9.13.a(nrf_cc3xx_platform_mutex.c.obj)
                0x2000c5cc                platform_mutex_apis
 .data.platform_mutexes
                0x2000c5dc       0x14 C:/ncs/v1.9.1/nrfxlib/crypto/nrf_cc310_platform/lib/cortex-m33/hard-float/no-interrupts/libnrf_cc310_platform_0.9.13.a(nrf_cc3xx_platform_mutex.c.obj)
                0x2000c5dc                platform_mutexes
 .data.power_mutex
                0x2000c5f0        0x8 C:/ncs/v1.9.1/nrfxlib/crypto/nrf_cc310_platform/lib/cortex-m33/hard-float/no-interrupts/libnrf_cc310_platform_0.9.13.a(nrf_cc3xx_platform_mutex.c.obj)
 .data.rng_mutex
                0x2000c5f8        0x8 C:/ncs/v1.9.1/nrfxlib/crypto/nrf_cc310_platform/lib/cortex-m33/hard-float/no-interrupts/libnrf_cc310_platform_0.9.13.a(nrf_cc3xx_platform_mutex.c.obj)
 .data.sym_mutex
                0x2000c600        0x8 C:/ncs/v1.9.1/nrfxlib/crypto/nrf_cc310_platform/lib/cortex-m33/hard-float/no-interrupts/libnrf_cc310_platform_0.9.13.a(nrf_cc3xx_platform_mutex.c.obj)
 *(SORT_BY_ALIGNMENT(.kernel.*))
                0x2000c608                __data_end = .
                0x00000108                __data_size = (__data_end - __data_start)
                0x00007e74                __data_load_start = LOADADDR (datas)
                0x00007e74                __data_region_load_start = LOADADDR (datas)

device_states   0x2000c608       0x14 load address 0x00007f7c
                0x2000c608                __device_states_start = .
 *(SORT_BY_ALIGNMENT(.z_devstate))
 .z_devstate    0x2000c608        0x4 zephyr/drivers/clock_control/libdrivers__clock_control.a(clock_control_nrf.c.obj)
 .z_devstate    0x2000c60c        0x4 zephyr/drivers/gpio/libdrivers__gpio.a(gpio_nrfx.c.obj)
 .z_devstate    0x2000c610        0x4 zephyr/drivers/flash/libdrivers__flash.a(soc_flash_nrf.c.obj)
 .z_devstate    0x2000c614        0x8 zephyr/drivers/serial/libdrivers__serial.a(uart_nrfx_uarte.c.obj)
 *(SORT_BY_ALIGNMENT(.z_devstate.*))
                0x2000c61c                __device_states_end = .

initshell       0x2000c61c        0x0 load address 0x00007f90
                0x2000c61c                __shell_module_start = .
 *(SORT_BY_ALIGNMENT(.shell_module_*))
                0x2000c61c                __shell_module_end = .
                0x2000c61c                __shell_cmd_start = .
 *(SORT_BY_ALIGNMENT(.shell_cmd_*))
                0x2000c61c                __shell_cmd_end = .

log_dynamic_sections
                0x2000c61c        0x0 load address 0x00007f90
                0x2000c61c                __log_dynamic_start = .
 *(SORT_BY_NAME(SORT_BY_ALIGNMENT(.log_dynamic_*)))
                0x2000c61c                __log_dynamic_end = .

_static_thread_data_area
                0x2000c61c        0x0 load address 0x00007f90
                0x2000c61c                __static_thread_data_list_start = .
 *(SORT_BY_NAME(SORT_BY_ALIGNMENT(.__static_thread_data.static.*)))
                0x2000c61c                __static_thread_data_list_end = .

k_timer_area    0x2000c61c        0x0 load address 0x00007f90
                0x2000c61c                _k_timer_list_start = .
 *(SORT_BY_NAME(SORT_BY_ALIGNMENT(._k_timer.static.*)))
                0x2000c61c                _k_timer_list_end = .

k_mem_slab_area
                0x2000c61c        0x0 load address 0x00007f90
                0x2000c61c                _k_mem_slab_list_start = .
 *(SORT_BY_NAME(SORT_BY_ALIGNMENT(._k_mem_slab.static.*)))
                0x2000c61c                _k_mem_slab_list_end = .

k_mem_pool_area
                0x2000c61c        0x0 load address 0x00007f90
                0x2000c61c                _k_mem_pool_list_start = .
 *(SORT_BY_NAME(SORT_BY_ALIGNMENT(._k_mem_pool.static.*)))
                0x2000c61c                _k_mem_pool_list_end = .

k_heap_area     0x2000c61c        0x0 load address 0x00007f90
                0x2000c61c                _k_heap_list_start = .
 *(SORT_BY_NAME(SORT_BY_ALIGNMENT(._k_heap.static.*)))
                0x2000c61c                _k_heap_list_end = .

k_mutex_area    0x2000c61c        0x0 load address 0x00007f90
                0x2000c61c                _k_mutex_list_start = .
 *(SORT_BY_NAME(SORT_BY_ALIGNMENT(._k_mutex.static.*)))
                0x2000c61c                _k_mutex_list_end = .

k_stack_area    0x2000c61c        0x0 load address 0x00007f90
                0x2000c61c                _k_stack_list_start = .
 *(SORT_BY_NAME(SORT_BY_ALIGNMENT(._k_stack.static.*)))
                0x2000c61c                _k_stack_list_end = .

k_msgq_area     0x2000c61c        0x0 load address 0x00007f90
                0x2000c61c                _k_msgq_list_start = .
 *(SORT_BY_NAME(SORT_BY_ALIGNMENT(._k_msgq.static.*)))
                0x2000c61c                _k_msgq_list_end = .

k_mbox_area     0x2000c61c        0x0 load address 0x00007f90
                0x2000c61c                _k_mbox_list_start = .
 *(SORT_BY_NAME(SORT_BY_ALIGNMENT(._k_mbox.static.*)))
                0x2000c61c                _k_mbox_list_end = .

k_pipe_area     0x2000c61c        0x0 load address 0x00007f90
                0x2000c61c                _k_pipe_list_start = .
 *(SORT_BY_NAME(SORT_BY_ALIGNMENT(._k_pipe.static.*)))
                0x2000c61c                _k_pipe_list_end = .

k_sem_area      0x2000c61c        0x0 load address 0x00007f90
                0x2000c61c                _k_sem_list_start = .
 *(SORT_BY_NAME(SORT_BY_ALIGNMENT(._k_sem.static.*)))
                0x2000c61c                _k_sem_list_end = .

k_event_area    0x2000c61c        0x0 load address 0x00007f90
                0x2000c61c                _k_event_list_start = .
 *(SORT_BY_NAME(SORT_BY_ALIGNMENT(._k_event.static.*)))
                0x2000c61c                _k_event_list_end = .

k_queue_area    0x2000c61c        0x0 load address 0x00007f90
                0x2000c61c                _k_queue_list_start = .
 *(SORT_BY_NAME(SORT_BY_ALIGNMENT(._k_queue.static.*)))
                0x2000c61c                _k_queue_list_end = .

k_condvar_area  0x2000c61c        0x0 load address 0x00007f90
                0x2000c61c                _k_condvar_list_start = .
 *(SORT_BY_NAME(SORT_BY_ALIGNMENT(._k_condvar.static.*)))
                0x2000c61c                _k_condvar_list_end = .

_net_buf_pool_area
                0x2000c61c        0x0 load address 0x00007f90
                0x2000c61c                _net_buf_pool_list = .
 *(SORT_BY_NAME(SORT_BY_ALIGNMENT(._net_buf_pool.static.*)))
                0x2000c61c                __data_region_end = .

bss             0x2000c620      0xec7
                0x2000c620                . = ALIGN (0x4)
                0x2000c620                __bss_start = .
                0x2000c620                __kernel_ram_start = .
 *(SORT_BY_ALIGNMENT(.bss))
 *(SORT_BY_ALIGNMENT(.bss.*))
 .bss.anchor    0x2000c620        0x8 zephyr/drivers/timer/libdrivers__timer.a(nrf_rtc_timer.c.obj)
 .bss.cc_data   0x2000c628       0x10 zephyr/drivers/timer/libdrivers__timer.a(nrf_rtc_timer.c.obj)
 .bss.last_count
                0x2000c638        0x8 zephyr/drivers/timer/libdrivers__timer.a(nrf_rtc_timer.c.obj)
 .bss.z_main_thread
                0x2000c640       0x80 zephyr/kernel/libkernel.a(init.c.obj)
                0x2000c640                z_main_thread
 .bss.curr_tick
                0x2000c6c0        0x8 zephyr/kernel/libkernel.a(timeout.c.obj)
 .bss.flash_dev
                0x2000c6c8        0x4 app/libapp.a(flash_map_extended.c.obj)
 .bss.FIH_SUCCESS
                0x2000c6cc        0x4 app/libapp.a(fault_injection_hardening.c.obj)
                0x2000c6cc                FIH_SUCCESS
 .bss.boot_data
                0x2000c6d0       0x60 app/libapp.a(loader.c.obj)
 .bss.buf.9343  0x2000c730      0x400 app/libapp.a(loader.c.obj)
 .bss.primary_slot_sectors.9967
                0x2000cb30      0x400 app/libapp.a(loader.c.obj)
 .bss.secondary_slot_sectors.9968
                0x2000cf30      0x400 app/libapp.a(loader.c.obj)
 .bss.boot_status_fails
                0x2000d330        0x4 app/libapp.a(swap_move.c.obj)
                0x2000d330                boot_status_fails
 .bss.cli.12415
                0x2000d334       0x10 zephyr/drivers/clock_control/libdrivers__clock_control.a(clock_control_nrf.c.obj)
 .bss.data      0x2000d344       0x50 zephyr/drivers/clock_control/libdrivers__clock_control.a(clock_control_nrf.c.obj)
 .bss.hfclk_users
                0x2000d394        0x4 zephyr/drivers/clock_control/libdrivers__clock_control.a(clock_control_nrf.c.obj)
 .bss.on.12414  0x2000d398        0x4 zephyr/drivers/clock_control/libdrivers__clock_control.a(clock_control_nrf.c.obj)
 .bss.uart_console_dev
                0x2000d39c        0x4 zephyr/drivers/console/libdrivers__console.a(uart_console.c.obj)
 .bss.gpio_nrfx_p0_data
                0x2000d3a0        0xc zephyr/drivers/gpio/libdrivers__gpio.a(gpio_nrfx.c.obj)
 .bss.dev_layout
                0x2000d3ac        0x8 zephyr/drivers/flash/libdrivers__flash.a(soc_flash_nrf.c.obj)
 .bss.force_isr_mask
                0x2000d3b4        0x4 zephyr/drivers/timer/libdrivers__timer.a(nrf_rtc_timer.c.obj)
 .bss.int_mask  0x2000d3b8        0x4 zephyr/drivers/timer/libdrivers__timer.a(nrf_rtc_timer.c.obj)
 .bss.overflow_cnt
                0x2000d3bc        0x4 zephyr/drivers/timer/libdrivers__timer.a(nrf_rtc_timer.c.obj)
 .bss.m_clock_cb
                0x2000d3c0        0x8 modules/hal_nordic/nrfx/libmodules__hal_nordic__nrfx.a(nrfx_clock.c.obj)
 .bss.announce_remaining
                0x2000d3c8        0x4 zephyr/kernel/libkernel.a(timeout.c.obj)
 .bss.nrf_cc3xx_platform_initialized
                0x2000d3cc        0x4 C:/ncs/v1.9.1/nrfxlib/crypto/nrf_cc310_platform/lib/cortex-m33/hard-float/no-interrupts/libnrf_cc310_platform_0.9.13.a(nrf_cc3xx_platform.c.obj)
 .bss.use_count
                0x2000d3d0        0x4 C:/ncs/v1.9.1/nrfxlib/crypto/nrf_cc310_platform/lib/cortex-m33/hard-float/no-interrupts/libnrf_cc310_platform_0.9.13.a(cc_pal_pm.c.obj)
 .bss.asym_mutex_int