Archive member included to satisfy reference by file (symbol)

app/libapp.a(main.c.obj)      (--whole-archive)
zephyr/libzephyr.a(cbprintf.c.obj)
                              (--whole-archive)
zephyr/libzephyr.a(cbprintf_packaged.c.obj)
                              (--whole-archive)
zephyr/libzephyr.a(crc32c_sw.c.obj)
                              (--whole-archive)
zephyr/libzephyr.a(crc32_sw.c.obj)
                              (--whole-archive)
zephyr/libzephyr.a(crc16_sw.c.obj)
                              (--whole-archive)
zephyr/libzephyr.a(crc8_sw.c.obj)
                              (--whole-archive)
zephyr/libzephyr.a(crc7_sw.c.obj)
                              (--whole-archive)
zephyr/libzephyr.a(dec.c.obj)
                              (--whole-archive)
zephyr/libzephyr.a(fdtable.c.obj)
                              (--whole-archive)
zephyr/libzephyr.a(hex.c.obj)
                              (--whole-archive)
zephyr/libzephyr.a(notify.c.obj)
                              (--whole-archive)
zephyr/libzephyr.a(printk.c.obj)
                              (--whole-archive)
zephyr/libzephyr.a(onoff.c.obj)
                              (--whole-archive)
zephyr/libzephyr.a(rb.c.obj)  (--whole-archive)
zephyr/libzephyr.a(sem.c.obj)
                              (--whole-archive)
zephyr/libzephyr.a(thread_entry.c.obj)
                              (--whole-archive)
zephyr/libzephyr.a(timeutil.c.obj)
                              (--whole-archive)
zephyr/libzephyr.a(heap.c.obj)
                              (--whole-archive)
zephyr/libzephyr.a(heap-validate.c.obj)
                              (--whole-archive)
zephyr/libzephyr.a(bitarray.c.obj)
                              (--whole-archive)
zephyr/libzephyr.a(multi_heap.c.obj)
                              (--whole-archive)
zephyr/libzephyr.a(cbprintf_complete.c.obj)
                              (--whole-archive)
zephyr/libzephyr.a(assert.c.obj)
                              (--whole-archive)
zephyr/libzephyr.a(reboot.c.obj)
                              (--whole-archive)
zephyr/libzephyr.a(configs.c.obj)
                              (--whole-archive)
zephyr/libzephyr.a(soc.c.obj)
                              (--whole-archive)
zephyr/libzephyr.a(power.c.obj)
                              (--whole-archive)
zephyr/libzephyr.a(soc_nrf_common.S.obj)
                              (--whole-archive)
zephyr/libzephyr.a(validate_base_addresses.c.obj)
                              (--whole-archive)
zephyr/libzephyr.a(validate_enabled_instances.c.obj)
                              (--whole-archive)
zephyr/libzephyr.a(log_minimal.c.obj)
                              (--whole-archive)
zephyr/libzephyr.a(pm.c.obj)  (--whole-archive)
zephyr/libzephyr.a(constraint.c.obj)
                              (--whole-archive)
zephyr/libzephyr.a(residency.c.obj)
                              (--whole-archive)
zephyr/libzephyr.a(tracing_none.c.obj)
                              (--whole-archive)
zephyr/libzephyr.a(spm.c.obj)
                              (--whole-archive)
zephyr/libzephyr.a(secure_services.c.obj)
                              (--whole-archive)
zephyr/libzephyr.a(flash_map_partition_manager.c.obj)
                              (--whole-archive)
zephyr/libzephyr.a(nrf_cc3xx_platform_abort_zephyr.c.obj)
                              (--whole-archive)
zephyr/libzephyr.a(nrf_cc3xx_platform_mutex_zephyr.c.obj)
                              (--whole-archive)
zephyr/arch/common/libarch__common.a(sw_isr_common.c.obj)
                              (--whole-archive)
zephyr/arch/arch/arm/core/aarch32/libarch__arm__core__aarch32.a(cpu_idle.S.obj)
                              (--whole-archive)
zephyr/arch/arch/arm/core/aarch32/libarch__arm__core__aarch32.a(fatal.c.obj)
                              (--whole-archive)
zephyr/arch/arch/arm/core/aarch32/libarch__arm__core__aarch32.a(irq_manage.c.obj)
                              (--whole-archive)
zephyr/arch/arch/arm/core/aarch32/libarch__arm__core__aarch32.a(nmi.c.obj)
                              (--whole-archive)
zephyr/arch/arch/arm/core/aarch32/libarch__arm__core__aarch32.a(nmi_on_reset.S.obj)
                              (--whole-archive)
zephyr/arch/arch/arm/core/aarch32/libarch__arm__core__aarch32.a(prep_c.c.obj)
                              (--whole-archive)
zephyr/arch/arch/arm/core/aarch32/libarch__arm__core__aarch32.a(swap.c.obj)
                              (--whole-archive)
zephyr/arch/arch/arm/core/aarch32/libarch__arm__core__aarch32.a(swap_helper.S.obj)
                              (--whole-archive)
zephyr/arch/arch/arm/core/aarch32/libarch__arm__core__aarch32.a(thread.c.obj)
                              (--whole-archive)
zephyr/arch/arch/arm/core/aarch32/libarch__arm__core__aarch32.a(isr_wrapper.S.obj)
                              (--whole-archive)
zephyr/arch/arch/arm/core/aarch32/cortex_m/libarch__arm__core__aarch32__cortex_m.a(exc_exit.S.obj)
                              (--whole-archive)
[...]
Memory Configuration

Name             Origin             Length             Attributes
FLASH            0x00010200         0x00010000         xr
SRAM             0x20000000         0x00008000         xw
IDT_LIST         0xfffff7ff         0x00000800         xw
*default*        0x00000000         0xffffffff

Linker script and memory map

LOAD zephyr/CMakeFiles/zephyr_pre0.dir/misc/empty_file.c.obj
                0x00000020                _region_min_align = 0x20

.rel.plt        0x00010200        0x0
 *(SORT_BY_ALIGNMENT(.rel.plt))
                [!provide]                PROVIDE (__rel_iplt_start = .)
 *(SORT_BY_ALIGNMENT(.rel.iplt))
 .rel.iplt      0x00010200        0x0 app/libapp.a(main.c.obj)
                [!provide]                PROVIDE (__rel_iplt_end = .)

.rela.plt       0x00000000        0x0
 *(SORT_BY_ALIGNMENT(.rela.plt))
                [!provide]                PROVIDE (__rela_iplt_start = .)
 *(SORT_BY_ALIGNMENT(.rela.iplt))
                [!provide]                PROVIDE (__rela_iplt_end = .)

.rel.dyn
 *(SORT_BY_ALIGNMENT(.rel.*))

.rela.dyn
 *(SORT_BY_ALIGNMENT(.rela.*))

/DISCARD/
 *(SORT_BY_ALIGNMENT(.plt))
 *(SORT_BY_ALIGNMENT(.iplt))
 *(SORT_BY_ALIGNMENT(.got.plt))
 *(SORT_BY_ALIGNMENT(.igot.plt))
 *(SORT_BY_ALIGNMENT(.got))
 *(SORT_BY_ALIGNMENT(.igot))
 *(SORT_BY_ALIGNMENT(.note.GNU-stack))
                0x00010200                __rom_region_start = 0x10200

rom_start       0x00010200      0x23c
                0x00000000                . = 0x0
                0x00000000                . = ALIGN (0x4)
                0x00000000                . = ALIGN (0x80)
                0x00000000                . = ALIGN (0x200)
                0x00010200                _vector_start = .
 *(SORT_BY_ALIGNMENT(.exc_vector_table))
 *(SORT_BY_ALIGNMENT(.exc_vector_table.*))
 .exc_vector_table._vector_table_section
                0x00010200       0x40 zephyr/arch/arch/arm/core/aarch32/cortex_m/libarch__arm__core__aarch32__cortex_m.a(vector_table.S.obj)
                0x00010200                _vector_table
 *(SORT_BY_ALIGNMENT(.gnu.linkonce.irq_vector_table*))
 .gnu.linkonce.irq_vector_table
                0x00010240      0x104 zephyr/arch/common/libisr_tables.a(isr_tables.c.obj)
                0x00010240                _irq_vector_table
 *(SORT_BY_ALIGNMENT(.vectors))
                0x00010344                _vector_end = .
                0x00000200                . = 0x200
 *fill*         0x00010344       0xbc 
                0x00010400                _fw_info_start = .
 *(SORT_BY_NAME(SORT_BY_ALIGNMENT(.firmware_info*)))
 .firmware_info
                0x00010400       0x3c modules/nrf/subsys/fw_info/lib..__nrf__subsys__fw_info.a(fw_info.c.obj)
                0x00010400                m_firmware_info
                0x0000003c                _fw_info_size = ABSOLUTE ((. - _fw_info_start))

text            0x0001043c     0x818c
                0x0001043c                __text_region_start = .
 *(SORT_BY_ALIGNMENT(.text))
 .text          0x0001043c       0x30 c:/ncs/v1.9.1/toolchain/opt/bin/../lib/gcc/arm-none-eabi/9.2.1/thumb/v8-m.main/nofp\libgcc.a(_aeabi_uldivmod.o)
                0x0001043c                __aeabi_uldivmod
 .text          0x0001046c      0x2c8 c:/ncs/v1.9.1/toolchain/opt/bin/../lib/gcc/arm-none-eabi/9.2.1/thumb/v8-m.main/nofp\libgcc.a(_udivmoddi4.o)
                0x0001046c                __udivmoddi4
 .text          0x00010734        0x4 c:/ncs/v1.9.1/toolchain/opt/bin/../lib/gcc/arm-none-eabi/9.2.1/thumb/v8-m.main/nofp\libgcc.a(_dvmd_tls.o)
                0x00010734                __aeabi_idiv0
                0x00010734                __aeabi_ldiv0
 .text          0x00010738       0x2a c:/ncs/v1.9.1/toolchain/opt/bin/../lib/gcc/arm-none-eabi/9.2.1/thumb/v8-m.main/nofp\libgcc.a(cmse_nonsecure_call.o)
                0x00010738                __gnu_cmse_nonsecure_call
 *(SORT_BY_ALIGNMENT(.text.*))
 *fill*         0x00010762        0x2 
 .text.char_out
                0x00010764       0x10 zephyr/libzephyr.a(printk.c.obj)
 .text.__printk_hook_install
                0x00010774        0xc zephyr/libzephyr.a(printk.c.obj)
                0x00010774                __printk_hook_install
 .text.vprintk  0x00010780       0x1c zephyr/libzephyr.a(printk.c.obj)
                0x00010780                vprintk
 .text.cbvprintf
                0x0001079c      0x780 zephyr/libzephyr.a(cbprintf_complete.c.obj)
                0x0001079c                cbvprintf
 .text.sys_reboot
                0x00010f1c       0x30 zephyr/libzephyr.a(reboot.c.obj)
                0x00010f1c                sys_reboot
 .text.nordicsemi_nrf91_init
                0x00010f4c       0x28 zephyr/libzephyr.a(soc.c.obj)
 .text.arch_busy_wait
                0x00010f74       0x14 zephyr/libzephyr.a(soc.c.obj)
                0x00010f74                arch_busy_wait
 .text.pm_power_state_set
                0x00010f88       0x28 zephyr/libzephyr.a(power.c.obj)
                0x00010f88                pm_power_state_set
 .text.pm_state_notify
                0x00010fb0       0xa8 zephyr/libzephyr.a(pm.c.obj)
 .text.atomic_test_and_set_bit.constprop.0
                0x00011058       0x30 zephyr/libzephyr.a(pm.c.obj)
 .text.pm_system_resume
                0x00011088       0x80 zephyr/libzephyr.a(pm.c.obj)
                0x00011088                pm_system_resume
 .text.pm_system_suspend
                0x00011108       0xf0 zephyr/libzephyr.a(pm.c.obj)
                0x00011108                pm_system_suspend
 .text.__NVIC_DisableIRQ
                0x000111f8       0x28 zephyr/libzephyr.a(spm.c.obj)
 .text.config_regions
                0x00011220       0xb8 zephyr/libzephyr.a(spm.c.obj)
 .text.spm_jump
                0x000112d8       0xc0 zephyr/libzephyr.a(spm.c.obj)
                0x000112d8                spm_jump
 .text.spm_config
                0x00011398      0x1d4 zephyr/libzephyr.a(spm.c.obj)
                0x00011398                spm_config
 .text.fw_info_find
                0x0001156c       0x48 zephyr/libzephyr.a(secure_services.c.obj)
 .text.spm_secure_services_init
                0x000115b4       0x10 zephyr/libzephyr.a(secure_services.c.obj)
                0x000115b4                spm_secure_services_init
 .text.spm_request_read_nse
                0x000115c4       0x74 zephyr/libzephyr.a(secure_services.c.obj)
                0x000115c4                __acle_se_spm_request_read_nse
 .text.spm_request_random_number_nse
                0x00011638       0x48 zephyr/libzephyr.a(secure_services.c.obj)
                0x00011638                __acle_se_spm_request_random_number_nse
 .text.spm_s0_active
                0x00011680       0x7c zephyr/libzephyr.a(secure_services.c.obj)
                0x00011680                __acle_se_spm_s0_active
 .text.nrf_cc3xx_platform_abort_init
                0x000116fc        0xc zephyr/libzephyr.a(nrf_cc3xx_platform_abort_zephyr.c.obj)
                0x000116fc                nrf_cc3xx_platform_abort_init
 .text.mutex_unlock_platform
                0x00011708       0x44 zephyr/libzephyr.a(nrf_cc3xx_platform_mutex_zephyr.c.obj)
 .text.mutex_free_platform
                0x0001174c       0x48 zephyr/libzephyr.a(nrf_cc3xx_platform_mutex_zephyr.c.obj)
 .text.mutex_init_platform
                0x00011794       0x70 zephyr/libzephyr.a(nrf_cc3xx_platform_mutex_zephyr.c.obj)
 .text.mutex_lock_platform
                0x00011804       0x50 zephyr/libzephyr.a(nrf_cc3xx_platform_mutex_zephyr.c.obj)
 .text.nrf_cc3xx_platform_mutex_init
                0x00011854       0x2c zephyr/libzephyr.a(nrf_cc3xx_platform_mutex_zephyr.c.obj)
                0x00011854                nrf_cc3xx_platform_mutex_init
 .text.z_arm_cpu_idle_init
                0x00011880        0xc zephyr/arch/arch/arm/core/aarch32/libarch__arm__core__aarch32.a(cpu_idle.S.obj)
                0x00011880                z_arm_cpu_idle_init
 .text.arch_cpu_idle
                0x0001188c       0x1c zephyr/arch/arch/arm/core/aarch32/libarch__arm__core__aarch32.a(cpu_idle.S.obj)
                0x0001188c                arch_cpu_idle
 .text.z_arm_fatal_error
                0x000118a8       0x5c zephyr/arch/arch/arm/core/aarch32/libarch__arm__core__aarch32.a(fatal.c.obj)
                0x000118a8                z_arm_fatal_error
 .text.arch_irq_enable
                0x00011904       0x20 zephyr/arch/arch/arm/core/aarch32/libarch__arm__core__aarch32.a(irq_manage.c.obj)
                0x00011904                arch_irq_enable
 .text.arch_irq_is_enabled
                0x00011924       0x1c zephyr/arch/arch/arm/core/aarch32/libarch__arm__core__aarch32.a(irq_manage.c.obj)
                0x00011924                arch_irq_is_enabled
 .text.z_arm_irq_priority_set
                0x00011940       0x4c zephyr/arch/arch/arm/core/aarch32/libarch__arm__core__aarch32.a(irq_manage.c.obj)
                0x00011940                z_arm_irq_priority_set
 .text.z_SysNmiOnReset
                0x0001198c        0x8 zephyr/arch/arch/arm/core/aarch32/libarch__arm__core__aarch32.a(nmi_on_reset.S.obj)
                0x0001198c                z_SysNmiOnReset
 .text.z_arm_prep_c
                0x00011994       0x38 zephyr/arch/arch/arm/core/aarch32/libarch__arm__core__aarch32.a(prep_c.c.obj)
                0x00011994                z_arm_prep_c
 .text.arch_swap
                0x000119cc       0x34 zephyr/arch/arch/arm/core/aarch32/libarch__arm__core__aarch32.a(swap.c.obj)
                0x000119cc                arch_swap
 .text.z_arm_pendsv
                0x00011a00       0x58 zephyr/arch/arch/arm/core/aarch32/libarch__arm__core__aarch32.a(swap_helper.S.obj)
                0x00011a00                z_arm_pendsv
 .text.z_arm_svc
                0x00011a58       0x20 zephyr/arch/arch/arm/core/aarch32/libarch__arm__core__aarch32.a(swap_helper.S.obj)
                0x00011a58                z_arm_svc
 .text.arch_new_thread
                0x00011a78       0x38 zephyr/arch/arch/arm/core/aarch32/libarch__arm__core__aarch32.a(thread.c.obj)
                0x00011a78                arch_new_thread
 .text.arch_switch_to_main_thread
                0x00011ab0       0x28 zephyr/arch/arch/arm/core/aarch32/libarch__arm__core__aarch32.a(thread.c.obj)
                0x00011ab0                arch_switch_to_main_thread
 .text._isr_wrapper
                0x00011ad8       0x40 zephyr/arch/arch/arm/core/aarch32/libarch__arm__core__aarch32.a(isr_wrapper.S.obj)
                0x00011ad8                _isr_wrapper
 .text._HandlerModeExit
                0x00011b18       0x1c zephyr/arch/arch/arm/core/aarch32/cortex_m/libarch__arm__core__aarch32__cortex_m.a(exc_exit.S.obj)
                0x00011b18                z_arm_int_exit
                0x00011b18                z_arm_exc_exit
 .text.mem_manage_fault.isra.0
                0x00011b34       0xd8 zephyr/arch/arch/arm/core/aarch32/cortex_m/libarch__arm__core__aarch32__cortex_m.a(fault.c.obj)
 .text.bus_fault.isra.0
                0x00011c0c       0xb4 zephyr/arch/arch/arm/core/aarch32/cortex_m/libarch__arm__core__aarch32__cortex_m.a(fault.c.obj)
 .text.usage_fault.isra.0
                0x00011cc0       0xac zephyr/arch/arch/arm/core/aarch32/cortex_m/libarch__arm__core__aarch32__cortex_m.a(fault.c.obj)
 .text.secure_fault.isra.0
                0x00011d6c       0xa4 zephyr/arch/arch/arm/core/aarch32/cortex_m/libarch__arm__core__aarch32__cortex_m.a(fault.c.obj)
 .text.z_arm_fault
                0x00011e10      0x234 zephyr/arch/arch/arm/core/aarch32/cortex_m/libarch__arm__core__aarch32__cortex_m.a(fault.c.obj)
                0x00011e10                z_arm_fault
 .text.z_arm_fault_init
                0x00012044       0x18 zephyr/arch/arch/arm/core/aarch32/cortex_m/libarch__arm__core__aarch32__cortex_m.a(fault.c.obj)
                0x00012044                z_arm_fault_init
 .text.__fault  0x0001205c       0x14 zephyr/arch/arch/arm/core/aarch32/cortex_m/libarch__arm__core__aarch32__cortex_m.a(fault_s.S.obj)
                0x0001205c                z_arm_bus_fault
                0x0001205c                z_arm_usage_fault
                0x0001205c                z_arm_mpu_fault
                0x0001205c                z_arm_exc_spurious
                0x0001205c                z_arm_debug_monitor
                0x0001205c                z_arm_hard_fault
                0x0001205c                z_arm_secure_fault
 .text.z_arm_interrupt_init
                0x00012070       0x18 zephyr/arch/arch/arm/core/aarch32/cortex_m/libarch__arm__core__aarch32__cortex_m.a(irq_init.c.obj)
                0x00012070                z_arm_interrupt_init
 .text._reset_section
                0x00012088       0x60 zephyr/arch/arch/arm/core/aarch32/cortex_m/libarch__arm__core__aarch32__cortex_m.a(reset.S.obj)
                0x00012088                __start
                0x00012088                z_arm_reset
 .text.sys_arch_reboot
                0x000120e8       0x24 zephyr/arch/arch/arm/core/aarch32/cortex_m/libarch__arm__core__aarch32__cortex_m.a(scb.c.obj)
                0x000120e8                sys_arch_reboot
 .text.z_arm_clear_arm_mpu_config
                0x0001210c       0x20 zephyr/arch/arch/arm/core/aarch32/cortex_m/libarch__arm__core__aarch32__cortex_m.a(scb.c.obj)
                0x0001210c                z_arm_clear_arm_mpu_config
 .text.z_arm_init_arch_hw_at_boot
                0x0001212c       0x4c zephyr/arch/arch/arm/core/aarch32/cortex_m/libarch__arm__core__aarch32__cortex_m.a(scb.c.obj)
                0x0001212c                z_arm_init_arch_hw_at_boot
 .text.z_impl_k_thread_abort
                0x00012178       0x24 zephyr/arch/arch/arm/core/aarch32/cortex_m/libarch__arm__core__aarch32__cortex_m.a(thread_abort.c.obj)
                0x00012178                z_impl_k_thread_abort
 .text.tz_nonsecure_state_setup
                0x0001219c       0x3c zephyr/arch/arch/arm/core/aarch32/cortex_m/tz/libarch__arm__core__aarch32__cortex_m__tz.a(arm_core_tz.c.obj)
                0x0001219c                tz_nonsecure_state_setup
 .text.tz_nbanked_exception_target_state_set
                0x000121d8       0x28 zephyr/arch/arch/arm/core/aarch32/cortex_m/tz/libarch__arm__core__aarch32__cortex_m__tz.a(arm_core_tz.c.obj)
                0x000121d8                tz_nbanked_exception_target_state_set
 .text.tz_nonsecure_exception_prio_config
                0x00012200       0x28 zephyr/arch/arch/arm/core/aarch32/cortex_m/tz/libarch__arm__core__aarch32__cortex_m__tz.a(arm_core_tz.c.obj)
                0x00012200                tz_nonsecure_exception_prio_config
 .text.tz_nonsecure_system_reset_req_block
                0x00012228       0x28 zephyr/arch/arch/arm/core/aarch32/cortex_m/tz/libarch__arm__core__aarch32__cortex_m__tz.a(arm_core_tz.c.obj)
                0x00012228                tz_nonsecure_system_reset_req_block
 .text.tz_nonsecure_fpu_access_enable
                0x00012250       0x14 zephyr/arch/arch/arm/core/aarch32/cortex_m/tz/libarch__arm__core__aarch32__cortex_m__tz.a(arm_core_tz.c.obj)
                0x00012250                tz_nonsecure_fpu_access_enable
 .text.tz_sau_configure
                0x00012264       0x28 zephyr/arch/arch/arm/core/aarch32/cortex_m/tz/libarch__arm__core__aarch32__cortex_m__tz.a(arm_core_tz.c.obj)
                0x00012264                tz_sau_configure
 .text.z_arm_configure_static_mpu_regions
                0x0001228c       0x38 zephyr/arch/arch/arm/core/aarch32/mpu/libarch__arm__core__aarch32__mpu.a(arm_core_mpu.c.obj)
                0x0001228c                z_arm_configure_static_mpu_regions
 .text.region_init
                0x000122c4       0x30 zephyr/arch/arch/arm/core/aarch32/mpu/libarch__arm__core__aarch32__mpu.a(arm_mpu.c.obj)
 .text.mpu_configure_region
                0x000122f4       0x50 zephyr/arch/arch/arm/core/aarch32/mpu/libarch__arm__core__aarch32__mpu.a(arm_mpu.c.obj)
 .text.mpu_configure_regions_and_partition.constprop.0
                0x00012344      0x168 zephyr/arch/arch/arm/core/aarch32/mpu/libarch__arm__core__aarch32__mpu.a(arm_mpu.c.obj)
 .text.arm_core_mpu_enable
                0x000124ac       0x14 zephyr/arch/arch/arm/core/aarch32/mpu/libarch__arm__core__aarch32__mpu.a(arm_mpu.c.obj)
                0x000124ac                arm_core_mpu_enable
 .text.arm_core_mpu_disable
                0x000124c0       0x10 zephyr/arch/arch/arm/core/aarch32/mpu/libarch__arm__core__aarch32__mpu.a(arm_mpu.c.obj)
                0x000124c0                arm_core_mpu_disable
 .text.arm_core_mpu_configure_static_mpu_regions
                0x000124d0       0x38 zephyr/arch/arch/arm/core/aarch32/mpu/libarch__arm__core__aarch32__mpu.a(arm_mpu.c.obj)
                0x000124d0                arm_core_mpu_configure_static_mpu_regions
 .text.arm_core_mpu_mark_areas_for_dynamic_regions
                0x00012508       0xd0 zephyr/arch/arch/arm/core/aarch32/mpu/libarch__arm__core__aarch32__mpu.a(arm_mpu.c.obj)
                0x00012508                arm_core_mpu_mark_areas_for_dynamic_regions
 .text.z_arm_mpu_init
                0x000125d8       0x88 zephyr/arch/arch/arm/core/aarch32/mpu/libarch__arm__core__aarch32__mpu.a(arm_mpu.c.obj)
                0x000125d8                z_arm_mpu_init
 .text.__stdout_hook_install
                0x00012660        0xc zephyr/lib/libc/minimal/liblib__libc__minimal.a(stdout_console.c.obj)
                0x00012660                __stdout_hook_install
 .text.onoff_start
                0x0001266c       0x4c zephyr/drivers/clock_control/libdrivers__clock_control.a(clock_control_nrf.c.obj)
 .text.get_status
                0x000126b8       0x34 zephyr/drivers/clock_control/libdrivers__clock_control.a(clock_control_nrf.c.obj)
 .text.stop     0x000126ec       0x78 zephyr/drivers/clock_control/libdrivers__clock_control.a(clock_control_nrf.c.obj)
 .text.onoff_stop
                0x00012764       0x28 zephyr/drivers/clock_control/libdrivers__clock_control.a(clock_control_nrf.c.obj)
 .text.clk_init
                0x0001278c       0x60 zephyr/drivers/clock_control/libdrivers__clock_control.a(clock_control_nrf.c.obj)
 .text.clkstarted_handle.constprop.0
                0x000127ec       0x34 zephyr/drivers/clock_control/libdrivers__clock_control.a(clock_control_nrf.c.obj)
 .text.clock_event_handler
                0x00012820       0x58 zephyr/drivers/clock_control/libdrivers__clock_control.a(clock_control_nrf.c.obj)
 .text.generic_hfclk_start
                0x00012878       0x64 zephyr/drivers/clock_control/libdrivers__clock_control.a(clock_control_nrf.c.obj)
 .text.generic_hfclk_stop
                0x000128dc       0x24 zephyr/drivers/clock_control/libdrivers__clock_control.a(clock_control_nrf.c.obj)
 .text.api_blocking_start
                0x00012900       0x34 zephyr/drivers/clock_control/libdrivers__clock_control.a(clock_control_nrf.c.obj)
 .text.uart_console_init
                0x00012934       0x30 zephyr/drivers/console/libdrivers__console.a(uart_console.c.obj)
 .text.console_out
                0x00012964       0x28 zephyr/drivers/console/libdrivers__console.a(uart_console.c.obj)
 .text.uarte_nrfx_configure
                0x0001298c      0x164 zephyr/drivers/serial/libdrivers__serial.a(uart_nrfx_uarte.c.obj)
 .text.nrf_gpio_pin_port_decode
                0x00012af0       0x64 zephyr/drivers/serial/libdrivers__serial.a(uart_nrfx_uarte.c.obj)
 .text.uarte_nrfx_poll_out
                0x00012b54       0xc4 zephyr/drivers/serial/libdrivers__serial.a(uart_nrfx_uarte.c.obj)
 .text.entropy_cc3xx_rng_get_entropy
                0x00012c18       0x74 zephyr/drivers/entropy/libdrivers__entropy.a(entropy_cc310.c.obj)
 .text.elapsed  0x00012c8c       0x3c zephyr/drivers/timer/libdrivers__timer.a(cortex_m_systick.c.obj)
 .text.sys_clock_driver_init
                0x00012cc8       0x34 zephyr/drivers/timer/libdrivers__timer.a(cortex_m_systick.c.obj)
 .text.sys_clock_isr
                0x00012cfc       0x38 zephyr/drivers/timer/libdrivers__timer.a(cortex_m_systick.c.obj)
                0x00012cfc                sys_clock_isr
 .text.sys_clock_set_timeout
                0x00012d34      0x110 zephyr/drivers/timer/libdrivers__timer.a(cortex_m_systick.c.obj)
                0x00012d34                sys_clock_set_timeout
 .text.sys_clock_elapsed
                0x00012e44       0x7c zephyr/drivers/timer/libdrivers__timer.a(cortex_m_systick.c.obj)
                0x00012e44                sys_clock_elapsed
 .text.sys_clock_idle_exit
                0x00012ec0       0x20 zephyr/drivers/timer/libdrivers__timer.a(cortex_m_systick.c.obj)
                0x00012ec0                sys_clock_idle_exit
 .text.sys_clock_disable
                0x00012ee0       0x10 zephyr/drivers/timer/libdrivers__timer.a(cortex_m_systick.c.obj)
                0x00012ee0                sys_clock_disable
 .text.k_sys_fatal_error_handler
                0x00012ef0       0x14 modules/nrf/lib/fatal_error/lib..__nrf__lib__fatal_error.a(fatal_error.c.obj)
                0x00012ef0                k_sys_fatal_error_handler
 .text.check_ext_api_requests
                0x00012f04       0x9c modules/nrf/subsys/fw_info/lib..__nrf__subsys__fw_info.a(fw_info.c.obj)
 .text.nrf91_errata_14
                0x00012fa0       0x24 modules/hal_nordic/nrfx/libmodules__hal_nordic__nrfx.a(system_nrf9160.c.obj)
 .text.SystemInit
                0x00012fc4      0x198 modules/hal_nordic/nrfx/libmodules__hal_nordic__nrfx.a(system_nrf9160.c.obj)
                0x00012fc4                SystemInit
 .text.nrf_clock_is_running.constprop.0
                0x0001315c       0x64 modules/hal_nordic/nrfx/libmodules__hal_nordic__nrfx.a(nrfx_clock.c.obj)
 .text.nrfx_clock_init
                0x000131c0       0x40 modules/hal_nordic/nrfx/libmodules__hal_nordic__nrfx.a(nrfx_clock.c.obj)
                0x000131c0                nrfx_clock_init
 .text.nrfx_clock_enable
                0x00013200       0x3c modules/hal_nordic/nrfx/libmodules__hal_nordic__nrfx.a(nrfx_clock.c.obj)
                0x00013200                nrfx_clock_enable
 .text.nrfx_clock_start
                0x0001323c       0xa0 modules/hal_nordic/nrfx/libmodules__hal_nordic__nrfx.a(nrfx_clock.c.obj)
                0x0001323c                nrfx_clock_start
 .text.nrfx_clock_stop
                0x000132dc       0xcc modules/hal_nordic/nrfx/libmodules__hal_nordic__nrfx.a(nrfx_clock.c.obj)
                0x000132dc                nrfx_clock_stop
 .text.nrfx_power_clock_irq_handler
                0x000133a8       0x68 modules/hal_nordic/nrfx/libmodules__hal_nordic__nrfx.a(nrfx_clock.c.obj)
                0x000133a8                nrfx_power_clock_irq_handler
 .text.z_sys_init_run_level
                0x00013410       0x40 zephyr/kernel/libkernel.a(device.c.obj)
                0x00013410                z_sys_init_run_level
 .text.z_fatal_error
                0x00013450       0xb8 zephyr/kernel/libkernel.a(fatal.c.obj)
                0x00013450                z_fatal_error
 .text.init_idle_thread
                0x00013508       0x54 zephyr/kernel/libkernel.a(init.c.obj)
 .text.bg_thread_main
                0x0001355c       0x34 zephyr/kernel/libkernel.a(init.c.obj)
 .text.z_bss_zero
                0x00013590       0x14 zephyr/kernel/libkernel.a(init.c.obj)
                0x00013590                z_bss_zero
 .text.z_cstart
                0x000135a4       0xf8 zephyr/kernel/libkernel.a(init.c.obj)
                0x000135a4                z_cstart
 .text.init_mem_slab_module
                0x0001369c       0x68 zephyr/kernel/libkernel.a(mem_slab.c.obj)
 .text.k_mem_slab_alloc
                0x00013704       0xb4 zephyr/kernel/libkernel.a(mem_slab.c.obj)
                0x00013704                k_mem_slab_alloc
 .text.k_mem_slab_free
                0x000137b8       0xa4 zephyr/kernel/libkernel.a(mem_slab.c.obj)
                0x000137b8                k_mem_slab_free
 .text.z_setup_new_thread
                0x0001385c       0xa8 zephyr/kernel/libkernel.a(thread.c.obj)
                0x0001385c                z_setup_new_thread
 .text.z_init_static_threads
                0x00013904      0x100 zephyr/kernel/libkernel.a(thread.c.obj)
                0x00013904                z_init_static_threads
 .text.z_spin_lock_valid
                0x00013a04       0x1c zephyr/kernel/libkernel.a(thread.c.obj)
                0x00013a04                z_spin_lock_valid
 .text.z_spin_unlock_valid
                0x00013a20       0x1c zephyr/kernel/libkernel.a(thread.c.obj)
                0x00013a20                z_spin_unlock_valid
 .text.z_spin_lock_set_owner
                0x00013a3c       0x10 zephyr/kernel/libkernel.a(thread.c.obj)
                0x00013a3c                z_spin_lock_set_owner
 .text.idle     0x00013a4c       0x50 zephyr/kernel/libkernel.a(idle.c.obj)
                0x00013a4c                idle
 .text.z_impl_k_mutex_lock
                0x00013a9c      0x1b0 zephyr/kernel/libkernel.a(mutex.c.obj)
                0x00013a9c                z_impl_k_mutex_lock
 .text.z_impl_k_mutex_unlock
                0x00013c4c      0x138 zephyr/kernel/libkernel.a(mutex.c.obj)
                0x00013c4c                z_impl_k_mutex_unlock
 .text.z_impl_k_sem_give
                0x00013d84       0x6c zephyr/kernel/libkernel.a(sem.c.obj)
                0x00013d84                z_impl_k_sem_give
 .text.z_impl_k_sem_take
                0x00013df0       0xd4 zephyr/kernel/libkernel.a(sem.c.obj)
                0x00013df0                z_impl_k_sem_take
 .text.z_reset_time_slice
                0x00013ec4       0x2c zephyr/kernel/libkernel.a(sched.c.obj)
                0x00013ec4                z_reset_time_slice
 .text.k_sched_time_slice_set
                0x00013ef0       0xa8 zephyr/kernel/libkernel.a(sched.c.obj)
                0x00013ef0                k_sched_time_slice_set
 .text.z_reschedule
                0x00013f98       0x6c zephyr/kernel/libkernel.a(sched.c.obj)
                0x00013f98                z_reschedule
 .text.k_sched_lock
                0x00014004       0xa8 zephyr/kernel/libkernel.a(sched.c.obj)
                0x00014004                k_sched_lock
 .text.z_priq_dumb_remove
                0x000140ac       0x3c zephyr/kernel/libkernel.a(sched.c.obj)
                0x000140ac                z_priq_dumb_remove
 .text.unpend_thread_no_timeout
                0x000140e8       0x3c zephyr/kernel/libkernel.a(sched.c.obj)
 .text.update_cache
                0x00014124       0x60 zephyr/kernel/libkernel.a(sched.c.obj)
 .text.move_thread_to_end_of_prio_q
                0x00014184       0xa8 zephyr/kernel/libkernel.a(sched.c.obj)
 .text.z_time_slice
                0x0001422c       0xcc zephyr/kernel/libkernel.a(sched.c.obj)
                0x0001422c                z_time_slice
 .text.ready_thread
                0x000142f8       0x9c zephyr/kernel/libkernel.a(sched.c.obj)
 .text.z_ready_thread
                0x00014394       0x6c zephyr/kernel/libkernel.a(sched.c.obj)
                0x00014394                z_ready_thread
 .text.z_sched_start
                0x00014400       0x84 zephyr/kernel/libkernel.a(sched.c.obj)
                0x00014400                z_sched_start
 .text.z_thread_timeout
                0x00014484       0x90 zephyr/kernel/libkernel.a(sched.c.obj)
                0x00014484                z_thread_timeout
 .text.unready_thread
                0x00014514       0x38 zephyr/kernel/libkernel.a(sched.c.obj)
 .text.add_to_waitq_locked
                0x0001454c       0x80 zephyr/kernel/libkernel.a(sched.c.obj)
 .text.pend     0x000145cc       0x98 zephyr/kernel/libkernel.a(sched.c.obj)
 .text.z_pend_curr
                0x00014664       0x4c zephyr/kernel/libkernel.a(sched.c.obj)
                0x00014664                z_pend_curr
 .text.z_set_prio
                0x000146b0      0x110 zephyr/kernel/libkernel.a(sched.c.obj)
                0x000146b0                z_set_prio
 .text.z_impl_k_thread_suspend
                0x000147c0       0xb0 zephyr/kernel/libkernel.a(sched.c.obj)
                0x000147c0                z_impl_k_thread_suspend
 .text.k_sched_unlock
                0x00014870       0xb8 zephyr/kernel/libkernel.a(sched.c.obj)
                0x00014870                k_sched_unlock
 .text.z_unpend_first_thread
                0x00014928       0x7c zephyr/kernel/libkernel.a(sched.c.obj)
                0x00014928                z_unpend_first_thread
 .text.z_sched_init
                0x000149a4       0x18 zephyr/kernel/libkernel.a(sched.c.obj)
                0x000149a4                z_sched_init
 .text.z_impl_k_yield
                0x000149bc      0x10c zephyr/kernel/libkernel.a(sched.c.obj)
                0x000149bc                z_impl_k_yield
 .text.z_tick_sleep
                0x00014ac8      0x11c zephyr/kernel/libkernel.a(sched.c.obj)
 .text.z_impl_k_sleep
                0x00014be4       0x60 zephyr/kernel/libkernel.a(sched.c.obj)
                0x00014be4                z_impl_k_sleep
 .text.z_impl_z_current_get
                0x00014c44        0xc zephyr/kernel/libkernel.a(sched.c.obj)
                0x00014c44                z_impl_z_current_get
 .text.z_thread_abort
                0x00014c50      0x128 zephyr/kernel/libkernel.a(sched.c.obj)
                0x00014c50                z_thread_abort
 .text.z_data_copy
                0x00014d78       0x34 zephyr/kernel/libkernel.a(xip.c.obj)
                0x00014d78                z_data_copy
 .text.elapsed  0x00014dac       0x14 zephyr/kernel/libkernel.a(timeout.c.obj)
 .text.remove_timeout
                0x00014dc0       0x34 zephyr/kernel/libkernel.a(timeout.c.obj)
 .text.next_timeout
                0x00014df4       0x58 zephyr/kernel/libkernel.a(timeout.c.obj)
 .text.z_add_timeout
                0x00014e4c      0x174 zephyr/kernel/libkernel.a(timeout.c.obj)
                0x00014e4c                z_add_timeout
 .text.z_abort_timeout
                0x00014fc0       0x78 zephyr/kernel/libkernel.a(timeout.c.obj)
                0x00014fc0                z_abort_timeout
 .text.z_get_next_timeout_expiry
                0x00015038       0x6c zephyr/kernel/libkernel.a(timeout.c.obj)
                0x00015038                z_get_next_timeout_expiry
 .text.z_set_timeout_expiry
                0x000150a4       0x7c zephyr/kernel/libkernel.a(timeout.c.obj)
                0x000150a4                z_set_timeout_expiry
 .text.sys_clock_announce
                0x00015120      0x168 zephyr/kernel/libkernel.a(timeout.c.obj)
                0x00015120                sys_clock_announce
 .text.sys_clock_tick_get
                0x00015288       0x7c zephyr/kernel/libkernel.a(timeout.c.obj)
                0x00015288                sys_clock_tick_get
 .text.boot_banner
                0x00015304       0x18 zephyr/kernel/libkernel.a(banner.c.obj)
                0x00015304                boot_banner
 .text.nrf_cc3xx_platform_init
                0x0001531c       0x44 C:/ncs/v1.9.1/nrfxlib/crypto/nrf_cc310_platform/lib/cortex-m33/soft-float/no-interrupts/libnrf_cc310_platform_0.9.13.a(nrf_cc3xx_platform.c.obj)
                0x0001531c                nrf_cc3xx_platform_init
 .text.nrf_cc3xx_platform_abort
                0x00015360       0x24 C:/ncs/v1.9.1/nrfxlib/crypto/nrf_cc310_platform/lib/cortex-m33/soft-float/no-interrupts/libnrf_cc310_platform_0.9.13.a(nrf_cc3xx_platform_abort.c.obj)
 .text.CC_PalAbort
                0x00015384       0x38 C:/ncs/v1.9.1/nrfxlib/crypto/nrf_cc310_platform/lib/cortex-m33/soft-float/no-interrupts/libnrf_cc310_platform_0.9.13.a(nrf_cc3xx_platform_abort.c.obj)
                0x00015384                CC_PalAbort
 .text.nrf_cc3xx_platform_set_abort
                0x000153bc       0x10 C:/ncs/v1.9.1/nrfxlib/crypto/nrf_cc310_platform/lib/cortex-m33/soft-float/no-interrupts/libnrf_cc310_platform_0.9.13.a(nrf_cc3xx_platform_abort.c.obj)
                0x000153bc                nrf_cc3xx_platform_set_abort
 .text.nrf_cc3xx_platform_ctr_drbg_init
                0x000153cc       0x68 C:/ncs/v1.9.1/nrfxlib/crypto/nrf_cc310_platform/lib/cortex-m33/soft-float/no-interrupts/libnrf_cc310_platform_0.9.13.a(nrf_cc3xx_platform_ctr_drbg.c.obj)
                0x000153cc                nrf_cc3xx_platform_ctr_drbg_init
 .text.nrf_cc3xx_platform_ctr_drbg_get
                0x00015434       0x44 C:/ncs/v1.9.1/nrfxlib/crypto/nrf_cc310_platform/lib/cortex-m33/soft-float/no-interrupts/libnrf_cc310_platform_0.9.13.a(nrf_cc3xx_platform_ctr_drbg.c.obj)
                0x00015434                nrf_cc3xx_platform_ctr_drbg_get
 .text.mutex_free
                0x00015478       0x28 C:/ncs/v1.9.1/nrfxlib/crypto/nrf_cc310_platform/lib/cortex-m33/soft-float/no-interrupts/libnrf_cc310_platform_0.9.13.a(nrf_cc3xx_platform_mutex.c.obj)
 .text.mutex_unlock
                0x000154a0       0x2c C:/ncs/v1.9.1/nrfxlib/crypto/nrf_cc310_platform/lib/cortex-m33/soft-float/no-interrupts/libnrf_cc310_platform_0.9.13.a(nrf_cc3xx_platform_mutex.c.obj)
 .text.mutex_init
                0x000154cc       0x1c C:/ncs/v1.9.1/nrfxlib/crypto/nrf_cc310_platform/lib/cortex-m33/soft-float/no-interrupts/libnrf_cc310_platform_0.9.13.a(nrf_cc3xx_platform_mutex.c.obj)
 .text.mutex_lock
                0x000154e8       0x3c C:/ncs/v1.9.1/nrfxlib/crypto/nrf_cc310_platform/lib/cortex-m33/soft-float/no-interrupts/libnrf_cc310_platform_0.9.13.a(nrf_cc3xx_platform_mutex.c.obj)
 .text.nrf_cc3xx_platform_set_mutexes
                0x00015524       0x64 C:/ncs/v1.9.1/nrfxlib/crypto/nrf_cc310_platform/lib/cortex-m33/soft-float/no-interrupts/libnrf_cc310_platform_0.9.13.a(nrf_cc3xx_platform_mutex.c.obj)
                0x00015524                nrf_cc3xx_platform_set_mutexes
 .text.mbedtls_zeroize_internal
                0x00015588       0x14 C:/ncs/v1.9.1/nrfxlib/crypto/nrf_cc310_platform/lib/cortex-m33/soft-float/no-interrupts/libnrf_cc310_platform_0.9.13.a(mbedtls_common.c.obj)
                0x00015588                mbedtls_zeroize_internal
 .text.mbedtls_platform_zeroize
                0x0001559c       0x14 C:/ncs/v1.9.1/nrfxlib/crypto/nrf_cc310_platform/lib/cortex-m33/soft-float/no-interrupts/libnrf_cc310_platform_0.9.13.a(mbedtls_common.c.obj)
                0x0001559c                mbedtls_platform_zeroize
 .text.block_cipher_df
                0x000155b0      0x280 C:/ncs/v1.9.1/nrfxlib/crypto/nrf_cc310_platform/lib/cortex-m33/soft-float/no-interrupts/libnrf_cc310_platform_0.9.13.a(ctr_drbg.c.obj)
 .text.ctr_drbg_update_internal
                0x00015830      0x148 C:/ncs/v1.9.1/nrfxlib/crypto/nrf_cc310_platform/lib/cortex-m33/soft-float/no-interrupts/libnrf_cc310_platform_0.9.13.a(ctr_drbg.c.obj)
 .text.mbedtls_ctr_drbg_reseed_internal
                0x00015978       0xc8 C:/ncs/v1.9.1/nrfxlib/crypto/nrf_cc310_platform/lib/cortex-m33/soft-float/no-interrupts/libnrf_cc310_platform_0.9.13.a(ctr_drbg.c.obj)
 .text.cc_mbedtls_ctr_drbg_init
                0x00015a40       0x2c C:/ncs/v1.9.1/nrfxlib/crypto/nrf_cc310_platform/lib/cortex-m33/soft-float/no-interrupts/libnrf_cc310_platform_0.9.13.a(ctr_drbg.c.obj)
                0x00015a40                cc_mbedtls_ctr_drbg_init
 .text.cc_mbedtls_ctr_drbg_seed
                0x00015a6c       0x9c C:/ncs/v1.9.1/nrfxlib/crypto/nrf_cc310_platform/lib/cortex-m33/soft-float/no-interrupts/libnrf_cc310_platform_0.9.13.a(ctr_drbg.c.obj)
                0x00015a6c                cc_mbedtls_ctr_drbg_seed
 .text.cc_mbedtls_ctr_drbg_random_with_add
                0x00015b08      0x1e8 C:/ncs/v1.9.1/nrfxlib/crypto/nrf_cc310_platform/lib/cortex-m33/soft-float/no-interrupts/libnrf_cc310_platform_0.9.13.a(ctr_drbg.c.obj)
                0x00015b08                cc_mbedtls_ctr_drbg_random_with_add
 .text.entropy_update
                0x00015cf0       0x7c C:/ncs/v1.9.1/nrfxlib/crypto/nrf_cc310_platform/lib/cortex-m33/soft-float/no-interrupts/libnrf_cc310_platform_0.9.13.a(entropy.c.obj)
 .text.entropy_gather_internal.part.0
                0x00015d6c       0x78 C:/ncs/v1.9.1/nrfxlib/crypto/nrf_cc310_platform/lib/cortex-m33/soft-float/no-interrupts/libnrf_cc310_platform_0.9.13.a(entropy.c.obj)
 .text.cc_mbedtls_entropy_init
                0x00015de4       0x80 C:/ncs/v1.9.1/nrfxlib/crypto/nrf_cc310_platform/lib/cortex-m33/soft-float/no-interrupts/libnrf_cc310_platform_0.9.13.a(entropy.c.obj)
                0x00015de4                cc_mbedtls_entropy_init
 .text.cc_mbedtls_entropy_func
                0x00015e64      0x10c C:/ncs/v1.9.1/nrfxlib/crypto/nrf_cc310_platform/lib/cortex-m33/soft-float/no-interrupts/libnrf_cc310_platform_0.9.13.a(entropy.c.obj)
                0x00015e64                cc_mbedtls_entropy_func
 .text.RndStartupTest.constprop.0
                0x00015f70       0xa4 C:/ncs/v1.9.1/nrfxlib/crypto/nrf_cc310_platform/lib/cortex-m33/soft-float/no-interrupts/libnrf_cc310_platform_0.9.13.a(cc_lib.c.obj)
 .text.CC_LibInit
                0x00016014       0xb0 C:/ncs/v1.9.1/nrfxlib/crypto/nrf_cc310_platform/lib/cortex-m33/soft-float/no-interrupts/libnrf_cc310_platform_0.9.13.a(cc_lib.c.obj)
                0x00016014                CC_LibInit
 .text.CC_HalInit
                0x000160c4        0x4 C:/ncs/v1.9.1/nrfxlib/crypto/nrf_cc310_platform/lib/cortex-m33/soft-float/no-interrupts/libnrf_cc310_platform_0.9.13.a(cc_hal.c.obj)
                0x000160c4                CC_HalInit
 .text.CC_HalTerminate
                0x000160c8        0x4 C:/ncs/v1.9.1/nrfxlib/crypto/nrf_cc310_platform/lib/cortex-m33/soft-float/no-interrupts/libnrf_cc310_platform_0.9.13.a(cc_hal.c.obj)
                0x000160c8                CC_HalTerminate
 .text.CC_HalClearInterruptBit
                0x000160cc       0x1c C:/ncs/v1.9.1/nrfxlib/crypto/nrf_cc310_platform/lib/cortex-m33/soft-float/no-interrupts/libnrf_cc310_platform_0.9.13.a(cc_hal.c.obj)
                0x000160cc                CC_HalClearInterruptBit
 .text.CC_HalMaskInterrupt
                0x000160e8        0xc C:/ncs/v1.9.1/nrfxlib/crypto/nrf_cc310_platform/lib/cortex-m33/soft-float/no-interrupts/libnrf_cc310_platform_0.9.13.a(cc_hal.c.obj)
                0x000160e8                CC_HalMaskInterrupt
 .text.CC_HalWaitInterrupt
                0x000160f4        0xc C:/ncs/v1.9.1/nrfxlib/crypto/nrf_cc310_platform/lib/cortex-m33/soft-float/no-interrupts/libnrf_cc310_platform_0.9.13.a(cc_hal.c.obj)
                0x000160f4                CC_HalWaitInterrupt
 .text.CC_HalWaitInterruptRND
                0x00016100        0xc C:/ncs/v1.9.1/nrfxlib/crypto/nrf_cc310_platform/lib/cortex-m33/soft-float/no-interrupts/libnrf_cc310_platform_0.9.13.a(cc_hal.c.obj)
                0x00016100                CC_HalWaitInterruptRND
 .text.CC_PalInit
                0x0001610c       0x5c C:/ncs/v1.9.1/nrfxlib/crypto/nrf_cc310_platform/lib/cortex-m33/soft-float/no-interrupts/libnrf_cc310_platform_0.9.13.a(cc_pal.c.obj)
                0x0001610c                CC_PalInit
 .text.CC_PalTerminate
                0x00016168       0x34 C:/ncs/v1.9.1/nrfxlib/crypto/nrf_cc310_platform/lib/cortex-m33/soft-float/no-interrupts/libnrf_cc310_platform_0.9.13.a(cc_pal.c.obj)
                0x00016168                CC_PalTerminate
 .text.CC_PalDmaInit
                0x0001619c        0x4 C:/ncs/v1.9.1/nrfxlib/crypto/nrf_cc310_platform/lib/cortex-m33/soft-float/no-interrupts/libnrf_cc310_platform_0.9.13.a(cc_pal_dma.c.obj)
                0x0001619c                CC_PalDmaInit
 .text.CC_PalDmaTerminate
                0x000161a0        0x4 C:/ncs/v1.9.1/nrfxlib/crypto/nrf_cc310_platform/lib/cortex-m33/soft-float/no-interrupts/libnrf_cc310_platform_0.9.13.a(cc_pal_dma.c.obj)
                0x000161a0                CC_PalDmaTerminate
 .text.CC_PalWaitInterruptRND
                0x000161a4       0x30 C:/ncs/v1.9.1/nrfxlib/crypto/nrf_cc310_platform/lib/cortex-m33/soft-float/no-interrupts/libnrf_cc310_platform_0.9.13.a(cc_pal_interrupt_ctrl.c.obj)
                0x000161a4                CC_PalWaitInterruptRND
 .text.CC_PalWaitInterrupt
                0x000161d4       0x1c C:/ncs/v1.9.1/nrfxlib/crypto/nrf_cc310_platform/lib/cortex-m33/soft-float/no-interrupts/libnrf_cc310_platform_0.9.13.a(cc_pal_interrupt_ctrl.c.obj)
                0x000161d4                CC_PalWaitInterrupt
 .text.CC_PalMutexCreate
                0x000161f0       0x14 C:/ncs/v1.9.1/nrfxlib/crypto/nrf_cc310_platform/lib/cortex-m33/soft-float/no-interrupts/libnrf_cc310_platform_0.9.13.a(cc_pal_mutex.c.obj)
                0x000161f0                CC_PalMutexCreate
 .text.CC_PalMutexDestroy
                0x00016204       0x14 C:/ncs/v1.9.1/nrfxlib/crypto/nrf_cc310_platform/lib/cortex-m33/soft-float/no-interrupts/libnrf_cc310_platform_0.9.13.a(cc_pal_mutex.c.obj)
                0x00016204                CC_PalMutexDestroy
 .text.CC_PalMutexLock
                0x00016218       0x10 C:/ncs/v1.9.1/nrfxlib/crypto/nrf_cc310_platform/lib/cortex-m33/soft-float/no-interrupts/libnrf_cc310_platform_0.9.13.a(cc_pal_mutex.c.obj)
                0x00016218                CC_PalMutexLock
 .text.CC_PalMutexUnlock
                0x00016228       0x14 C:/ncs/v1.9.1/nrfxlib/crypto/nrf_cc310_platform/lib/cortex-m33/soft-float/no-interrupts/libnrf_cc310_platform_0.9.13.a(cc_pal_mutex.c.obj)
                0x00016228                CC_PalMutexUnlock
 .text.CC_PalPowerSaveModeInit
                0x0001623c       0x3c C:/ncs/v1.9.1/nrfxlib/crypto/nrf_cc310_platform/lib/cortex-m33/soft-float/no-interrupts/libnrf_cc310_platform_0.9.13.a(cc_pal_pm.c.obj)
                0x0001623c                CC_PalPowerSaveModeInit
 .text.CC_PalPowerSaveModeSelect
                0x00016278       0x84 C:/ncs/v1.9.1/nrfxlib/crypto/nrf_cc310_platform/lib/cortex-m33/soft-float/no-interrupts/libnrf_cc310_platform_0.9.13.a(cc_pal_pm.c.obj)
                0x00016278                CC_PalPowerSaveModeSelect
 .text.mutex_init
                0x000162fc        0xc C:/ncs/v1.9.1/nrfxlib/crypto/nrf_cc310_platform/lib/cortex-m33/soft-float/no-interrupts/libnrf_cc310_platform_0.9.13.a(threading_alt.c.obj)
                0x000162fc                mutex_init
 .text.mutex_lock
                0x00016308        0xc C:/ncs/v1.9.1/nrfxlib/crypto/nrf_cc310_platform/lib/cortex-m33/soft-float/no-interrupts/libnrf_cc310_platform_0.9.13.a(threading_alt.c.obj)
                0x00016308                mutex_lock
 .text.mutex_unlock
                0x00016314        0xc C:/ncs/v1.9.1/nrfxlib/crypto/nrf_cc310_platform/lib/cortex-m33/soft-float/no-interrupts/libnrf_cc310_platform_0.9.13.a(threading_alt.c.obj)
                0x00016314                mutex_unlock
 .text.startTrngHW
                0x00016320      0x158 C:/ncs/v1.9.1/nrfxlib/crypto/nrf_cc310_platform/lib/cortex-m33/soft-float/no-interrupts/libnrf_cc310_platform_0.9.13.a(llf_rnd_trng90b.c.obj)
 .text.LLF_RND_RepetitionCounterTest.part.0
                0x00016478       0x58 C:/ncs/v1.9.1/nrfxlib/crypto/nrf_cc310_platform/lib/cortex-m33/soft-float/no-interrupts/libnrf_cc310_platform_0.9.13.a(llf_rnd_trng90b.c.obj)
 .text.LLF_RND_AdaptiveProportionTest
                0x000164d0       0xcc C:/ncs/v1.9.1/nrfxlib/crypto/nrf_cc310_platform/lib/cortex-m33/soft-float/no-interrupts/libnrf_cc310_platform_0.9.13.a(llf_rnd_trng90b.c.obj)
                0x000164d0                LLF_RND_AdaptiveProportionTest
 .text.getTrngSource
                0x0001659c      0x2d8 C:/ncs/v1.9.1/nrfxlib/crypto/nrf_cc310_platform/lib/cortex-m33/soft-float/no-interrupts/libnrf_cc310_platform_0.9.13.a(llf_rnd_trng90b.c.obj)
 .text.LLF_RND_GetTrngSource
                0x00016874       0x18 C:/ncs/v1.9.1/nrfxlib/crypto/nrf_cc310_platform/lib/cortex-m33/soft-float/no-interrupts/libnrf_cc310_platform_0.9.13.a(llf_rnd_trng90b.c.obj)
                0x00016874                LLF_RND_GetTrngSource
 .text.LLF_RND_RunTrngStartupTest
                0x0001688c       0x1c C:/ncs/v1.9.1/nrfxlib/crypto/nrf_cc310_platform/lib/cortex-m33/soft-float/no-interrupts/libnrf_cc310_platform_0.9.13.a(llf_rnd_trng90b.c.obj)
                0x0001688c                LLF_RND_RunTrngStartupTest
 .text.mbedtls_hardware_poll
                0x000168a8      0x104 C:/ncs/v1.9.1/nrfxlib/crypto/nrf_cc310_platform/lib/cortex-m33/soft-float/no-interrupts/libnrf_cc310_platform_0.9.13.a(trng_api.c.obj)
                0x000168a8                mbedtls_hardware_poll
 .text.cc_mbedtls_aes_init
                0x000169ac       0x20 C:/ncs/v1.9.1/nrfxlib/crypto/nrf_cc310_platform/lib/cortex-m33/soft-float/no-interrupts/libnrf_cc310_platform_0.9.13.a(aes_alt.c.obj)
                0x000169ac                cc_mbedtls_aes_init
 .text.cc_mbedtls_aes_free
                0x000169cc        0xc C:/ncs/v1.9.1/nrfxlib/crypto/nrf_cc310_platform/lib/cortex-m33/soft-float/no-interrupts/libnrf_cc310_platform_0.9.13.a(aes_alt.c.obj)
                0x000169cc                cc_mbedtls_aes_free
 .text.cc_mbedtls_aes_setkey_enc
                0x000169d8       0x34 C:/ncs/v1.9.1/nrfxlib/crypto/nrf_cc310_platform/lib/cortex-m33/soft-float/no-interrupts/libnrf_cc310_platform_0.9.13.a(aes_alt.c.obj)
                0x000169d8                cc_mbedtls_aes_setkey_enc
 .text.cc_mbedtls_aes_crypt_ecb
                0x00016a0c       0x54 C:/ncs/v1.9.1/nrfxlib/crypto/nrf_cc310_platform/lib/cortex-m33/soft-float/no-interrupts/libnrf_cc310_platform_0.9.13.a(aes_alt.c.obj)
                0x00016a0c                cc_mbedtls_aes_crypt_ecb
 .text.cc_mbedtls_sha256_init
                0x00016a60       0x28 C:/ncs/v1.9.1/nrfxlib/crypto/nrf_cc310_platform/lib/cortex-m33/soft-float/no-interrupts/libnrf_cc310_platform_0.9.13.a(sha256_alt.c.obj)
                0x00016a60                cc_mbedtls_sha256_init
 .text.cc_mbedtls_sha256_free
                0x00016a88        0xc C:/ncs/v1.9.1/nrfxlib/crypto/nrf_cc310_platform/lib/cortex-m33/soft-float/no-interrupts/libnrf_cc310_platform_0.9.13.a(sha256_alt.c.obj)
                0x00016a88                cc_mbedtls_sha256_free
 .text.cc_mbedtls_sha256_starts
                0x00016a94       0x28 C:/ncs/v1.9.1/nrfxlib/crypto/nrf_cc310_platform/lib/cortex-m33/soft-float/no-interrupts/libnrf_cc310_platform_0.9.13.a(sha256_alt.c.obj)
                0x00016a94                cc_mbedtls_sha256_starts
 .text.cc_mbedtls_sha256_update
                0x00016abc       0x54 C:/ncs/v1.9.1/nrfxlib/crypto/nrf_cc310_platform/lib/cortex-m33/soft-float/no-interrupts/libnrf_cc310_platform_0.9.13.a(sha256_alt.c.obj)
                0x00016abc                cc_mbedtls_sha256_update
 .text.cc_mbedtls_sha256_finish
                0x00016b10       0x48 C:/ncs/v1.9.1/nrfxlib/crypto/nrf_cc310_platform/lib/cortex-m33/soft-float/no-interrupts/libnrf_cc310_platform_0.9.13.a(sha256_alt.c.obj)
                0x00016b10                cc_mbedtls_sha256_finish
 .text.mbedtls_sha_starts_internal
                0x00016b58       0x28 C:/ncs/v1.9.1/nrfxlib/crypto/nrf_cc310_platform/lib/cortex-m33/soft-float/no-interrupts/libnrf_cc310_platform_0.9.13.a(mbedtls_hash_common.c.obj)
                0x00016b58                mbedtls_sha_starts_internal
 .text.mbedtls_sha_finish_internal
                0x00016b80       0x5c C:/ncs/v1.9.1/nrfxlib/crypto/nrf_cc310_platform/lib/cortex-m33/soft-float/no-interrupts/libnrf_cc310_platform_0.9.13.a(mbedtls_hash_common.c.obj)
                0x00016b80                mbedtls_sha_finish_internal
 .text.mbedtls_sha_update_internal
                0x00016bdc       0xe4 C:/ncs/v1.9.1/nrfxlib/crypto/nrf_cc310_platform/lib/cortex-m33/soft-float/no-interrupts/libnrf_cc310_platform_0.9.13.a(mbedtls_hash_common.c.obj)
                0x00016bdc                mbedtls_sha_update_internal
 .text.cc_mbedtls_sha256
                0x00016cc0       0x50 C:/ncs/v1.9.1/nrfxlib/crypto/nrf_cc310_platform/lib/cortex-m33/soft-float/no-interrupts/libnrf_cc310_platform_0.9.13.a(sha256.c.obj)
                0x00016cc0                cc_mbedtls_sha256
 .text.RNG_PLAT_SetUserRngParameters
                0x00016d10       0x7c C:/ncs/v1.9.1/nrfxlib/crypto/nrf_cc310_platform/lib/cortex-m33/soft-float/no-interrupts/libnrf_cc310_platform_0.9.13.a(cc_rng_plat.c.obj)
                0x00016d10                RNG_PLAT_SetUserRngParameters
 .text.CC_PalMemCopyPlat
                0x00016d8c        0x4 C:/ncs/v1.9.1/nrfxlib/crypto/nrf_cc310_platform/lib/cortex-m33/soft-float/no-interrupts/libnrf_cc310_platform_0.9.13.a(cc_pal_mem.c.obj)
                0x00016d8c                CC_PalMemCopyPlat
 .text.CC_PalMemSetPlat
                0x00016d90        0x4 C:/ncs/v1.9.1/nrfxlib/crypto/nrf_cc310_platform/lib/cortex-m33/soft-float/no-interrupts/libnrf_cc310_platform_0.9.13.a(cc_pal_mem.c.obj)
                0x00016d90                CC_PalMemSetPlat
 .text.CC_PalMemSetZeroPlat
                0x00016d94        0x8 C:/ncs/v1.9.1/nrfxlib/crypto/nrf_cc310_platform/lib/cortex-m33/soft-float/no-interrupts/libnrf_cc310_platform_0.9.13.a(cc_pal_mem.c.obj)
                0x00016d94                CC_PalMemSetZeroPlat
 .text.CC_PalTrngParamGet
                0x00016d9c      0x110 C:/ncs/v1.9.1/nrfxlib/crypto/nrf_cc310_platform/lib/cortex-m33/soft-float/no-interrupts/libnrf_cc310_platform_0.9.13.a(cc_pal_trng.c.obj)
                0x00016d9c                CC_PalTrngParamGet
 .text.LLF_RND_WaitRngInterrupt
                0x00016eac       0x20 C:/ncs/v1.9.1/nrfxlib/crypto/nrf_cc310_platform/lib/cortex-m33/soft-float/no-interrupts/libnrf_cc310_platform_0.9.13.a(llf_rnd.c.obj)
                0x00016eac                LLF_RND_WaitRngInterrupt
 .text.LLF_RND_GetRoscSampleCnt
                0x00016ecc       0x3c C:/ncs/v1.9.1/nrfxlib/crypto/nrf_cc310_platform/lib/cortex-m33/soft-float/no-interrupts/libnrf_cc310_platform_0.9.13.a(llf_rnd.c.obj)
                0x00016ecc                LLF_RND_GetRoscSampleCnt
 .text.LLF_RND_GetFastestRosc
                0x00016f08       0x20 C:/ncs/v1.9.1/nrfxlib/crypto/nrf_cc310_platform/lib/cortex-m33/soft-float/no-interrupts/libnrf_cc310_platform_0.9.13.a(llf_rnd.c.obj)
                0x00016f08                LLF_RND_GetFastestRosc
 .text.LLF_RND_TurnOffTrng
                0x00016f28       0x1c C:/ncs/v1.9.1/nrfxlib/crypto/nrf_cc310_platform/lib/cortex-m33/soft-float/no-interrupts/libnrf_cc310_platform_0.9.13.a(llf_rnd.c.obj)
                0x00016f28                LLF_RND_TurnOffTrng
 .text.SetDataBuffersInfo
                0x00016f44       0x70 C:/ncs/v1.9.1/nrfxlib/crypto/nrf_cc310_platform/lib/cortex-m33/soft-float/no-interrupts/libnrf_cc310_platform_0.9.13.a(driver_common.c.obj)
                0x00016f44                SetDataBuffersInfo
 .text.InitHashDrv
                0x00016fb4       0x54 C:/ncs/v1.9.1/nrfxlib/crypto/nrf_cc310_platform/lib/cortex-m33/soft-float/no-interrupts/libnrf_cc310_platform_0.9.13.a(hash_driver.c.obj)
                0x00016fb4                InitHashDrv
 .text.ProcessHashDrv
                0x00017008      0x254 C:/ncs/v1.9.1/nrfxlib/crypto/nrf_cc310_platform/lib/cortex-m33/soft-float/no-interrupts/libnrf_cc310_platform_0.9.13.a(hash_driver.c.obj)
                0x00017008                ProcessHashDrv
 .text.FinishHashDrv
                0x0001725c       0x80 C:/ncs/v1.9.1/nrfxlib/crypto/nrf_cc310_platform/lib/cortex-m33/soft-float/no-interrupts/libnrf_cc310_platform_0.9.13.a(hash_driver.c.obj)
                0x0001725c                FinishHashDrv
 .text.LoadAesKey
                0x000172dc       0xe4 C:/ncs/v1.9.1/nrfxlib/crypto/nrf_cc310_platform/lib/cortex-m33/soft-float/no-interrupts/libnrf_cc310_platform_0.9.13.a(aes_driver.c.obj)
 .text.InitAes.part.0
                0x000173c0       0xf8 C:/ncs/v1.9.1/nrfxlib/crypto/nrf_cc310_platform/lib/cortex-m33/soft-float/no-interrupts/libnrf_cc310_platform_0.9.13.a(aes_driver.c.obj)
 .text.ProcessAesDrv
                0x000174b8      0x3ac C:/ncs/v1.9.1/nrfxlib/crypto/nrf_cc310_platform/lib/cortex-m33/soft-float/no-interrupts/libnrf_cc310_platform_0.9.13.a(aes_driver.c.obj)
                0x000174b8                ProcessAesDrv
 .text.FinishAesDrv
                0x00017864      0x24c C:/ncs/v1.9.1/nrfxlib/crypto/nrf_cc310_platform/lib/cortex-m33/soft-float/no-interrupts/libnrf_cc310_platform_0.9.13.a(aes_driver.c.obj)
                0x00017864                FinishAesDrv
 .text.kmu_validate_slot_and_size
                0x00017ab0       0x2c C:/ncs/v1.9.1/nrfxlib/crypto/nrf_cc310_platform/lib/cortex-m33/soft-float/no-interrupts/libnrf_cc310_platform_0.9.13.a(kmu_shared.c.obj)
                0x00017ab0                kmu_validate_slot_and_size
 .text.kmu_validate_slot_and_size_no_kdr
                0x00017adc       0x88 C:/ncs/v1.9.1/nrfxlib/crypto/nrf_cc310_platform/lib/cortex-m33/soft-float/no-interrupts/libnrf_cc310_platform_0.9.13.a(kmu_shared.c.obj)
                0x00017adc                kmu_validate_slot_and_size_no_kdr
 .text.kmu_validate_kdr_slot_and_size
                0x00017b64       0x48 C:/ncs/v1.9.1/nrfxlib/crypto/nrf_cc310_platform/lib/cortex-m33/soft-float/no-interrupts/libnrf_cc310_platform_0.9.13.a(kmu_shared.c.obj)
                0x00017b64                kmu_validate_kdr_slot_and_size
 .text.kmu_use_kdr_key
                0x00017bac       0x18 C:/ncs/v1.9.1/nrfxlib/crypto/nrf_cc310_platform/lib/cortex-m33/soft-float/no-interrupts/libnrf_cc310_platform_0.9.13.a(kmu_shared.c.obj)
                0x00017bac                kmu_use_kdr_key
 .text.kmu_load_key_aes
                0x00017bc4       0xe8 C:/ncs/v1.9.1/nrfxlib/crypto/nrf_cc310_platform/lib/cortex-m33/soft-float/no-interrupts/libnrf_cc310_platform_0.9.13.a(kmu_shared.c.obj)
                0x00017bc4                kmu_load_key_aes
 .text.kmu_derive_cmac
                0x00017cac      0x14c C:/ncs/v1.9.1/nrfxlib/crypto/nrf_cc310_platform/lib/cortex-m33/soft-float/no-interrupts/libnrf_cc310_platform_0.9.13.a(kmu_shared.c.obj)
                0x00017cac                kmu_derive_cmac
 .text.UtilCmacBuildDataForDerivation
                0x00017df8       0xb8 C:/ncs/v1.9.1/nrfxlib/crypto/nrf_cc310_platform/lib/cortex-m33/soft-float/no-interrupts/libnrf_cc310_platform_0.9.13.a(cc_util_cmac.c.obj)
                0x00017df8                UtilCmacBuildDataForDerivation
 .text.CC_PalDataBufferAttrGet
                0x00017eb0        0x8 C:/ncs/v1.9.1/nrfxlib/crypto/nrf_cc310_platform/lib/cortex-m33/soft-float/no-interrupts/libnrf_cc310_platform_0.9.13.a(cc_pal_buff_attr.c.obj)
                0x00017eb0                CC_PalDataBufferAttrGet
 .text.main     0x00017eb8        0xe app/libapp.a(main.c.obj)
                0x00017eb8                main
 .text.arch_printk_char_out
                0x00017ec6        0x4 zephyr/libzephyr.a(printk.c.obj)
                0x00017ec6                arch_printk_char_out
 .text.printk   0x00017eca       0x1a zephyr/libzephyr.a(printk.c.obj)
                0x00017eca                printk
 .text.onoff_manager_init
                0x00017ee4       0x26 zephyr/libzephyr.a(onoff.c.obj)
                0x00017ee4                onoff_manager_init
 .text.z_thread_entry
                0x00017f0a       0x14 zephyr/libzephyr.a(thread_entry.c.obj)
                0x00017f0a                z_thread_entry
 .text.encode_uint
                0x00017f1e       0x96 zephyr/libzephyr.a(cbprintf_complete.c.obj)
 .text.outs     0x00017fb4       0x2c zephyr/libzephyr.a(cbprintf_complete.c.obj)
 .text.assert_post_action
                0x00017fe0        0xe zephyr/libzephyr.a(assert.c.obj)
                0x00017fe0                assert_post_action
 .text._ConfigAbsSyms
                0x00017fee        0x2 zephyr/libzephyr.a(configs.c.obj)
                0x00017fee                _ConfigAbsSyms
 .text.pm_power_state_exit_post_ops
                0x00017ff0       0x16 zephyr/libzephyr.a(power.c.obj)
                0x00017ff0                pm_power_state_exit_post_ops
 .text.z_log_minimal_printk
                0x00018006       0x1a zephyr/libzephyr.a(log_minimal.c.obj)
                0x00018006                z_log_minimal_printk
 .text.pm_policy_next_state
                0x00018020        0xa zephyr/libzephyr.a(residency.c.obj)
                0x00018020                pm_policy_next_state
 .text.spm_firmware_info_nse
                0x0001802a       0x4c zephyr/libzephyr.a(secure_services.c.obj)
                0x0001802a                __acle_se_spm_firmware_info_nse
 .text.abort_function
                0x00018076        0x8 zephyr/libzephyr.a(nrf_cc3xx_platform_abort_zephyr.c.obj)
 .text.z_do_kernel_oops
                0x0001807e        0x8 zephyr/arch/arch/arm/core/aarch32/libarch__arm__core__aarch32.a(fatal.c.obj)
                0x0001807e                z_do_kernel_oops
 .text.z_irq_spurious
                0x00018086        0x8 zephyr/arch/arch/arm/core/aarch32/libarch__arm__core__aarch32.a(irq_manage.c.obj)
                0x00018086                z_irq_spurious
 .text.irq_target_state_set
                0x0001808e       0x5e zephyr/arch/arch/arm/core/aarch32/libarch__arm__core__aarch32.a(irq_manage.c.obj)
                0x0001808e                irq_target_state_set
 .text.z_arm_nmi
                0x000180ec        0xe zephyr/arch/arch/arm/core/aarch32/libarch__arm__core__aarch32.a(nmi.c.obj)
                0x000180ec                z_arm_nmi
 .text.configure_builtin_stack_guard
                0x000180fa        0x8 zephyr/arch/arch/arm/core/aarch32/libarch__arm__core__aarch32.a(thread.c.obj)
                0x000180fa                configure_builtin_stack_guard
 .text.arm_cmse_mpu_region_get
                0x00018102       0x12 zephyr/arch/arch/arm/core/aarch32/cortex_m/cmse/libarch__arm__core__aarch32__cortex_m__cmse.a(arm_core_cmse.c.obj)
                0x00018102                arm_cmse_mpu_region_get
 .text.arm_cmse_addr_is_secure
                0x00018114        0xa zephyr/arch/arch/arm/core/aarch32/cortex_m/cmse/libarch__arm__core__aarch32__cortex_m__cmse.a(arm_core_cmse.c.obj)
                0x00018114                arm_cmse_addr_is_secure
 .text.strlen   0x0001811e        0xe zephyr/lib/libc/minimal/liblib__libc__minimal.a(string.c.obj)
                0x0001811e                strlen
 .text.strnlen  0x0001812c       0x12 zephyr/lib/libc/minimal/liblib__libc__minimal.a(string.c.obj)
                0x0001812c                strnlen
 .text.memcmp   0x0001813e       0x20 zephyr/lib/libc/minimal/liblib__libc__minimal.a(string.c.obj)
                0x0001813e                memcmp
 .text.memmove  0x0001815e       0x2e zephyr/lib/libc/minimal/liblib__libc__minimal.a(string.c.obj)
                0x0001815e                memmove
 .text.memcpy   0x0001818c       0x16 zephyr/lib/libc/minimal/liblib__libc__minimal.a(string.c.obj)
                0x0001818c                memcpy
 .text.memset   0x000181a2       0x12 zephyr/lib/libc/minimal/liblib__libc__minimal.a(string.c.obj)
                0x000181a2                memset
 .text._stdout_hook_default
                0x000181b4        0x6 zephyr/lib/libc/minimal/liblib__libc__minimal.a(stdout_console.c.obj)
 .text.set_starting_state
                0x000181ba       0x3c zephyr/drivers/clock_control/libdrivers__clock_control.a(clock_control_nrf.c.obj)
 .text.set_on_state
                0x000181f6       0x26 zephyr/drivers/clock_control/libdrivers__clock_control.a(clock_control_nrf.c.obj)
 .text.onoff_started_callback
                0x0001821c        0xc zephyr/drivers/clock_control/libdrivers__clock_control.a(clock_control_nrf.c.obj)
 .text.lfclk_start
                0x00018228        0x6 zephyr/drivers/clock_control/libdrivers__clock_control.a(clock_control_nrf.c.obj)
 .text.lfclk_stop
                0x0001822e        0x6 zephyr/drivers/clock_control/libdrivers__clock_control.a(clock_control_nrf.c.obj)
 .text.api_stop
                0x00018234        0x6 zephyr/drivers/clock_control/libdrivers__clock_control.a(clock_control_nrf.c.obj)
 .text.blocking_start_callback
                0x0001823a        0x6 zephyr/drivers/clock_control/libdrivers__clock_control.a(clock_control_nrf.c.obj)
 .text.api_start
                0x00018240       0x34 zephyr/drivers/clock_control/libdrivers__clock_control.a(clock_control_nrf.c.obj)
 .text.uarte_nrfx_isr_int
                0x00018274       0x74 zephyr/drivers/serial/libdrivers__serial.a(uart_nrfx_uarte.c.obj)
 .text.uarte_nrfx_config_get
                0x000182e8       0x10 zephyr/drivers/serial/libdrivers__serial.a(uart_nrfx_uarte.c.obj)
 .text.uarte_nrfx_err_check
                0x000182f8        0xe zephyr/drivers/serial/libdrivers__serial.a(uart_nrfx_uarte.c.obj)
 .text.is_tx_ready
                0x00018306       0x20 zephyr/drivers/serial/libdrivers__serial.a(uart_nrfx_uarte.c.obj)
 .text.uarte_nrfx_poll_in
                0x00018326       0x26 zephyr/drivers/serial/libdrivers__serial.a(uart_nrfx_uarte.c.obj)
 .text.uarte_instance_init.isra.0
                0x0001834c      0x13c zephyr/drivers/serial/libdrivers__serial.a(uart_nrfx_uarte.c.obj)
 .text.uarte_0_init
                0x00018488       0x1e zephyr/drivers/serial/libdrivers__serial.a(uart_nrfx_uarte.c.obj)
 .text.uarte_1_init
                0x000184a6       0x1e zephyr/drivers/serial/libdrivers__serial.a(uart_nrfx_uarte.c.obj)
 .text.entropy_cc3xx_rng_init
                0x000184c4       0x16 zephyr/drivers/entropy/libdrivers__entropy.a(entropy_cc310.c.obj)
 .text.hw_cc3xx_init_internal
                0x000184da        0x4 modules/nrf/drivers/hw_cc310/lib..__nrf__drivers__hw_cc310.a(hw_cc310.c.obj)
 .text.hw_cc3xx_init
                0x000184de       0x12 modules/nrf/drivers/hw_cc310/lib..__nrf__drivers__hw_cc310.a(hw_cc310.c.obj)
 .text.nrfx_isr
                0x000184f0        0x2 modules/hal_nordic/nrfx/libmodules__hal_nordic__nrfx.a(nrfx_glue.c.obj)
                0x000184f0                nrfx_isr
 .text.nrfx_busy_wait
                0x000184f2        0x4 modules/hal_nordic/nrfx/libmodules__hal_nordic__nrfx.a(nrfx_glue.c.obj)
                0x000184f2                nrfx_busy_wait
 .text.z_device_state_init
                0x000184f6        0x2 zephyr/kernel/libkernel.a(device.c.obj)
                0x000184f6                z_device_state_init
 .text.z_device_ready
                0x000184f8       0x14 zephyr/kernel/libkernel.a(device.c.obj)
                0x000184f8                z_device_ready
 .text.k_mem_slab_init
                0x0001850c       0x38 zephyr/kernel/libkernel.a(mem_slab.c.obj)
                0x0001850c                k_mem_slab_init
 .text.k_is_in_isr
                0x00018544        0xc zephyr/kernel/libkernel.a(thread.c.obj)
                0x00018544                k_is_in_isr
 .text.k_thread_name_get
                0x00018550        0x4 zephyr/kernel/libkernel.a(thread.c.obj)
                0x00018550                k_thread_name_get
 .text.z_pm_save_idle_exit
                0x00018554        0xe zephyr/kernel/libkernel.a(idle.c.obj)
                0x00018554                z_pm_save_idle_exit
 .text.z_impl_k_mutex_init
                0x00018562        0xe zephyr/kernel/libkernel.a(mutex.c.obj)
                0x00018562                z_impl_k_mutex_init
 .text.z_reschedule_irqlock
                0x00018570       0x18 zephyr/kernel/libkernel.a(sched.c.obj)
                0x00018570                z_reschedule_irqlock
 .text.z_reschedule_unlocked
                0x00018588       0x14 zephyr/kernel/libkernel.a(sched.c.obj)
 .text.z_priq_dumb_best
                0x0001859c       0x14 zephyr/kernel/libkernel.a(sched.c.obj)
                0x0001859c                z_priq_dumb_best
 .text.sys_clock_tick_get_32
                0x000185b0        0x8 zephyr/kernel/libkernel.a(timeout.c.obj)
                0x000185b0                sys_clock_tick_get_32
 .text.z_impl_k_busy_wait
                0x000185b8        0x8 zephyr/kernel/libkernel.a(timeout.c.obj)
                0x000185b8                z_impl_k_busy_wait
 .text._OffsetAbsSyms
                0x000185c0        0x2 zephyr/CMakeFiles/offsets.dir/./arch/arm/core/offsets/offsets.c.obj
                0x000185c0                _OffsetAbsSyms
 *(SORT_BY_ALIGNMENT(.TEXT.*))
 *fill*         0x000185c2        0x2 
 .TEXT.z_arm_platform_init
                0x000185c4        0x4 zephyr/libzephyr.a(soc_nrf_common.S.obj)
                0x000185c4                z_arm_platform_init
 *(SORT_BY_ALIGNMENT(.gnu.linkonce.t.*))
 *(SORT_BY_ALIGNMENT(.glue_7t))
 .glue_7t       0x000185c8        0x0 linker stubs
 *(SORT_BY_ALIGNMENT(.glue_7))
 .glue_7        0x000185c8        0x0 linker stubs
 *(SORT_BY_ALIGNMENT(.vfp11_veneer))
 .vfp11_veneer  0x000185c8        0x0 linker stubs
 *(SORT_BY_ALIGNMENT(.v4_bx))
 .v4_bx         0x000185c8        0x0 linker stubs
                0x000185c8                __text_region_end = .

.ARM.exidx      0x000185c8        0x8
                0x000185c8                __exidx_start = .
 *(SORT_BY_ALIGNMENT(.ARM.exidx*) SORT_BY_ALIGNMENT(gnu.linkonce.armexidx.*))
 .ARM.exidx     0x000185c8        0x8 c:/ncs/v1.9.1/toolchain/opt/bin/../lib/gcc/arm-none-eabi/9.2.1/thumb/v8-m.main/nofp\libgcc.a(_udivmoddi4.o)
                0x000185d0                __exidx_end = .
                0x000185d0                __rodata_region_start = .

initlevel       0x000185d0       0x58
                0x000185d0                __init_start = .
                0x000185d0                __init_PRE_KERNEL_1_start = .
 *(SORT_BY_NAME(SORT_BY_ALIGNMENT(.z_init_PRE_KERNEL_1[0-9]_*)))
 .z_init_PRE_KERNEL_10_
                0x000185d0        0x8 zephyr/libzephyr.a(soc.c.obj)
 *(SORT_BY_NAME(SORT_BY_ALIGNMENT(.z_init_PRE_KERNEL_1[1-9][0-9]_*)))
 .z_init_PRE_KERNEL_130_
                0x000185d8        0x8 zephyr/drivers/clock_control/libdrivers__clock_control.a(clock_control_nrf.c.obj)
 .z_init_PRE_KERNEL_130_
                0x000185e0        0x8 zephyr/kernel/libkernel.a(mem_slab.c.obj)
 .z_init_PRE_KERNEL_140_
                0x000185e8        0x8 modules/nrf/drivers/hw_cc310/lib..__nrf__drivers__hw_cc310.a(hw_cc310.c.obj)
 .z_init_PRE_KERNEL_150_
                0x000185f0        0x8 zephyr/drivers/entropy/libdrivers__entropy.a(entropy_cc310.c.obj)
 .z_init_PRE_KERNEL_155_
                0x000185f8       0x10 zephyr/drivers/serial/libdrivers__serial.a(uart_nrfx_uarte.c.obj)
 .z_init_PRE_KERNEL_160_
                0x00018608        0x8 zephyr/drivers/console/libdrivers__console.a(uart_console.c.obj)
                0x00018610                __init_PRE_KERNEL_2_start = .
 *(SORT_BY_NAME(SORT_BY_ALIGNMENT(.z_init_PRE_KERNEL_2[0-9]_*)))
 .z_init_PRE_KERNEL_20_
                0x00018610        0x8 zephyr/drivers/timer/libdrivers__timer.a(cortex_m_systick.c.obj)
 *(SORT_BY_NAME(SORT_BY_ALIGNMENT(.z_init_PRE_KERNEL_2[1-9][0-9]_*)))
                0x00018618                __init_POST_KERNEL_start = .
 *(SORT_BY_NAME(SORT_BY_ALIGNMENT(.z_init_POST_KERNEL[0-9]_*)))
 *(SORT_BY_NAME(SORT_BY_ALIGNMENT(.z_init_POST_KERNEL[1-9][0-9]_*)))
 .z_init_POST_KERNEL40_
                0x00018618        0x8 modules/nrf/drivers/hw_cc310/lib..__nrf__drivers__hw_cc310.a(hw_cc310.c.obj)
 .z_init_POST_KERNEL90_
                0x00018620        0x8 modules/nrf/subsys/fw_info/lib..__nrf__subsys__fw_info.a(fw_info.c.obj)
                0x00018628                __init_APPLICATION_start = .
 *(SORT_BY_NAME(SORT_BY_ALIGNMENT(.z_init_APPLICATION[0-9]_*)))
 *(SORT_BY_NAME(SORT_BY_ALIGNMENT(.z_init_APPLICATION[1-9][0-9]_*)))
                0x00018628                __init_SMP_start = .
 *(SORT_BY_NAME(SORT_BY_ALIGNMENT(.z_init_SMP[0-9]_*)))
 *(SORT_BY_NAME(SORT_BY_ALIGNMENT(.z_init_SMP[1-9][0-9]_*)))
                0x00018628                __init_end = .

devices         0x00018628       0x60
                0x00018628                __device_start = .
                0x00018628                __device_PRE_KERNEL_1_start = .
 *(SORT_BY_NAME(SORT_BY_ALIGNMENT(.z_device_PRE_KERNEL_1[0-9]_*)))
 *(SORT_BY_NAME(SORT_BY_ALIGNMENT(.z_device_PRE_KERNEL_1[1-9][0-9]_*)))
 .z_device_PRE_KERNEL_130_
                0x00018628       0x18 zephyr/drivers/clock_control/libdrivers__clock_control.a(clock_control_nrf.c.obj)
                0x00018628                __device_dts_ord_41
 .z_device_PRE_KERNEL_150_
                0x00018640       0x18 zephyr/drivers/entropy/libdrivers__entropy.a(entropy_cc310.c.obj)
                0x00018640                __device_dts_ord_38
 .z_device_PRE_KERNEL_155_
                0x00018658       0x30 zephyr/drivers/serial/libdrivers__serial.a(uart_nrfx_uarte.c.obj)
                0x00018658                __device_dts_ord_71
                0x00018670                __device_dts_ord_70
                0x00018688                __device_PRE_KERNEL_2_start = .
 *(SORT_BY_NAME(SORT_BY_ALIGNMENT(.z_device_PRE_KERNEL_2[0-9]_*)))
 *(SORT_BY_NAME(SORT_BY_ALIGNMENT(.z_device_PRE_KERNEL_2[1-9][0-9]_*)))
                0x00018688                __device_POST_KERNEL_start = .
 *(SORT_BY_NAME(SORT_BY_ALIGNMENT(.z_device_POST_KERNEL[0-9]_*)))
 *(SORT_BY_NAME(SORT_BY_ALIGNMENT(.z_device_POST_KERNEL[1-9][0-9]_*)))
                0x00018688                __device_APPLICATION_start = .
 *(SORT_BY_NAME(SORT_BY_ALIGNMENT(.z_device_APPLICATION[0-9]_*)))
 *(SORT_BY_NAME(SORT_BY_ALIGNMENT(.z_device_APPLICATION[1-9][0-9]_*)))
                0x00018688                __device_SMP_start = .
 *(SORT_BY_NAME(SORT_BY_ALIGNMENT(.z_device_SMP[0-9]_*)))
 *(SORT_BY_NAME(SORT_BY_ALIGNMENT(.z_device_SMP[1-9][0-9]_*)))
                0x00018688                __device_end = .

sw_isr_table    0x00018688      0x208
                0x00018688                . = ALIGN (0x0)
 *(SORT_BY_ALIGNMENT(.gnu.linkonce.sw_isr_table*))
 .gnu.linkonce.sw_isr_table
                0x00018688      0x208 zephyr/arch/common/libisr_tables.a(isr_tables.c.obj)
                0x00018688                _sw_isr_table

initlevel_error
                0x000185d0        0x0
 *(SORT_BY_NAME(SORT_BY_ALIGNMENT(.z_init_[_A-Z0-9]*)))
                0x00000001                ASSERT ((SIZEOF (initlevel_error) == 0x0), Undefined initialization levels used.)

app_shmem_regions
                0x00018890        0x0
                0x00018890                __app_shmem_regions_start = .
 *(SORT_BY_NAME(SORT_BY_ALIGNMENT(.app_regions.*)))
                0x00018890                __app_shmem_regions_end = .

bt_l2cap_fixed_chan_area
                0x00018890        0x0
                0x00018890                _bt_l2cap_fixed_chan_list_start = .
 *(SORT_BY_NAME(SORT_BY_ALIGNMENT(._bt_l2cap_fixed_chan.static.*)))
                0x00018890                _bt_l2cap_fixed_chan_list_end = .

bt_gatt_service_static_area
                0x00018890        0x0
                0x00018890                _bt_gatt_service_static_list_start = .
 *(SORT_BY_NAME(SORT_BY_ALIGNMENT(._bt_gatt_service_static.static.*)))
                0x00018890                _bt_gatt_service_static_list_end = .

k_p4wq_initparam_area
                0x00018890        0x0
                0x00018890                _k_p4wq_initparam_list_start = .
 *(SORT_BY_NAME(SORT_BY_ALIGNMENT(._k_p4wq_initparam.static.*)))
                0x00018890                _k_p4wq_initparam_list_end = .

log_strings_sections
                0x00018890        0x0
                0x00018890                __log_strings_start = .
 *(SORT_BY_NAME(SORT_BY_ALIGNMENT(.log_strings*)))
                0x00018890                __log_strings_end = .

log_const_sections
                0x00018890       0x38
                0x00018890                __log_const_start = .
 *(SORT_BY_NAME(SORT_BY_ALIGNMENT(.log_const_*)))
 .log_const_clock_control
                0x00018890        0x8 zephyr/drivers/clock_control/libdrivers__clock_control.a(clock_control_nrf.c.obj)
                0x00018890                log_const_clock_control
 .log_const_fatal_error
                0x00018898        0x8 modules/nrf/lib/fatal_error/lib..__nrf__lib__fatal_error.a(fatal_error.c.obj)
                0x00018898                log_const_fatal_error
 .log_const_mpu
                0x000188a0        0x8 zephyr/arch/arch/arm/core/aarch32/mpu/libarch__arm__core__aarch32__mpu.a(arm_core_mpu.c.obj)
                0x000188a0                log_const_mpu
 .log_const_os  0x000188a8        0x8 zephyr/kernel/libkernel.a(init.c.obj)
                0x000188a8                log_const_os
 .log_const_pm  0x000188b0        0x8 zephyr/libzephyr.a(pm.c.obj)
                0x000188b0                log_const_pm
 .log_const_soc
                0x000188b8        0x8 zephyr/libzephyr.a(soc.c.obj)
                0x000188b8                log_const_soc
 .log_const_uart_nrfx_uarte
                0x000188c0        0x8 zephyr/drivers/serial/libdrivers__serial.a(uart_nrfx_uarte.c.obj)
                0x000188c0                log_const_uart_nrfx_uarte
                0x000188c8                __log_const_end = .

log_backends_sections
                0x000188c8        0x0
                0x000188c8                __log_backends_start = .
 *(SORT_BY_ALIGNMENT(._log_backend.*))
                0x000188c8                __log_backends_end = .

shell_area      0x000188c8        0x0
                0x000188c8                _shell_list_start = .
 *(SORT_BY_NAME(SORT_BY_ALIGNMENT(._shell.static.*)))
                0x000188c8                _shell_list_end = .

shell_root_cmds_sections
                0x000188c8        0x0
                0x000188c8                __shell_root_cmds_start = .
 *(SORT_BY_NAME(SORT_BY_ALIGNMENT(.shell_root_cmd_*)))
                0x000188c8                __shell_root_cmds_end = .

font_entry_sections
                0x000188c8        0x0
                0x000188c8                __font_entry_start = .
 *(SORT_BY_NAME(SORT_BY_ALIGNMENT(._cfb_font.*)))
                0x000188c8                __font_entry_end = .

tracing_backend_area
                0x000188c8        0x0
                0x000188c8                _tracing_backend_list_start = .
 *(SORT_BY_NAME(SORT_BY_ALIGNMENT(._tracing_backend.static.*)))
                0x000188c8                _tracing_backend_list_end = .

zephyr_dbg_info
 *(SORT_BY_ALIGNMENT(.dbg_thread_info))

device_handles  0x000188c8       0x28
                0x000188c8                __device_handles_start = .
 *(SORT_BY_NAME(SORT_BY_ALIGNMENT(.__device_handles_pass1*)))
 .__device_handles_pass1
                0x000188c8        0xa zephyr/drivers/clock_control/libdrivers__clock_control.a(clock_control_nrf.c.obj)
                0x000188c8                __devicehdl_DT_N_S_soc_S_peripheral_50000000_S_clock_5000
 .__device_handles_pass1
                0x000188d2       0x14 zephyr/drivers/serial/libdrivers__serial.a(uart_nrfx_uarte.c.obj)
                0x000188d2                __devicehdl_DT_N_S_soc_S_peripheral_50000000_S_uart_9000
                0x000188dc                __devicehdl_DT_N_S_soc_S_peripheral_50000000_S_uart_8000
 .__device_handles_pass1
                0x000188e6        0xa zephyr/drivers/entropy/libdrivers__entropy.a(entropy_cc310.c.obj)
                0x000188e6                __devicehdl_DT_N_S_soc_S_crypto_50840000
                0x000188f0                __device_handles_end = .

rodata          0x000188f0     0x12dc
 *(SORT_BY_ALIGNMENT(.rodata))
 .rodata        0x000188f0        0xc zephyr/libzephyr.a(secure_services.c.obj)
 .rodata        0x000188fc       0x18 modules/nrf/subsys/fw_info/lib..__nrf__subsys__fw_info.a(fw_info.c.obj)
 *(SORT_BY_ALIGNMENT(.rodata.*))
 *fill*         0x00018914        0xc 
 .rodata.delay_machine_code.8987
                0x00018920        0x6 zephyr/libzephyr.a(soc.c.obj)
 *fill*         0x00018926        0x2 
 .rodata.periph.12021
                0x00018928      0x100 zephyr/libzephyr.a(spm.c.obj)
 .rodata.fw_info_allowed_offsets
                0x00018a28       0x14 zephyr/libzephyr.a(secure_services.c.obj)
 .rodata.apis   0x00018a3c        0x8 zephyr/libzephyr.a(nrf_cc3xx_platform_abort_zephyr.c.obj)
 .rodata.mutex_apis
                0x00018a44       0x10 zephyr/libzephyr.a(nrf_cc3xx_platform_mutex_zephyr.c.obj)
 .rodata.mutexes
                0x00018a54       0x14 zephyr/libzephyr.a(nrf_cc3xx_platform_mutex_zephyr.c.obj)
 .rodata.static_regions
                0x00018a68        0xc zephyr/arch/arch/arm/core/aarch32/mpu/libarch__arm__core__aarch32__mpu.a(arm_core_mpu.c.obj)
 .rodata.mpu_config
                0x00018a74        0x8 zephyr/soc/arm/common/cortex_m/libsoc__arm__common__cortex_m.a(arm_mpu_regions.c.obj)
                0x00018a74                mpu_config
 .rodata.mpu_regions
                0x00018a7c       0x20 zephyr/soc/arm/common/cortex_m/libsoc__arm__common__cortex_m.a(arm_mpu_regions.c.obj)
 .rodata.clock_control_api
                0x00018a9c       0x18 zephyr/drivers/clock_control/libdrivers__clock_control.a(clock_control_nrf.c.obj)
 .rodata.config
                0x00018ab4       0x18 zephyr/drivers/clock_control/libdrivers__clock_control.a(clock_control_nrf.c.obj)
 .rodata.transitions.11187
                0x00018acc        0xc zephyr/drivers/clock_control/libdrivers__clock_control.a(clock_control_nrf.c.obj)
 .rodata.uart_nrfx_uarte_driver_api
                0x00018ad8       0x14 zephyr/drivers/serial/libdrivers__serial.a(uart_nrfx_uarte.c.obj)
 .rodata.uarte_0z_config
                0x00018aec       0x20 zephyr/drivers/serial/libdrivers__serial.a(uart_nrfx_uarte.c.obj)
 .rodata.uarte_1z_config
                0x00018b0c       0x20 zephyr/drivers/serial/libdrivers__serial.a(uart_nrfx_uarte.c.obj)
 .rodata.entropy_cc3xx_rng_api
                0x00018b2c        0x8 zephyr/drivers/entropy/libdrivers__entropy.a(entropy_cc310.c.obj)
 .rodata.levels.9343
                0x00018b34       0x14 zephyr/kernel/libkernel.a(device.c.obj)
 .rodata._k_neg_eagain
                0x00018b48        0x4 zephyr/kernel/libkernel.a(errno.c.obj)
                0x00018b48                _k_neg_eagain
 .rodata.CSWTCH.273
                0x00018b4c       0x14 zephyr/kernel/libkernel.a(fatal.c.obj)
 .rodata.CSWTCH.8
                0x00018b60       0x1c C:/ncs/v1.9.1/nrfxlib/crypto/nrf_cc310_platform/lib/cortex-m33/soft-float/no-interrupts/libnrf_cc310_platform_0.9.13.a(nrf_cc3xx_platform.c.obj)
 .rodata.mutex_free.str1.4
                0x00018b7c       0x26 C:/ncs/v1.9.1/nrfxlib/crypto/nrf_cc310_platform/lib/cortex-m33/soft-float/no-interrupts/libnrf_cc310_platform_0.9.13.a(nrf_cc3xx_platform_mutex.c.obj)
 *fill*         0x00018ba2        0x2 
 .rodata.mutex_init.str1.4
                0x00018ba4       0x23 C:/ncs/v1.9.1/nrfxlib/crypto/nrf_cc310_platform/lib/cortex-m33/soft-float/no-interrupts/libnrf_cc310_platform_0.9.13.a(nrf_cc3xx_platform_mutex.c.obj)
 *fill*         0x00018bc7        0x1 
 .rodata.RndStartupTest.constprop.0.str1.4
                0x00018bc8       0x6f C:/ncs/v1.9.1/nrfxlib/crypto/nrf_cc310_platform/lib/cortex-m33/soft-float/no-interrupts/libnrf_cc310_platform_0.9.13.a(cc_lib.c.obj)
 *fill*         0x00018c37        0x1 
 .rodata.CC_PalPowerSaveModeInit.str1.4
                0x00018c38       0x20 C:/ncs/v1.9.1/nrfxlib/crypto/nrf_cc310_platform/lib/cortex-m33/soft-float/no-interrupts/libnrf_cc310_platform_0.9.13.a(cc_pal_pm.c.obj)
 .rodata.mbedtls_hardware_poll.str1.4
                0x00018c58       0x16 C:/ncs/v1.9.1/nrfxlib/crypto/nrf_cc310_platform/lib/cortex-m33/soft-float/no-interrupts/libnrf_cc310_platform_0.9.13.a(trng_api.c.obj)
                                 0x6e (size before relaxing)
 *fill*         0x00018c6e        0x2 
 .rodata.cc_mbedtls_aes_init.str1.4
                0x00018c70       0x13 C:/ncs/v1.9.1/nrfxlib/crypto/nrf_cc310_platform/lib/cortex-m33/soft-float/no-interrupts/libnrf_cc310_platform_0.9.13.a(aes_alt.c.obj)
 *fill*         0x00018c83        0x1 
 .rodata.cc_mbedtls_sha256_init.str1.4
                0x00018c84        0xe C:/ncs/v1.9.1/nrfxlib/crypto/nrf_cc310_platform/lib/cortex-m33/soft-float/no-interrupts/libnrf_cc310_platform_0.9.13.a(sha256_alt.c.obj)
 .rodata.ProcessHashDrv.str1.4
                0x00018c92       0x6f C:/ncs/v1.9.1/nrfxlib/crypto/nrf_cc310_platform/lib/cortex-m33/soft-float/no-interrupts/libnrf_cc310_platform_0.9.13.a(hash_driver.c.obj)
 *fill*         0x00018c92        0x2 
 .rodata.HASH_LARVAL_SHA1
                0x00018c94       0x14 C:/ncs/v1.9.1/nrfxlib/crypto/nrf_cc310_platform/lib/cortex-m33/soft-float/no-interrupts/libnrf_cc310_platform_0.9.13.a(hash_driver.c.obj)
 .rodata.HASH_LARVAL_SHA224
                0x00018ca8       0x20 C:/ncs/v1.9.1/nrfxlib/crypto/nrf_cc310_platform/lib/cortex-m33/soft-float/no-interrupts/libnrf_cc310_platform_0.9.13.a(hash_driver.c.obj)
 .rodata.HASH_LARVAL_SHA256
                0x00018cc8       0x20 C:/ncs/v1.9.1/nrfxlib/crypto/nrf_cc310_platform/lib/cortex-m33/soft-float/no-interrupts/libnrf_cc310_platform_0.9.13.a(hash_driver.c.obj)
 .rodata.ProcessAesDrv.str1.4
                0x00018ce8       0x6f C:/ncs/v1.9.1/nrfxlib/crypto/nrf_cc310_platform/lib/cortex-m33/soft-float/no-interrupts/libnrf_cc310_platform_0.9.13.a(aes_driver.c.obj)
 .rodata.cbvprintf.str1.1
                0x00018ce8        0x6 zephyr/libzephyr.a(cbprintf_complete.c.obj)
 .rodata.sys_reboot.str1.1
                0x00018cee       0x29 zephyr/libzephyr.a(reboot.c.obj)
 .rodata.str1.1
                0x00018d17        0x4 zephyr/libzephyr.a(soc.c.obj)
 .rodata.pm_state_notify.str1.1
                0x00018d1b       0x3e zephyr/libzephyr.a(pm.c.obj)
 .rodata.str1.1
                0x00018d59        0x3 zephyr/libzephyr.a(pm.c.obj)
 .rodata.config_regions.str1.1
                0x00018d5c       0x32 zephyr/libzephyr.a(spm.c.obj)
                                 0x37 (size before relaxing)
 .rodata.spm_jump.str1.1
                0x00018d8e       0x75 zephyr/libzephyr.a(spm.c.obj)
 .rodata.spm_config.str1.1
                0x00018e03      0x14f zephyr/libzephyr.a(spm.c.obj)
                                0x16f (size before relaxing)
 .rodata.str1.1
                0x00018f52      0x130 zephyr/libzephyr.a(spm.c.obj)
 .rodata.mutex_free_platform.str1.1
                0x00019082       0x26 zephyr/libzephyr.a(nrf_cc3xx_platform_mutex_zephyr.c.obj)
 .rodata.mutex_init_platform.str1.1
                0x000190a8       0x2d zephyr/libzephyr.a(nrf_cc3xx_platform_mutex_zephyr.c.obj)
 .rodata.z_arm_fatal_error.str1.1
                0x000190d5       0xaf zephyr/arch/arch/arm/core/aarch32/libarch__arm__core__aarch32.a(fatal.c.obj)
 .rodata.z_arm_irq_priority_set.str1.1
                0x00019184       0x36 zephyr/arch/arch/arm/core/aarch32/libarch__arm__core__aarch32.a(irq_manage.c.obj)
                                 0x4e (size before relaxing)
 .rodata.mem_manage_fault.isra.0.str1.1
                0x000191ba      0x135 zephyr/arch/arch/arm/core/aarch32/cortex_m/libarch__arm__core__aarch32__cortex_m.a(fault.c.obj)
                                0x14d (size before relaxing)
 .rodata.bus_fault.isra.0.str1.1
                0x000192ef       0xa6 zephyr/arch/arch/arm/core/aarch32/cortex_m/libarch__arm__core__aarch32__cortex_m.a(fault.c.obj)
 .rodata.usage_fault.isra.0.str1.1
                0x00019395      0x11f zephyr/arch/arch/arm/core/aarch32/cortex_m/libarch__arm__core__aarch32__cortex_m.a(fault.c.obj)
 .rodata.secure_fault.isra.0.str1.1
                0x000194b4      0x104 zephyr/arch/arch/arm/core/aarch32/cortex_m/libarch__arm__core__aarch32__cortex_m.a(fault.c.obj)
 .rodata.z_arm_fault.str1.1
                0x000195b8      0x12d zephyr/arch/arch/arm/core/aarch32/cortex_m/libarch__arm__core__aarch32__cortex_m.a(fault.c.obj)
 .rodata.str1.1
                0x000196e5        0x4 zephyr/arch/arch/arm/core/aarch32/mpu/libarch__arm__core__aarch32__mpu.a(arm_core_mpu.c.obj)
 .rodata.mpu_configure_region.str1.1
                0x000196e9       0x2b zephyr/arch/arch/arm/core/aarch32/mpu/libarch__arm__core__aarch32__mpu.a(arm_mpu.c.obj)
 .rodata.mpu_configure_regions_and_partition.constprop.0.str1.1
                0x00019714       0x50 zephyr/arch/arch/arm/core/aarch32/mpu/libarch__arm__core__aarch32__mpu.a(arm_mpu.c.obj)
 .rodata.arm_core_mpu_configure_static_mpu_regions.str1.1
                0x00019764       0x37 zephyr/arch/arch/arm/core/aarch32/mpu/libarch__arm__core__aarch32__mpu.a(arm_mpu.c.obj)
                                 0x4f (size before relaxing)
 .rodata.str1.1
                0x0001979b        0xf zephyr/soc/arm/common/cortex_m/libsoc__arm__common__cortex_m.a(arm_mpu_regions.c.obj)
 .rodata.get_status.str1.1
                0x000197aa       0x3d zephyr/drivers/clock_control/libdrivers__clock_control.a(clock_control_nrf.c.obj)
                                 0x55 (size before relaxing)
 .rodata.str1.1
                0x000197e7       0x1a zephyr/drivers/clock_control/libdrivers__clock_control.a(clock_control_nrf.c.obj)
                                 0x20 (size before relaxing)
 .rodata.nrf_gpio_pin_port_decode.str1.1
                0x00019801       0x33 zephyr/drivers/serial/libdrivers__serial.a(uart_nrfx_uarte.c.obj)
                                 0x4b (size before relaxing)
 .rodata.str1.1
                0x00019834       0x1e zephyr/drivers/serial/libdrivers__serial.a(uart_nrfx_uarte.c.obj)
 .rodata.entropy_cc3xx_rng_get_entropy.str1.1
                0x00019852       0x30 zephyr/drivers/entropy/libdrivers__entropy.a(entropy_cc310.c.obj)
                                 0x48 (size before relaxing)
 .rodata.str1.1
                0x00019882        0xb zephyr/drivers/entropy/libdrivers__entropy.a(entropy_cc310.c.obj)
 .rodata.sys_clock_set_timeout.str1.1
                0x0001988d       0x3e zephyr/drivers/timer/libdrivers__timer.a(cortex_m_systick.c.obj)
 .rodata.k_sys_fatal_error_handler.str1.1
                0x0001988d       0x16 modules/nrf/lib/fatal_error/lib..__nrf__lib__fatal_error.a(fatal_error.c.obj)
 .rodata.str1.1
                0x000198a3        0xc modules/nrf/lib/fatal_error/lib..__nrf__lib__fatal_error.a(fatal_error.c.obj)
 .rodata.check_ext_api_requests.str1.1
                0x000198af       0x5c modules/nrf/subsys/fw_info/lib..__nrf__subsys__fw_info.a(fw_info.c.obj)
 .rodata.nrf_clock_is_running.constprop.0.str1.1
                0x0001990b       0x34 modules/hal_nordic/nrfx/libmodules__hal_nordic__nrfx.a(nrfx_clock.c.obj)
                                 0x4c (size before relaxing)
 .rodata.nrfx_clock_init.str1.1
                0x0001993f       0x3d modules/hal_nordic/nrfx/libmodules__hal_nordic__nrfx.a(nrfx_clock.c.obj)
 .rodata.z_fatal_error.str1.1
                0x0001997c       0xa8 zephyr/kernel/libkernel.a(fatal.c.obj)
                                 0xc0 (size before relaxing)
 .rodata.str1.1
                0x00019a24       0x4a zephyr/kernel/libkernel.a(fatal.c.obj)
 .rodata.z_cstart.str1.1
                0x00019a6e        0x5 zephyr/kernel/libkernel.a(init.c.obj)
 .rodata.str1.1
                0x00019a73        0x3 zephyr/kernel/libkernel.a(init.c.obj)
 .rodata.init_mem_slab_module.str1.1
                0x00019a76       0x25 zephyr/kernel/libkernel.a(mem_slab.c.obj)
                                 0x3d (size before relaxing)
 .rodata.k_mem_slab_alloc.str1.1
                0x00019a9b       0x26 zephyr/kernel/libkernel.a(mem_slab.c.obj)
 .rodata.z_setup_new_thread.str1.1
                0x00019a9b       0x23 zephyr/kernel/libkernel.a(thread.c.obj)
                                 0x3b (size before relaxing)
 .rodata.idle.str1.1
                0x00019abe       0x21 zephyr/kernel/libkernel.a(idle.c.obj)
                                 0x39 (size before relaxing)
 .rodata.z_impl_k_mutex_lock.str1.1
                0x00019adf       0x22 zephyr/kernel/libkernel.a(mutex.c.obj)
                                 0x60 (size before relaxing)
 .rodata.z_impl_k_mutex_unlock.str1.1
                0x00019b01       0x2b zephyr/kernel/libkernel.a(mutex.c.obj)
 .rodata.z_impl_k_sem_give.str1.1
                0x00019b2c       0x3e zephyr/kernel/libkernel.a(sem.c.obj)
 .rodata.z_impl_k_sem_take.str1.1
                0x00019b2c       0x20 zephyr/kernel/libkernel.a(sem.c.obj)
 .rodata.k_sched_time_slice_set.str1.1
                0x00019b4c       0x3e zephyr/kernel/libkernel.a(sched.c.obj)
 .rodata.k_sched_lock.str1.1
                0x00019b4c       0x2b zephyr/kernel/libkernel.a(sched.c.obj)
 .rodata.z_priq_dumb_remove.str1.1
                0x00019b4c       0x22 zephyr/kernel/libkernel.a(sched.c.obj)
 .rodata.z_add_timeout.str1.1
                0x00019b6e       0x24 zephyr/kernel/libkernel.a(timeout.c.obj)
                                 0x62 (size before relaxing)
 .rodata.boot_banner.str1.1
                0x00019b92       0x36 zephyr/kernel/libkernel.a(banner.c.obj)
                                 0x37 (size before relaxing)
 *(SORT_BY_ALIGNMENT(.gnu.linkonce.r.*))
                0x00019bc8                . = ALIGN (0x4)
                0x00019bc8                _fw_info_images_start = .
 *(SORT_BY_ALIGNMENT(.fw_info_images))
 .fw_info_images
                0x00019bc8        0x4 modules/nrf/subsys/fw_info/lib..__nrf__subsys__fw_info.a(fw_info.c.obj)
                0x00019bc8                self_image
                0x00000001                _fw_info_images_size = ABSOLUTE (((. - _fw_info_images_start) / 0x4))
                0x00019bcc                _ext_apis_start = .
 *(SORT_BY_ALIGNMENT(.ext_apis))
                0x00000000                _ext_apis_size = ABSOLUTE ((. - _ext_apis_start))
                0x00019bcc                _ext_apis_req_start = .
 *(SORT_BY_ALIGNMENT(.ext_apis_req))
                0x00000000                _ext_apis_req_size = ABSOLUTE ((. - _ext_apis_req_start))
                0x00019bcc                . = ALIGN (0x4)
                0x00019bcc                __rodata_region_end = .
                0x00019be0                . = ALIGN (_region_min_align)
                0x00019be0                __rom_region_end = .
                0x20000000                . = 0x20000000
                0x20000000                . = ALIGN (_region_min_align)
                0x20000000                _image_ram_start = .

.ramfunc        0x20000000        0x0 load address 0x00019bcc
                0x20000000                . = ALIGN (_region_min_align)
                0x20000000                __ramfunc_start = .
 *(SORT_BY_ALIGNMENT(.ramfunc))
 *(SORT_BY_ALIGNMENT(.ramfunc.*))
                0x20000000                . = ALIGN (_region_min_align)
                0x20000000                __ramfunc_end = .
                0x00000000                __ramfunc_size = (__ramfunc_end - __ramfunc_start)
                0x00019bcc                __ramfunc_load_start = LOADADDR (.ramfunc)

datas           0x20000000       0xcc load address 0x00019bcc
                0x20000000                __data_region_start = .
                0x20000000                __data_start = .
 *(SORT_BY_ALIGNMENT(.data))
 *(SORT_BY_ALIGNMENT(.data.*))
 .data._char_out
                0x20000000        0x4 zephyr/libzephyr.a(printk.c.obj)
                0x20000000                _char_out
 .data.asym_mutex
                0x20000004        0x8 zephyr/libzephyr.a(nrf_cc3xx_platform_mutex_zephyr.c.obj)
 .data.power_mutex
                0x2000000c        0x8 zephyr/libzephyr.a(nrf_cc3xx_platform_mutex_zephyr.c.obj)
 .data.rng_mutex
                0x20000014        0x8 zephyr/libzephyr.a(nrf_cc3xx_platform_mutex_zephyr.c.obj)
 .data.sym_mutex
                0x2000001c        0x8 zephyr/libzephyr.a(nrf_cc3xx_platform_mutex_zephyr.c.obj)
 .data._stdout_hook
                0x20000024        0x4 zephyr/lib/libc/minimal/liblib__libc__minimal.a(stdout_console.c.obj)
 .data.uarte_0_data
                0x20000028       0x14 zephyr/drivers/serial/libdrivers__serial.a(uart_nrfx_uarte.c.obj)
 .data.uarte_1_data
                0x2000003c       0x14 zephyr/drivers/serial/libdrivers__serial.a(uart_nrfx_uarte.c.obj)
 .data.SystemCoreClock
                0x20000050        0x4 modules/hal_nordic/nrfx/libmodules__hal_nordic__nrfx.a(system_nrf9160.c.obj)
                0x20000050                SystemCoreClock
 .data.timeout_list
                0x20000054        0x8 zephyr/kernel/libkernel.a(timeout.c.obj)
 .data.platform_abort_apis
                0x2000005c        0x8 C:/ncs/v1.9.1/nrfxlib/crypto/nrf_cc310_platform/lib/cortex-m33/soft-float/no-interrupts/libnrf_cc310_platform_0.9.13.a(nrf_cc3xx_platform_abort.c.obj)
                0x2000005c                platform_abort_apis
 .data.asym_mutex
                0x20000064        0x8 C:/ncs/v1.9.1/nrfxlib/crypto/nrf_cc310_platform/lib/cortex-m33/soft-float/no-interrupts/libnrf_cc310_platform_0.9.13.a(nrf_cc3xx_platform_mutex.c.obj)
 .data.platform_mutex_apis
                0x2000006c       0x10 C:/ncs/v1.9.1/nrfxlib/crypto/nrf_cc310_platform/lib/cortex-m33/soft-float/no-interrupts/libnrf_cc310_platform_0.9.13.a(nrf_cc3xx_platform_mutex.c.obj)
                0x2000006c                platform_mutex_apis
 .data.platform_mutexes
                0x2000007c       0x14 C:/ncs/v1.9.1/nrfxlib/crypto/nrf_cc310_platform/lib/cortex-m33/soft-float/no-interrupts/libnrf_cc310_platform_0.9.13.a(nrf_cc3xx_platform_mutex.c.obj)
                0x2000007c                platform_mutexes
 .data.power_mutex
                0x20000090        0x8 C:/ncs/v1.9.1/nrfxlib/crypto/nrf_cc310_platform/lib/cortex-m33/soft-float/no-interrupts/libnrf_cc310_platform_0.9.13.a(nrf_cc3xx_platform_mutex.c.obj)
 .data.rng_mutex
                0x20000098        0x8 C:/ncs/v1.9.1/nrfxlib/crypto/nrf_cc310_platform/lib/cortex-m33/soft-float/no-interrupts/libnrf_cc310_platform_0.9.13.a(nrf_cc3xx_platform_mutex.c.obj)
 .data.sym_mutex
                0x200000a0        0x8 C:/ncs/v1.9.1/nrfxlib/crypto/nrf_cc310_platform/lib/cortex-m33/soft-float/no-interrupts/libnrf_cc310_platform_0.9.13.a(nrf_cc3xx_platform_mutex.c.obj)
 .data.invalid_aes_256_bit_key
                0x200000a8        0x4 C:/ncs/v1.9.1/nrfxlib/crypto/nrf_cc310_platform/lib/cortex-m33/soft-float/no-interrupts/libnrf_cc310_platform_0.9.13.a(cc_lib.c.obj)
                0x200000a8                invalid_aes_256_bit_key
 .data.CCAsymCryptoMutex
                0x200000ac        0x4 C:/ncs/v1.9.1/nrfxlib/crypto/nrf_cc310_platform/lib/cortex-m33/soft-float/no-interrupts/libnrf_cc310_platform_0.9.13.a(cc_pal.c.obj)
                0x200000ac                CCAsymCryptoMutex
 .data.CCPowerMutex
                0x200000b0        0x4 C:/ncs/v1.9.1/nrfxlib/crypto/nrf_cc310_platform/lib/cortex-m33/soft-float/no-interrupts/libnrf_cc310_platform_0.9.13.a(cc_pal.c.obj)
                0x200000b0                CCPowerMutex
 .data.CCRndCryptoMutex
                0x200000b4        0x4 C:/ncs/v1.9.1/nrfxlib/crypto/nrf_cc310_platform/lib/cortex-m33/soft-float/no-interrupts/libnrf_cc310_platform_0.9.13.a(cc_pal.c.obj)
                0x200000b4                CCRndCryptoMutex
 .data.CCSymCryptoMutex
                0x200000b8        0x4 C:/ncs/v1.9.1/nrfxlib/crypto/nrf_cc310_platform/lib/cortex-m33/soft-float/no-interrupts/libnrf_cc310_platform_0.9.13.a(cc_pal.c.obj)
                0x200000b8                CCSymCryptoMutex
 .data.pCCRndCryptoMutex